<?xml version="1.0"?>
<link_info>
   <banner>MSP430 Linker PC v4.4.6</banner>
   <copyright>Copyright (c) 2003-2015 Texas Instruments Incorporated</copyright>
   <link_time>0x5834c159</link_time>
   <link_errors>0x0</link_errors>
   <output_file>Copy of test.out</output_file>
   <entry_point>
      <name>_c_int00_noargs</name>
      <address>0xd1a0</address>
   </entry_point>
   <input_file_list>
      <input_file id="fl-2">
         <path>.\</path>
         <kind>object</kind>
         <file>DCOAdjust.obj</file>
         <name>DCOAdjust.obj</name>
      </input_file>
      <input_file id="fl-3">
         <path>.\</path>
         <kind>object</kind>
         <file>ICRF.obj</file>
         <name>ICRF.obj</name>
      </input_file>
      <input_file id="fl-4">
         <path>.\</path>
         <kind>object</kind>
         <file>RF_Toggle_LED_Demo.obj</file>
         <name>RF_Toggle_LED_Demo.obj</name>
      </input_file>
      <input_file id="fl-5">
         <path>.\HAL\</path>
         <kind>object</kind>
         <file>HAL_PMM.obj</file>
         <name>HAL_PMM.obj</name>
      </input_file>
      <input_file id="fl-6">
         <path>.\HAL\</path>
         <kind>object</kind>
         <file>RF1A.obj</file>
         <name>RF1A.obj</name>
      </input_file>
      <input_file id="fl-7">
         <path>.\HAL\</path>
         <kind>object</kind>
         <file>RfRegSettings.obj</file>
         <name>RfRegSettings.obj</name>
      </input_file>
      <input_file id="fl-37">
         <path>C:\ti\ccsv6\tools\compiler\ti-cgt-msp430_4.4.6\lib\</path>
         <kind>archive</kind>
         <file>rts430x_lc_sd_eabi.lib</file>
         <name>boot.obj</name>
      </input_file>
      <input_file id="fl-38">
         <path>C:\ti\ccsv6\tools\compiler\ti-cgt-msp430_4.4.6\lib\</path>
         <kind>archive</kind>
         <file>rts430x_lc_sd_eabi.lib</file>
         <name>boot_special.obj</name>
      </input_file>
      <input_file id="fl-39">
         <path>C:\ti\ccsv6\tools\compiler\ti-cgt-msp430_4.4.6\lib\</path>
         <kind>archive</kind>
         <file>rts430x_lc_sd_eabi.lib</file>
         <name>copy_decompress_none.obj</name>
      </input_file>
      <input_file id="fl-3a">
         <path>C:\ti\ccsv6\tools\compiler\ti-cgt-msp430_4.4.6\lib\</path>
         <kind>archive</kind>
         <file>rts430x_lc_sd_eabi.lib</file>
         <name>copy_decompress_rle.obj</name>
      </input_file>
      <input_file id="fl-3b">
         <path>C:\ti\ccsv6\tools\compiler\ti-cgt-msp430_4.4.6\lib\</path>
         <kind>archive</kind>
         <file>rts430x_lc_sd_eabi.lib</file>
         <name>copy_zero_init.obj</name>
      </input_file>
      <input_file id="fl-3c">
         <path>C:\ti\ccsv6\tools\compiler\ti-cgt-msp430_4.4.6\lib\</path>
         <kind>archive</kind>
         <file>rts430x_lc_sd_eabi.lib</file>
         <name>cpy_util.obj</name>
      </input_file>
      <input_file id="fl-3d">
         <path>C:\ti\ccsv6\tools\compiler\ti-cgt-msp430_4.4.6\lib\</path>
         <kind>archive</kind>
         <file>rts430x_lc_sd_eabi.lib</file>
         <name>exit.obj</name>
      </input_file>
      <input_file id="fl-3e">
         <path>C:\ti\ccsv6\tools\compiler\ti-cgt-msp430_4.4.6\lib\</path>
         <kind>archive</kind>
         <file>rts430x_lc_sd_eabi.lib</file>
         <name>exit_gvars.obj</name>
      </input_file>
      <input_file id="fl-3f">
         <path>C:\ti\ccsv6\tools\compiler\ti-cgt-msp430_4.4.6\lib\</path>
         <kind>archive</kind>
         <file>rts430x_lc_sd_eabi.lib</file>
         <name>fs_add.obj</name>
      </input_file>
      <input_file id="fl-40">
         <path>C:\ti\ccsv6\tools\compiler\ti-cgt-msp430_4.4.6\lib\</path>
         <kind>archive</kind>
         <file>rts430x_lc_sd_eabi.lib</file>
         <name>fs_div.obj</name>
      </input_file>
      <input_file id="fl-41">
         <path>C:\ti\ccsv6\tools\compiler\ti-cgt-msp430_4.4.6\lib\</path>
         <kind>archive</kind>
         <file>rts430x_lc_sd_eabi.lib</file>
         <name>fs_itof.obj</name>
      </input_file>
      <input_file id="fl-42">
         <path>C:\ti\ccsv6\tools\compiler\ti-cgt-msp430_4.4.6\lib\</path>
         <kind>archive</kind>
         <file>rts430x_lc_sd_eabi.lib</file>
         <name>fs_mpy.obj</name>
      </input_file>
      <input_file id="fl-43">
         <path>C:\ti\ccsv6\tools\compiler\ti-cgt-msp430_4.4.6\lib\</path>
         <kind>archive</kind>
         <file>rts430x_lc_sd_eabi.lib</file>
         <name>fs_utof.obj</name>
      </input_file>
      <input_file id="fl-44">
         <path>C:\ti\ccsv6\tools\compiler\ti-cgt-msp430_4.4.6\lib\</path>
         <kind>archive</kind>
         <file>rts430x_lc_sd_eabi.lib</file>
         <name>int45.obj</name>
      </input_file>
      <input_file id="fl-45">
         <path>C:\ti\ccsv6\tools\compiler\ti-cgt-msp430_4.4.6\lib\</path>
         <kind>archive</kind>
         <file>rts430x_lc_sd_eabi.lib</file>
         <name>int48.obj</name>
      </input_file>
      <input_file id="fl-46">
         <path>C:\ti\ccsv6\tools\compiler\ti-cgt-msp430_4.4.6\lib\</path>
         <kind>archive</kind>
         <file>rts430x_lc_sd_eabi.lib</file>
         <name>int51.obj</name>
      </input_file>
      <input_file id="fl-47">
         <path>C:\ti\ccsv6\tools\compiler\ti-cgt-msp430_4.4.6\lib\</path>
         <kind>archive</kind>
         <file>rts430x_lc_sd_eabi.lib</file>
         <name>int52.obj</name>
      </input_file>
      <input_file id="fl-48">
         <path>C:\ti\ccsv6\tools\compiler\ti-cgt-msp430_4.4.6\lib\</path>
         <kind>archive</kind>
         <file>rts430x_lc_sd_eabi.lib</file>
         <name>int55.obj</name>
      </input_file>
      <input_file id="fl-49">
         <path>C:\ti\ccsv6\tools\compiler\ti-cgt-msp430_4.4.6\lib\</path>
         <kind>archive</kind>
         <file>rts430x_lc_sd_eabi.lib</file>
         <name>int57.obj</name>
      </input_file>
      <input_file id="fl-4a">
         <path>C:\ti\ccsv6\tools\compiler\ti-cgt-msp430_4.4.6\lib\</path>
         <kind>archive</kind>
         <file>rts430x_lc_sd_eabi.lib</file>
         <name>int58.obj</name>
      </input_file>
      <input_file id="fl-4b">
         <path>C:\ti\ccsv6\tools\compiler\ti-cgt-msp430_4.4.6\lib\</path>
         <kind>archive</kind>
         <file>rts430x_lc_sd_eabi.lib</file>
         <name>int59.obj</name>
      </input_file>
      <input_file id="fl-4c">
         <path>C:\ti\ccsv6\tools\compiler\ti-cgt-msp430_4.4.6\lib\</path>
         <kind>archive</kind>
         <file>rts430x_lc_sd_eabi.lib</file>
         <name>int60.obj</name>
      </input_file>
      <input_file id="fl-4d">
         <path>C:\ti\ccsv6\tools\compiler\ti-cgt-msp430_4.4.6\lib\</path>
         <kind>archive</kind>
         <file>rts430x_lc_sd_eabi.lib</file>
         <name>int61.obj</name>
      </input_file>
      <input_file id="fl-4e">
         <path>C:\ti\ccsv6\tools\compiler\ti-cgt-msp430_4.4.6\lib\</path>
         <kind>archive</kind>
         <file>rts430x_lc_sd_eabi.lib</file>
         <name>int62.obj</name>
      </input_file>
      <input_file id="fl-4f">
         <path>C:\ti\ccsv6\tools\compiler\ti-cgt-msp430_4.4.6\lib\</path>
         <kind>archive</kind>
         <file>rts430x_lc_sd_eabi.lib</file>
         <name>isr_trap.obj</name>
      </input_file>
      <input_file id="fl-50">
         <path>C:\ti\ccsv6\tools\compiler\ti-cgt-msp430_4.4.6\lib\</path>
         <kind>archive</kind>
         <file>rts430x_lc_sd_eabi.lib</file>
         <name>mpu_init.obj</name>
      </input_file>
      <input_file id="fl-51">
         <path>C:\ti\ccsv6\tools\compiler\ti-cgt-msp430_4.4.6\lib\</path>
         <kind>archive</kind>
         <file>rts430x_lc_sd_eabi.lib</file>
         <name>mult1632_f5hw.obj</name>
      </input_file>
      <input_file id="fl-52">
         <path>C:\ti\ccsv6\tools\compiler\ti-cgt-msp430_4.4.6\lib\</path>
         <kind>archive</kind>
         <file>rts430x_lc_sd_eabi.lib</file>
         <name>mult16_f5hw.obj</name>
      </input_file>
      <input_file id="fl-53">
         <path>C:\ti\ccsv6\tools\compiler\ti-cgt-msp430_4.4.6\lib\</path>
         <kind>archive</kind>
         <file>rts430x_lc_sd_eabi.lib</file>
         <name>mult3264_f5hw.obj</name>
      </input_file>
      <input_file id="fl-54">
         <path>C:\ti\ccsv6\tools\compiler\ti-cgt-msp430_4.4.6\lib\</path>
         <kind>archive</kind>
         <file>rts430x_lc_sd_eabi.lib</file>
         <name>mult32_f5hw.obj</name>
      </input_file>
      <input_file id="fl-55">
         <path>C:\ti\ccsv6\tools\compiler\ti-cgt-msp430_4.4.6\lib\</path>
         <kind>archive</kind>
         <file>rts430x_lc_sd_eabi.lib</file>
         <name>mult64_f5hw.obj</name>
      </input_file>
      <input_file id="fl-56">
         <path>C:\ti\ccsv6\tools\compiler\ti-cgt-msp430_4.4.6\lib\</path>
         <kind>archive</kind>
         <file>rts430x_lc_sd_eabi.lib</file>
         <name>pre_init.obj</name>
      </input_file>
      <input_file id="fl-57">
         <path>C:\ti\ccsv6\tools\compiler\ti-cgt-msp430_4.4.6\lib\</path>
         <kind>archive</kind>
         <file>rts430x_lc_sd_eabi.lib</file>
         <name>printf.obj</name>
      </input_file>
      <input_file id="fl-58">
         <path>C:\ti\ccsv6\tools\compiler\ti-cgt-msp430_4.4.6\lib\</path>
         <kind>archive</kind>
         <file>rts430x_lc_sd_eabi.lib</file>
         <name>sprintf.obj</name>
      </input_file>
      <input_file id="fl-59">
         <path>C:\ti\ccsv6\tools\compiler\ti-cgt-msp430_4.4.6\lib\</path>
         <kind>archive</kind>
         <file>rts430x_lc_sd_eabi.lib</file>
         <name>_lock.obj</name>
      </input_file>
      <input_file id="fl-5a">
         <path>C:\ti\ccsv6\tools\compiler\ti-cgt-msp430_4.4.6\lib\</path>
         <kind>archive</kind>
         <file>rts430x_lc_sd_eabi.lib</file>
         <name>_printfi.obj</name>
      </input_file>
      <input_file id="fl-5b">
         <path>C:\ti\ccsv6\tools\compiler\ti-cgt-msp430_4.4.6\lib\</path>
         <kind>archive</kind>
         <file>rts430x_lc_sd_eabi.lib</file>
         <name>args_main.obj</name>
      </input_file>
      <input_file id="fl-5c">
         <path>C:\ti\ccsv6\tools\compiler\ti-cgt-msp430_4.4.6\lib\</path>
         <kind>archive</kind>
         <file>rts430x_lc_sd_eabi.lib</file>
         <name>atoi.obj</name>
      </input_file>
      <input_file id="fl-5d">
         <path>C:\ti\ccsv6\tools\compiler\ti-cgt-msp430_4.4.6\lib\</path>
         <kind>archive</kind>
         <file>rts430x_lc_sd_eabi.lib</file>
         <name>autoinit_wdt.obj</name>
      </input_file>
      <input_file id="fl-5e">
         <path>C:\ti\ccsv6\tools\compiler\ti-cgt-msp430_4.4.6\lib\</path>
         <kind>archive</kind>
         <file>rts430x_lc_sd_eabi.lib</file>
         <name>cmpd.obj</name>
      </input_file>
      <input_file id="fl-5f">
         <path>C:\ti\ccsv6\tools\compiler\ti-cgt-msp430_4.4.6\lib\</path>
         <kind>archive</kind>
         <file>rts430x_lc_sd_eabi.lib</file>
         <name>ctype.obj</name>
      </input_file>
      <input_file id="fl-60">
         <path>C:\ti\ccsv6\tools\compiler\ti-cgt-msp430_4.4.6\lib\</path>
         <kind>archive</kind>
         <file>rts430x_lc_sd_eabi.lib</file>
         <name>defs.obj</name>
      </input_file>
      <input_file id="fl-61">
         <path>C:\ti\ccsv6\tools\compiler\ti-cgt-msp430_4.4.6\lib\</path>
         <kind>archive</kind>
         <file>rts430x_lc_sd_eabi.lib</file>
         <name>div16u.obj</name>
      </input_file>
      <input_file id="fl-62">
         <path>C:\ti\ccsv6\tools\compiler\ti-cgt-msp430_4.4.6\lib\</path>
         <kind>archive</kind>
         <file>rts430x_lc_sd_eabi.lib</file>
         <name>div32u.obj</name>
      </input_file>
      <input_file id="fl-63">
         <path>C:\ti\ccsv6\tools\compiler\ti-cgt-msp430_4.4.6\lib\</path>
         <kind>archive</kind>
         <file>rts430x_lc_sd_eabi.lib</file>
         <name>div64u.obj</name>
      </input_file>
      <input_file id="fl-64">
         <path>C:\ti\ccsv6\tools\compiler\ti-cgt-msp430_4.4.6\lib\</path>
         <kind>archive</kind>
         <file>rts430x_lc_sd_eabi.lib</file>
         <name>divd.obj</name>
      </input_file>
      <input_file id="fl-65">
         <path>C:\ti\ccsv6\tools\compiler\ti-cgt-msp430_4.4.6\lib\</path>
         <kind>archive</kind>
         <file>rts430x_lc_sd_eabi.lib</file>
         <name>fixdi.obj</name>
      </input_file>
      <input_file id="fl-66">
         <path>C:\ti\ccsv6\tools\compiler\ti-cgt-msp430_4.4.6\lib\</path>
         <kind>archive</kind>
         <file>rts430x_lc_sd_eabi.lib</file>
         <name>fixdli.obj</name>
      </input_file>
      <input_file id="fl-67">
         <path>C:\ti\ccsv6\tools\compiler\ti-cgt-msp430_4.4.6\lib\</path>
         <kind>archive</kind>
         <file>rts430x_lc_sd_eabi.lib</file>
         <name>fltid.obj</name>
      </input_file>
      <input_file id="fl-68">
         <path>C:\ti\ccsv6\tools\compiler\ti-cgt-msp430_4.4.6\lib\</path>
         <kind>archive</kind>
         <file>rts430x_lc_sd_eabi.lib</file>
         <name>fltlid.obj</name>
      </input_file>
      <input_file id="fl-69">
         <path>C:\ti\ccsv6\tools\compiler\ti-cgt-msp430_4.4.6\lib\</path>
         <kind>archive</kind>
         <file>rts430x_lc_sd_eabi.lib</file>
         <name>fputc.obj</name>
      </input_file>
      <input_file id="fl-6a">
         <path>C:\ti\ccsv6\tools\compiler\ti-cgt-msp430_4.4.6\lib\</path>
         <kind>archive</kind>
         <file>rts430x_lc_sd_eabi.lib</file>
         <name>fputs.obj</name>
      </input_file>
      <input_file id="fl-6b">
         <path>C:\ti\ccsv6\tools\compiler\ti-cgt-msp430_4.4.6\lib\</path>
         <kind>archive</kind>
         <file>rts430x_lc_sd_eabi.lib</file>
         <name>frcdivd.obj</name>
      </input_file>
      <input_file id="fl-6c">
         <path>C:\ti\ccsv6\tools\compiler\ti-cgt-msp430_4.4.6\lib\</path>
         <kind>archive</kind>
         <file>rts430x_lc_sd_eabi.lib</file>
         <name>frexp.obj</name>
      </input_file>
      <input_file id="fl-6d">
         <path>C:\ti\ccsv6\tools\compiler\ti-cgt-msp430_4.4.6\lib\</path>
         <kind>archive</kind>
         <file>rts430x_lc_sd_eabi.lib</file>
         <name>ldexp.obj</name>
      </input_file>
      <input_file id="fl-6e">
         <path>C:\ti\ccsv6\tools\compiler\ti-cgt-msp430_4.4.6\lib\</path>
         <kind>archive</kind>
         <file>rts430x_lc_sd_eabi.lib</file>
         <name>lowlev.obj</name>
      </input_file>
      <input_file id="fl-6f">
         <path>C:\ti\ccsv6\tools\compiler\ti-cgt-msp430_4.4.6\lib\</path>
         <kind>archive</kind>
         <file>rts430x_lc_sd_eabi.lib</file>
         <name>lsl32.obj</name>
      </input_file>
      <input_file id="fl-70">
         <path>C:\ti\ccsv6\tools\compiler\ti-cgt-msp430_4.4.6\lib\</path>
         <kind>archive</kind>
         <file>rts430x_lc_sd_eabi.lib</file>
         <name>lsl64.obj</name>
      </input_file>
      <input_file id="fl-71">
         <path>C:\ti\ccsv6\tools\compiler\ti-cgt-msp430_4.4.6\lib\</path>
         <kind>archive</kind>
         <file>rts430x_lc_sd_eabi.lib</file>
         <name>lsr32.obj</name>
      </input_file>
      <input_file id="fl-72">
         <path>C:\ti\ccsv6\tools\compiler\ti-cgt-msp430_4.4.6\lib\</path>
         <kind>archive</kind>
         <file>rts430x_lc_sd_eabi.lib</file>
         <name>lsr64.obj</name>
      </input_file>
      <input_file id="fl-73">
         <path>C:\ti\ccsv6\tools\compiler\ti-cgt-msp430_4.4.6\lib\</path>
         <kind>archive</kind>
         <file>rts430x_lc_sd_eabi.lib</file>
         <name>ltoa.obj</name>
      </input_file>
      <input_file id="fl-74">
         <path>C:\ti\ccsv6\tools\compiler\ti-cgt-msp430_4.4.6\lib\</path>
         <kind>archive</kind>
         <file>rts430x_lc_sd_eabi.lib</file>
         <name>memccpy.obj</name>
      </input_file>
      <input_file id="fl-75">
         <path>C:\ti\ccsv6\tools\compiler\ti-cgt-msp430_4.4.6\lib\</path>
         <kind>archive</kind>
         <file>rts430x_lc_sd_eabi.lib</file>
         <name>memchr.obj</name>
      </input_file>
      <input_file id="fl-76">
         <path>C:\ti\ccsv6\tools\compiler\ti-cgt-msp430_4.4.6\lib\</path>
         <kind>archive</kind>
         <file>rts430x_lc_sd_eabi.lib</file>
         <name>memcpy.obj</name>
      </input_file>
      <input_file id="fl-77">
         <path>C:\ti\ccsv6\tools\compiler\ti-cgt-msp430_4.4.6\lib\</path>
         <kind>archive</kind>
         <file>rts430x_lc_sd_eabi.lib</file>
         <name>memset.obj</name>
      </input_file>
      <input_file id="fl-78">
         <path>C:\ti\ccsv6\tools\compiler\ti-cgt-msp430_4.4.6\lib\</path>
         <kind>archive</kind>
         <file>rts430x_lc_sd_eabi.lib</file>
         <name>mpyd.obj</name>
      </input_file>
      <input_file id="fl-79">
         <path>C:\ti\ccsv6\tools\compiler\ti-cgt-msp430_4.4.6\lib\</path>
         <kind>archive</kind>
         <file>rts430x_lc_sd_eabi.lib</file>
         <name>mult16.obj</name>
      </input_file>
      <input_file id="fl-7a">
         <path>C:\ti\ccsv6\tools\compiler\ti-cgt-msp430_4.4.6\lib\</path>
         <kind>archive</kind>
         <file>rts430x_lc_sd_eabi.lib</file>
         <name>mult32.obj</name>
      </input_file>
      <input_file id="fl-7b">
         <path>C:\ti\ccsv6\tools\compiler\ti-cgt-msp430_4.4.6\lib\</path>
         <kind>archive</kind>
         <file>rts430x_lc_sd_eabi.lib</file>
         <name>negd.obj</name>
      </input_file>
      <input_file id="fl-7c">
         <path>C:\ti\ccsv6\tools\compiler\ti-cgt-msp430_4.4.6\lib\</path>
         <kind>archive</kind>
         <file>rts430x_lc_sd_eabi.lib</file>
         <name>strchr.obj</name>
      </input_file>
      <input_file id="fl-7d">
         <path>C:\ti\ccsv6\tools\compiler\ti-cgt-msp430_4.4.6\lib\</path>
         <kind>archive</kind>
         <file>rts430x_lc_sd_eabi.lib</file>
         <name>strcmp.obj</name>
      </input_file>
      <input_file id="fl-7e">
         <path>C:\ti\ccsv6\tools\compiler\ti-cgt-msp430_4.4.6\lib\</path>
         <kind>archive</kind>
         <file>rts430x_lc_sd_eabi.lib</file>
         <name>strlen.obj</name>
      </input_file>
      <input_file id="fl-7f">
         <path>C:\ti\ccsv6\tools\compiler\ti-cgt-msp430_4.4.6\lib\</path>
         <kind>archive</kind>
         <file>rts430x_lc_sd_eabi.lib</file>
         <name>strncpy.obj</name>
      </input_file>
      <input_file id="fl-80">
         <path>C:\ti\ccsv6\tools\compiler\ti-cgt-msp430_4.4.6\lib\</path>
         <kind>archive</kind>
         <file>rts430x_lc_sd_eabi.lib</file>
         <name>subd.obj</name>
      </input_file>
      <input_file id="fl-81">
         <path>C:\ti\ccsv6\tools\compiler\ti-cgt-msp430_4.4.6\lib\</path>
         <kind>archive</kind>
         <file>rts430x_lc_sd_eabi.lib</file>
         <name>toupper.obj</name>
      </input_file>
      <input_file id="fl-82">
         <path>C:\ti\ccsv6\tools\compiler\ti-cgt-msp430_4.4.6\lib\</path>
         <kind>archive</kind>
         <file>rts430x_lc_sd_eabi.lib</file>
         <name>trgdrv.obj</name>
      </input_file>
      <input_file id="fl-83">
         <path>C:\ti\ccsv6\tools\compiler\ti-cgt-msp430_4.4.6\lib\</path>
         <kind>archive</kind>
         <file>rts430x_lc_sd_eabi.lib</file>
         <name>trgmsg.obj</name>
      </input_file>
      <input_file id="fl-84">
         <path>C:\ti\ccsv6\tools\compiler\ti-cgt-msp430_4.4.6\lib\</path>
         <kind>archive</kind>
         <file>rts430x_lc_sd_eabi.lib</file>
         <name>xdclass.obj</name>
      </input_file>
      <input_file id="fl-85">
         <path>C:\ti\ccsv6\tools\compiler\ti-cgt-msp430_4.4.6\lib\</path>
         <kind>archive</kind>
         <file>rts430x_lc_sd_eabi.lib</file>
         <name>xdscale.obj</name>
      </input_file>
      <input_file id="fl-86">
         <path>C:\ti\ccsv6\tools\compiler\ti-cgt-msp430_4.4.6\lib\</path>
         <kind>archive</kind>
         <file>rts430x_lc_sd_eabi.lib</file>
         <name>xdunscal.obj</name>
      </input_file>
      <input_file id="fl-87">
         <path>C:\ti\ccsv6\tools\compiler\ti-cgt-msp430_4.4.6\lib\</path>
         <kind>archive</kind>
         <file>rts430x_lc_sd_eabi.lib</file>
         <name>xferaise.obj</name>
      </input_file>
      <input_file id="fl-88">
         <path>C:\ti\ccsv6\tools\compiler\ti-cgt-msp430_4.4.6\lib\</path>
         <kind>archive</kind>
         <file>rts430x_lc_sd_eabi.lib</file>
         <name>xvalues.obj</name>
      </input_file>
      <input_file id="fl-89">
         <path>C:\ti\ccsv6\tools\compiler\ti-cgt-msp430_4.4.6\lib\</path>
         <kind>archive</kind>
         <file>rts430x_lc_sd_eabi.lib</file>
         <name>_io_perm.obj</name>
      </input_file>
      <input_file id="fl-8a">
         <path>C:\ti\ccsv6\tools\compiler\ti-cgt-msp430_4.4.6\lib\</path>
         <kind>archive</kind>
         <file>rts430x_lc_sd_eabi.lib</file>
         <name>abs.obj</name>
      </input_file>
      <input_file id="fl-8b">
         <path>C:\ti\ccsv6\tools\compiler\ti-cgt-msp430_4.4.6\lib\</path>
         <kind>archive</kind>
         <file>rts430x_lc_sd_eabi.lib</file>
         <name>addd.obj</name>
      </input_file>
      <input_file id="fl-8c">
         <path>C:\ti\ccsv6\tools\compiler\ti-cgt-msp430_4.4.6\lib\</path>
         <kind>archive</kind>
         <file>rts430x_lc_sd_eabi.lib</file>
         <name>asr32.obj</name>
      </input_file>
      <input_file id="fl-8d">
         <path>C:\ti\ccsv6\tools\compiler\ti-cgt-msp430_4.4.6\lib\</path>
         <kind>archive</kind>
         <file>rts430x_lc_sd_eabi.lib</file>
         <name>div32s.obj</name>
      </input_file>
      <input_file id="fl-8e">
         <path>C:\ti\ccsv6\tools\compiler\ti-cgt-msp430_4.4.6\lib\</path>
         <kind>archive</kind>
         <file>rts430x_lc_sd_eabi.lib</file>
         <name>errno.obj</name>
      </input_file>
      <input_file id="fl-8f">
         <path>C:\ti\ccsv6\tools\compiler\ti-cgt-msp430_4.4.6\lib\</path>
         <kind>archive</kind>
         <file>rts430x_lc_sd_eabi.lib</file>
         <name>feraiseexcept.obj</name>
      </input_file>
      <input_file id="fl-90">
         <path>C:\ti\ccsv6\tools\compiler\ti-cgt-msp430_4.4.6\lib\</path>
         <kind>archive</kind>
         <file>rts430x_lc_sd_eabi.lib</file>
         <name>fflush.obj</name>
      </input_file>
      <input_file id="fl-91">
         <path>C:\ti\ccsv6\tools\compiler\ti-cgt-msp430_4.4.6\lib\</path>
         <kind>archive</kind>
         <file>rts430x_lc_sd_eabi.lib</file>
         <name>frcaddd.obj</name>
      </input_file>
      <input_file id="fl-92">
         <path>C:\ti\ccsv6\tools\compiler\ti-cgt-msp430_4.4.6\lib\</path>
         <kind>archive</kind>
         <file>rts430x_lc_sd_eabi.lib</file>
         <name>frcmpyd.obj</name>
      </input_file>
      <input_file id="fl-93">
         <path>C:\ti\ccsv6\tools\compiler\ti-cgt-msp430_4.4.6\lib\</path>
         <kind>archive</kind>
         <file>rts430x_lc_sd_eabi.lib</file>
         <name>fseek.obj</name>
      </input_file>
      <input_file id="fl-94">
         <path>C:\ti\ccsv6\tools\compiler\ti-cgt-msp430_4.4.6\lib\</path>
         <kind>archive</kind>
         <file>rts430x_lc_sd_eabi.lib</file>
         <name>lsl16.obj</name>
      </input_file>
      <input_file id="fl-95">
         <path>C:\ti\ccsv6\tools\compiler\ti-cgt-msp430_4.4.6\lib\</path>
         <kind>archive</kind>
         <file>rts430x_lc_sd_eabi.lib</file>
         <name>lsr16.obj</name>
      </input_file>
      <input_file id="fl-96">
         <path>C:\ti\ccsv6\tools\compiler\ti-cgt-msp430_4.4.6\lib\</path>
         <kind>archive</kind>
         <file>rts430x_lc_sd_eabi.lib</file>
         <name>raise.obj</name>
      </input_file>
      <input_file id="fl-97">
         <path>C:\ti\ccsv6\tools\compiler\ti-cgt-msp430_4.4.6\lib\</path>
         <kind>archive</kind>
         <file>rts430x_lc_sd_eabi.lib</file>
         <name>renormd.obj</name>
      </input_file>
      <input_file id="fl-98">
         <path>C:\ti\ccsv6\tools\compiler\ti-cgt-msp430_4.4.6\lib\</path>
         <kind>archive</kind>
         <file>rts430x_lc_sd_eabi.lib</file>
         <name>setvbuf.obj</name>
      </input_file>
      <input_file id="fl-99">
         <path>C:\ti\ccsv6\tools\compiler\ti-cgt-msp430_4.4.6\lib\</path>
         <kind>archive</kind>
         <file>rts430x_lc_sd_eabi.lib</file>
         <name>signal.obj</name>
      </input_file>
      <input_file id="fl-9a">
         <path>C:\ti\ccsv6\tools\compiler\ti-cgt-msp430_4.4.6\lib\</path>
         <kind>archive</kind>
         <file>rts430x_lc_sd_eabi.lib</file>
         <name>strcpy.obj</name>
      </input_file>
      <input_file id="fl-9b">
         <path>C:\ti\ccsv6\tools\compiler\ti-cgt-msp430_4.4.6\lib\</path>
         <kind>archive</kind>
         <file>rts430x_lc_sd_eabi.lib</file>
         <name>xdnorm.obj</name>
      </input_file>
      <input_file id="fl-9c">
         <path>C:\ti\ccsv6\tools\compiler\ti-cgt-msp430_4.4.6\lib\</path>
         <kind>archive</kind>
         <file>rts430x_lc_sd_eabi.lib</file>
         <name>fopen.obj</name>
      </input_file>
      <input_file id="fl-9d">
         <path>C:\ti\ccsv6\tools\compiler\ti-cgt-msp430_4.4.6\lib\</path>
         <kind>archive</kind>
         <file>rts430x_lc_sd_eabi.lib</file>
         <name>memory.obj</name>
      </input_file>
      <input_file id="fl-9e">
         <path>C:\ti\ccsv6\tools\compiler\ti-cgt-msp430_4.4.6\lib\</path>
         <kind>archive</kind>
         <file>rts430x_lc_sd_eabi.lib</file>
         <name>fclose.obj</name>
      </input_file>
      <input_file id="fl-9f">
         <path>C:\ti\ccsv6\tools\compiler\ti-cgt-msp430_4.4.6\lib\</path>
         <kind>archive</kind>
         <file>rts430x_lc_sd_eabi.lib</file>
         <name>remove.obj</name>
      </input_file>
   </input_file_list>
   <object_component_list>
      <object_component id="oc-c7">
         <name>.sysmem</name>
         <uninitialized>true</uninitialized>
         <run_address>0x2084</run_address>
         <size>0x4</size>
         <input_file_ref idref="fl-9d"/>
      </object_component>
      <object_component id="oc-719">
         <name>.sysmem</name>
         <uninitialized>true</uninitialized>
         <run_address>0x2084</run_address>
         <size>0x0</size>
      </object_component>
      <object_component id="oc-c3">
         <name>.stack</name>
         <uninitialized>true</uninitialized>
         <run_address>0x2b5c</run_address>
         <size>0x2</size>
         <input_file_ref idref="fl-37"/>
      </object_component>
      <object_component id="oc-718">
         <name>.stack</name>
         <uninitialized>true</uninitialized>
         <run_address>0x2b5c</run_address>
         <size>0x0</size>
      </object_component>
      <object_component id="oc-4dc">
         <name>.text:__TI_frcdivd</name>
         <load_address>0x8000</load_address>
         <run_address>0x8000</run_address>
         <size>0x452</size>
         <input_file_ref idref="fl-6b"/>
      </object_component>
      <object_component id="oc-4a8">
         <name>.text:__mspabi_divull</name>
         <load_address>0x8452</load_address>
         <run_address>0x8452</run_address>
         <size>0x39a</size>
         <input_file_ref idref="fl-63"/>
      </object_component>
      <object_component id="oc-4d4">
         <name>.text:__TI_frcmpyd</name>
         <load_address>0x87ec</load_address>
         <run_address>0x87ec</run_address>
         <size>0x2e4</size>
         <input_file_ref idref="fl-92"/>
      </object_component>
      <object_component id="oc-575">
         <name>.text:__mspabi_addd</name>
         <load_address>0x8ad0</load_address>
         <run_address>0x8ad0</run_address>
         <size>0x2d6</size>
         <input_file_ref idref="fl-8b"/>
      </object_component>
      <object_component id="oc-43c">
         <name>.text:__mspabi_mpyd</name>
         <load_address>0x8da6</load_address>
         <run_address>0x8da6</run_address>
         <size>0x280</size>
         <input_file_ref idref="fl-78"/>
      </object_component>
      <object_component id="oc-5ef">
         <name>.text:__TI_frcaddd</name>
         <load_address>0x9026</load_address>
         <run_address>0x9026</run_address>
         <size>0x252</size>
         <input_file_ref idref="fl-91"/>
      </object_component>
      <object_component id="oc-2fe">
         <name>.text:_setfield</name>
         <load_address>0x9278</load_address>
         <run_address>0x9278</run_address>
         <size>0x244</size>
         <input_file_ref idref="fl-5a"/>
      </object_component>
      <object_component id="oc-442">
         <name>.text:__mspabi_divd</name>
         <load_address>0x94bc</load_address>
         <run_address>0x94bc</run_address>
         <size>0x220</size>
         <input_file_ref idref="fl-64"/>
      </object_component>
      <object_component id="oc-365">
         <name>.text:_pproc_fgea</name>
         <load_address>0x96dc</load_address>
         <run_address>0x96dc</run_address>
         <size>0x210</size>
         <input_file_ref idref="fl-5a"/>
      </object_component>
      <object_component id="oc-44f">
         <name>.text:acvt</name>
         <load_address>0x98ec</load_address>
         <run_address>0x98ec</run_address>
         <size>0x20e</size>
         <input_file_ref idref="fl-5a"/>
      </object_component>
      <object_component id="oc-41c">
         <name>.text:ecvt</name>
         <load_address>0x9afa</load_address>
         <run_address>0x9afa</run_address>
         <size>0x200</size>
         <input_file_ref idref="fl-5a"/>
      </object_component>
      <object_component id="oc-42f">
         <name>.text:fcvt</name>
         <load_address>0x9cfa</load_address>
         <run_address>0x9cfa</run_address>
         <size>0x1da</size>
         <input_file_ref idref="fl-5a"/>
      </object_component>
      <object_component id="oc-239">
         <name>.text:__TI_printfi</name>
         <load_address>0x9ed4</load_address>
         <run_address>0x9ed4</run_address>
         <size>0x1d2</size>
         <input_file_ref idref="fl-5a"/>
      </object_component>
      <object_component id="oc-29a">
         <name>.text:WriteRfSettings</name>
         <load_address>0xa0a6</load_address>
         <run_address>0xa0a6</run_address>
         <size>0x1a0</size>
         <input_file_ref idref="fl-6"/>
      </object_component>
      <object_component id="oc-59a">
         <name>.text:_Dscale</name>
         <load_address>0xa246</load_address>
         <run_address>0xa246</run_address>
         <size>0x1a0</size>
         <input_file_ref idref="fl-85"/>
      </object_component>
      <object_component id="oc-3d3">
         <name>.text:_pconv_e</name>
         <load_address>0xa3e6</load_address>
         <run_address>0xa3e6</run_address>
         <size>0x19a</size>
         <input_file_ref idref="fl-5a"/>
      </object_component>
      <object_component id="oc-3d9">
         <name>.text:_pconv_a</name>
         <load_address>0xa580</load_address>
         <run_address>0xa580</run_address>
         <size>0x168</size>
         <input_file_ref idref="fl-5a"/>
      </object_component>
      <object_component id="oc-3a8">
         <name>.text:_getarg_diouxp</name>
         <load_address>0xa6e8</load_address>
         <run_address>0xa6e8</run_address>
         <size>0x164</size>
         <input_file_ref idref="fl-5a"/>
      </object_component>
      <object_component id="oc-35f">
         <name>.text:_pproc_diouxp</name>
         <load_address>0xa84c</load_address>
         <run_address>0xa84c</run_address>
         <size>0x140</size>
         <input_file_ref idref="fl-5a"/>
      </object_component>
      <object_component id="oc-2d2">
         <name>.text</name>
         <load_address>0xa98c</load_address>
         <run_address>0xa98c</run_address>
         <size>0x130</size>
         <input_file_ref idref="fl-3f"/>
      </object_component>
      <object_component id="oc-132">
         <name>.text:main</name>
         <load_address>0xaabc</load_address>
         <run_address>0xaabc</run_address>
         <size>0x10c</size>
         <input_file_ref idref="fl-4"/>
      </object_component>
      <object_component id="oc-590">
         <name>.text:_Dnorm</name>
         <load_address>0xabc8</load_address>
         <run_address>0xabc8</run_address>
         <size>0xfc</size>
         <input_file_ref idref="fl-9b"/>
      </object_component>
      <object_component id="oc-3c7">
         <name>.text:_pconv_g</name>
         <load_address>0xacc4</load_address>
         <run_address>0xacc4</run_address>
         <size>0xf4</size>
         <input_file_ref idref="fl-5a"/>
      </object_component>
      <object_component id="oc-2f8">
         <name>.text:_pproc_fwp</name>
         <load_address>0xadb8</load_address>
         <run_address>0xadb8</run_address>
         <size>0xf4</size>
         <input_file_ref idref="fl-5a"/>
      </object_component>
      <object_component id="oc-209">
         <name>.text:Print_temp_vcc</name>
         <load_address>0xaeac</load_address>
         <run_address>0xaeac</run_address>
         <size>0xe2</size>
         <input_file_ref idref="fl-4"/>
      </object_component>
      <object_component id="oc-322">
         <name>.text:fputs</name>
         <load_address>0xaf8e</load_address>
         <run_address>0xaf8e</run_address>
         <size>0xde</size>
         <input_file_ref idref="fl-6a"/>
      </object_component>
      <object_component id="oc-3df">
         <name>.text:__mspabi_cmpd</name>
         <load_address>0xb06c</load_address>
         <run_address>0xb06c</run_address>
         <size>0xd8</size>
         <input_file_ref idref="fl-5e"/>
      </object_component>
      <object_component id="oc-d6">
         <name>.text:__TI_decompress_rle_core</name>
         <load_address>0xb144</load_address>
         <run_address>0xb144</run_address>
         <size>0xd6</size>
         <input_file_ref idref="fl-3a"/>
      </object_component>
      <object_component id="oc-283">
         <name>.text:SetVCoreUp</name>
         <load_address>0xb21a</load_address>
         <run_address>0xb21a</run_address>
         <size>0xd4</size>
         <input_file_ref idref="fl-5"/>
      </object_component>
      <object_component id="oc-e8">
         <name>.text:_isr:RTC_ISR</name>
         <load_address>0xb2ee</load_address>
         <run_address>0xb2ee</run_address>
         <size>0xd0</size>
         <input_file_ref idref="fl-4"/>
      </object_component>
      <object_component id="oc-fa">
         <name>.text:_isr:CC1101_ISR</name>
         <load_address>0xb3be</load_address>
         <run_address>0xb3be</run_address>
         <size>0xce</size>
         <input_file_ref idref="fl-4"/>
      </object_component>
      <object_component id="oc-3f3">
         <name>.text:setvbuf</name>
         <load_address>0xb48c</load_address>
         <run_address>0xb48c</run_address>
         <size>0xcc</size>
         <input_file_ref idref="fl-98"/>
      </object_component>
      <object_component id="oc-2d7">
         <name>.text</name>
         <load_address>0xb558</load_address>
         <run_address>0xb558</run_address>
         <size>0xb6</size>
         <input_file_ref idref="fl-42"/>
      </object_component>
      <object_component id="oc-63c">
         <name>.text:__TI_renormd</name>
         <load_address>0xb60e</load_address>
         <run_address>0xb60e</run_address>
         <size>0xb2</size>
         <input_file_ref idref="fl-97"/>
      </object_component>
      <object_component id="oc-46c">
         <name>.text:malloc</name>
         <load_address>0xb6c0</load_address>
         <run_address>0xb6c0</run_address>
         <size>0xac</size>
         <input_file_ref idref="fl-9d"/>
      </object_component>
      <object_component id="oc-304">
         <name>.text:_pproc_str</name>
         <load_address>0xb76c</load_address>
         <run_address>0xb76c</run_address>
         <size>0xa0</size>
         <input_file_ref idref="fl-5a"/>
      </object_component>
      <object_component id="oc-289">
         <name>.text:SetVCoreDown</name>
         <load_address>0xb80c</load_address>
         <run_address>0xb80c</run_address>
         <size>0x9a</size>
         <input_file_ref idref="fl-5"/>
      </object_component>
      <object_component id="oc-3ae">
         <name>.text:_ltostr</name>
         <load_address>0xb8a6</load_address>
         <run_address>0xb8a6</run_address>
         <size>0x96</size>
         <input_file_ref idref="fl-5a"/>
      </object_component>
      <object_component id="oc-4b7">
         <name>.text:__mspabi_fltlid</name>
         <load_address>0xb93c</load_address>
         <run_address>0xb93c</run_address>
         <size>0x94</size>
         <input_file_ref idref="fl-68"/>
      </object_component>
      <object_component id="oc-290">
         <name>.text:Strobe</name>
         <load_address>0xb9d0</load_address>
         <run_address>0xb9d0</run_address>
         <size>0x8e</size>
         <input_file_ref idref="fl-6"/>
      </object_component>
      <object_component id="oc-422">
         <name>.text:_ecpy</name>
         <load_address>0xba5e</load_address>
         <run_address>0xba5e</run_address>
         <size>0x8e</size>
         <input_file_ref idref="fl-5a"/>
      </object_component>
      <object_component id="oc-2c7">
         <name>.text</name>
         <load_address>0xbaec</load_address>
         <run_address>0xbaec</run_address>
         <size>0x8e</size>
         <input_file_ref idref="fl-40"/>
      </object_component>
      <object_component id="oc-329">
         <name>.text:fputc</name>
         <load_address>0xbb7a</load_address>
         <run_address>0xbb7a</run_address>
         <size>0x8c</size>
         <input_file_ref idref="fl-69"/>
      </object_component>
      <object_component id="oc-428">
         <name>.text:_mcpy</name>
         <load_address>0xbc06</load_address>
         <run_address>0xbc06</run_address>
         <size>0x8a</size>
         <input_file_ref idref="fl-5a"/>
      </object_component>
      <object_component id="oc-411">
         <name>.text:_div</name>
         <load_address>0xbc90</load_address>
         <run_address>0xbc90</run_address>
         <size>0x88</size>
         <input_file_ref idref="fl-5a"/>
      </object_component>
      <object_component id="oc-538">
         <name>.text:HOSTlseek</name>
         <load_address>0xbd18</load_address>
         <run_address>0xbd18</run_address>
         <size>0x86</size>
         <input_file_ref idref="fl-82"/>
      </object_component>
      <object_component id="oc-100">
         <name>.text:_isr:TimerA</name>
         <load_address>0xbd9e</load_address>
         <run_address>0xbd9e</run_address>
         <size>0x82</size>
         <input_file_ref idref="fl-3"/>
      </object_component>
      <object_component id="oc-4ec">
         <name>.text:ldexp</name>
         <load_address>0xbe20</load_address>
         <run_address>0xbe20</run_address>
         <size>0x82</size>
         <input_file_ref idref="fl-6d"/>
      </object_component>
      <object_component id="oc-118">
         <name>.text:_auto_init_hold_wdt</name>
         <load_address>0xbea2</load_address>
         <run_address>0xbea2</run_address>
         <size>0x80</size>
         <input_file_ref idref="fl-5d"/>
      </object_component>
      <object_component id="oc-466">
         <name>.text:free</name>
         <load_address>0xbf22</load_address>
         <run_address>0xbf22</run_address>
         <size>0x80</size>
         <input_file_ref idref="fl-9d"/>
      </object_component>
      <object_component id="oc-4b1">
         <name>.text:ltoa</name>
         <load_address>0xbfa2</load_address>
         <run_address>0xbfa2</run_address>
         <size>0x7c</size>
         <input_file_ref idref="fl-73"/>
      </object_component>
      <object_component id="oc-37c">
         <name>.text:__TI_wrt_ok</name>
         <load_address>0xc01e</load_address>
         <run_address>0xc01e</run_address>
         <size>0x7a</size>
         <input_file_ref idref="fl-89"/>
      </object_component>
      <object_component id="oc-3cd">
         <name>.text:_pconv_f</name>
         <load_address>0xc098</load_address>
         <run_address>0xc098</run_address>
         <size>0x74</size>
         <input_file_ref idref="fl-5a"/>
      </object_component>
      <object_component id="oc-4e4">
         <name>.text:_Dunscale</name>
         <load_address>0xc10c</load_address>
         <run_address>0xc10c</run_address>
         <size>0x72</size>
         <input_file_ref idref="fl-86"/>
      </object_component>
      <object_component id="oc-544">
         <name>.text:HOSTrename</name>
         <load_address>0xc17e</load_address>
         <run_address>0xc17e</run_address>
         <size>0x6a</size>
         <input_file_ref idref="fl-82"/>
      </object_component>
      <object_component id="oc-3ed">
         <name>.text:fseek</name>
         <load_address>0xc1e8</load_address>
         <run_address>0xc1e8</run_address>
         <size>0x6a</size>
         <input_file_ref idref="fl-93"/>
      </object_component>
      <object_component id="oc-514">
         <name>.text:__TI_closefile</name>
         <load_address>0xc252</load_address>
         <run_address>0xc252</run_address>
         <size>0x68</size>
         <input_file_ref idref="fl-9e"/>
      </object_component>
      <object_component id="oc-4c9">
         <name>.text:__mspabi_fixdli</name>
         <load_address>0xc2ba</load_address>
         <run_address>0xc2ba</run_address>
         <size>0x66</size>
         <input_file_ref idref="fl-66"/>
      </object_component>
      <object_component id="oc-520">
         <name>.text:HOSTopen</name>
         <load_address>0xc320</load_address>
         <run_address>0xc320</run_address>
         <size>0x62</size>
         <input_file_ref idref="fl-82"/>
      </object_component>
      <object_component id="oc-388">
         <name>.text:__TI_doflush</name>
         <load_address>0xc382</load_address>
         <run_address>0xc382</run_address>
         <size>0x62</size>
         <input_file_ref idref="fl-90"/>
      </object_component>
      <object_component id="oc-532">
         <name>.text:HOSTwrite</name>
         <load_address>0xc3e4</load_address>
         <run_address>0xc3e4</run_address>
         <size>0x5e</size>
         <input_file_ref idref="fl-82"/>
      </object_component>
      <object_component id="oc-52c">
         <name>.text:HOSTread</name>
         <load_address>0xc442</load_address>
         <run_address>0xc442</run_address>
         <size>0x5c</size>
         <input_file_ref idref="fl-82"/>
      </object_component>
      <object_component id="oc-4a3">
         <name>.text</name>
         <load_address>0xc49e</load_address>
         <run_address>0xc49e</run_address>
         <size>0x58</size>
         <input_file_ref idref="fl-62"/>
      </object_component>
      <object_component id="oc-61f">
         <name>.text:getdevice</name>
         <load_address>0xc4f6</load_address>
         <run_address>0xc4f6</run_address>
         <size>0x54</size>
         <input_file_ref idref="fl-6e"/>
      </object_component>
      <object_component id="oc-1ca">
         <name>.text:InitButtonLeds</name>
         <load_address>0xc54a</load_address>
         <run_address>0xc54a</run_address>
         <size>0x52</size>
         <input_file_ref idref="fl-4"/>
      </object_component>
      <object_component id="oc-357">
         <name>.text:atoi</name>
         <load_address>0xc59c</load_address>
         <run_address>0xc59c</run_address>
         <size>0x52</size>
         <input_file_ref idref="fl-5c"/>
      </object_component>
      <object_component id="oc-3bb">
         <name>.text:_Dclass</name>
         <load_address>0xc5ee</load_address>
         <run_address>0xc5ee</run_address>
         <size>0x50</size>
         <input_file_ref idref="fl-84"/>
      </object_component>
      <object_component id="oc-5b6">
         <name>.text:close</name>
         <load_address>0xc63e</load_address>
         <run_address>0xc63e</run_address>
         <size>0x4a</size>
         <input_file_ref idref="fl-6e"/>
      </object_component>
      <object_component id="oc-435">
         <name>.text:_fcpy</name>
         <load_address>0xc688</load_address>
         <run_address>0xc688</run_address>
         <size>0x48</size>
         <input_file_ref idref="fl-5a"/>
      </object_component>
      <object_component id="oc-526">
         <name>.text:HOSTclose</name>
         <load_address>0xc6d0</load_address>
         <run_address>0xc6d0</run_address>
         <size>0x44</size>
         <input_file_ref idref="fl-82"/>
      </object_component>
      <object_component id="oc-1e2">
         <name>.text:UartInit</name>
         <load_address>0xc714</load_address>
         <run_address>0xc714</run_address>
         <size>0x44</size>
         <input_file_ref idref="fl-4"/>
      </object_component>
      <object_component id="oc-2f2">
         <name>.text:_pproc_fflags</name>
         <load_address>0xc758</load_address>
         <run_address>0xc758</run_address>
         <size>0x44</size>
         <input_file_ref idref="fl-5a"/>
      </object_component>
      <object_component id="oc-53e">
         <name>.text:HOSTunlink</name>
         <load_address>0xc79c</load_address>
         <run_address>0xc79c</run_address>
         <size>0x42</size>
         <input_file_ref idref="fl-82"/>
      </object_component>
      <object_component id="oc-189">
         <name>.text:ReadBurstReg</name>
         <load_address>0xc7de</load_address>
         <run_address>0xc7de</run_address>
         <size>0x42</size>
         <input_file_ref idref="fl-6"/>
      </object_component>
      <object_component id="oc-ca">
         <name>.text:__memcpy_far</name>
         <load_address>0xc820</load_address>
         <run_address>0xc820</run_address>
         <size>0x40</size>
         <input_file_ref idref="fl-3c"/>
      </object_component>
      <object_component id="oc-449">
         <name>.text:frexp</name>
         <load_address>0xc860</load_address>
         <run_address>0xc860</run_address>
         <size>0x40</size>
         <input_file_ref idref="fl-6c"/>
      </object_component>
      <object_component id="oc-173">
         <name>.text:printf</name>
         <load_address>0xc8a0</load_address>
         <run_address>0xc8a0</run_address>
         <size>0x40</size>
         <input_file_ref idref="fl-57"/>
      </object_component>
      <object_component id="oc-55c">
         <name>.text</name>
         <load_address>0xc8e0</load_address>
         <run_address>0xc8e0</run_address>
         <size>0x40</size>
         <input_file_ref idref="fl-8d"/>
      </object_component>
      <object_component id="oc-1b2">
         <name>.text:PortInit</name>
         <load_address>0xc920</load_address>
         <run_address>0xc920</run_address>
         <size>0x3e</size>
         <input_file_ref idref="fl-4"/>
      </object_component>
      <object_component id="oc-2b8">
         <name>.text:WriteBurstReg</name>
         <load_address>0xc95e</load_address>
         <run_address>0xc95e</run_address>
         <size>0x3e</size>
         <input_file_ref idref="fl-6"/>
      </object_component>
      <object_component id="oc-f4">
         <name>.text:_isr:TimerA1</name>
         <load_address>0xc99c</load_address>
         <run_address>0xc99c</run_address>
         <size>0x3e</size>
         <input_file_ref idref="fl-3"/>
      </object_component>
      <object_component id="oc-81">
         <name>.text:decompress:ZI:__TI_zero_init</name>
         <load_address>0xc9da</load_address>
         <run_address>0xc9da</run_address>
         <size>0x3e</size>
         <input_file_ref idref="fl-3b"/>
      </object_component>
      <object_component id="oc-583">
         <name>.text:l_asr_const</name>
         <load_address>0xca18</load_address>
         <run_address>0xca18</run_address>
         <size>0x3e</size>
         <input_file_ref idref="fl-8c"/>
      </object_component>
      <object_component id="oc-569">
         <name>.text:l_lsl_const</name>
         <load_address>0xca56</load_address>
         <run_address>0xca56</run_address>
         <size>0x3e</size>
         <input_file_ref idref="fl-6f"/>
      </object_component>
      <object_component id="oc-56e">
         <name>.text:l_lsr_const</name>
         <load_address>0xca94</load_address>
         <run_address>0xca94</run_address>
         <size>0x3e</size>
         <input_file_ref idref="fl-71"/>
      </object_component>
      <object_component id="oc-1d6">
         <name>.text:DCOInit</name>
         <load_address>0xcad2</load_address>
         <run_address>0xcad2</run_address>
         <size>0x3c</size>
         <input_file_ref idref="fl-2"/>
      </object_component>
      <object_component id="oc-1dc">
         <name>.text:RTCInit</name>
         <load_address>0xcb0e</load_address>
         <run_address>0xcb0e</run_address>
         <size>0x3c</size>
         <input_file_ref idref="fl-4"/>
      </object_component>
      <object_component id="oc-64">
         <name>.text:decompress:none:__TI_decompress_none</name>
         <load_address>0xcb4a</load_address>
         <run_address>0xcb4a</run_address>
         <size>0x3c</size>
         <input_file_ref idref="fl-39"/>
      </object_component>
      <object_component id="oc-1b8">
         <name>.text:SetVCore</name>
         <load_address>0xcb86</load_address>
         <run_address>0xcb86</run_address>
         <size>0x3a</size>
         <input_file_ref idref="fl-5"/>
      </object_component>
      <object_component id="oc-554">
         <name>.text:__mspabi_sllll</name>
         <load_address>0xcbc0</load_address>
         <run_address>0xcbc0</run_address>
         <size>0x3a</size>
         <input_file_ref idref="fl-70"/>
      </object_component>
      <object_component id="oc-498">
         <name>.text:__mspabi_srlll</name>
         <load_address>0xcbfa</load_address>
         <run_address>0xcbfa</run_address>
         <size>0x3a</size>
         <input_file_ref idref="fl-72"/>
      </object_component>
      <object_component id="oc-50d">
         <name>.text:minit</name>
         <load_address>0xcc34</load_address>
         <run_address>0xcc34</run_address>
         <size>0x38</size>
         <input_file_ref idref="fl-9d"/>
      </object_component>
      <object_component id="oc-15f">
         <name>.text:sprintf</name>
         <load_address>0xcc6c</load_address>
         <run_address>0xcc6c</run_address>
         <size>0x38</size>
         <input_file_ref idref="fl-58"/>
      </object_component>
      <object_component id="oc-1e8">
         <name>.text:ADCInit</name>
         <load_address>0xcca4</load_address>
         <run_address>0xcca4</run_address>
         <size>0x36</size>
         <input_file_ref idref="fl-4"/>
      </object_component>
      <object_component id="oc-4f8">
         <name>.text:incr_hex</name>
         <load_address>0xccda</load_address>
         <run_address>0xccda</run_address>
         <size>0x36</size>
         <input_file_ref idref="fl-5a"/>
      </object_component>
      <object_component id="oc-2cd">
         <name>.text</name>
         <load_address>0xcd10</load_address>
         <run_address>0xcd10</run_address>
         <size>0x36</size>
         <input_file_ref idref="fl-41"/>
      </object_component>
      <object_component id="oc-682">
         <name>.text:signal</name>
         <load_address>0xcd46</load_address>
         <run_address>0xcd46</run_address>
         <size>0x36</size>
         <input_file_ref idref="fl-99"/>
      </object_component>
      <object_component id="oc-5a0">
         <name>.text:_Feraise</name>
         <load_address>0xcd7c</load_address>
         <run_address>0xcd7c</run_address>
         <size>0x32</size>
         <input_file_ref idref="fl-87"/>
      </object_component>
      <object_component id="oc-472">
         <name>.text:__TI_cleanup</name>
         <load_address>0xcdae</load_address>
         <run_address>0xcdae</run_address>
         <size>0x32</size>
         <input_file_ref idref="fl-9c"/>
      </object_component>
      <object_component id="oc-656">
         <name>.text:raise</name>
         <load_address>0xcde0</load_address>
         <run_address>0xcde0</run_address>
         <size>0x32</size>
         <input_file_ref idref="fl-96"/>
      </object_component>
      <object_component id="oc-1d0">
         <name>.text:TimerInit</name>
         <load_address>0xce12</load_address>
         <run_address>0xce12</run_address>
         <size>0x30</size>
         <input_file_ref idref="fl-3"/>
      </object_component>
      <object_component id="oc-610">
         <name>.text:feraiseexcept</name>
         <load_address>0xce42</load_address>
         <run_address>0xce42</run_address>
         <size>0x30</size>
         <input_file_ref idref="fl-8f"/>
      </object_component>
      <object_component id="oc-5ca">
         <name>.text:__TI_writemsg</name>
         <load_address>0xce72</load_address>
         <run_address>0xce72</run_address>
         <size>0x2e</size>
         <input_file_ref idref="fl-83"/>
      </object_component>
      <object_component id="oc-4bd">
         <name>.text:__mspabi_subd</name>
         <load_address>0xcea0</load_address>
         <run_address>0xcea0</run_address>
         <size>0x2e</size>
         <input_file_ref idref="fl-80"/>
      </object_component>
      <object_component id="oc-124">
         <name>.text:exit</name>
         <load_address>0xcece</load_address>
         <run_address>0xcece</run_address>
         <size>0x2e</size>
         <input_file_ref idref="fl-3d"/>
      </object_component>
      <object_component id="oc-667">
         <name>.text:finddevice</name>
         <load_address>0xcefc</load_address>
         <run_address>0xcefc</run_address>
         <size>0x2e</size>
         <input_file_ref idref="fl-6e"/>
      </object_component>
      <object_component id="oc-182">
         <name>.text:ReadSingleReg</name>
         <load_address>0xcf2a</load_address>
         <run_address>0xcf2a</run_address>
         <size>0x2c</size>
         <input_file_ref idref="fl-6"/>
      </object_component>
      <object_component id="oc-5d0">
         <name>.text:__TI_readmsg</name>
         <load_address>0xcf56</load_address>
         <run_address>0xcf56</run_address>
         <size>0x2c</size>
         <input_file_ref idref="fl-83"/>
      </object_component>
      <object_component id="oc-661">
         <name>.text:strncpy</name>
         <load_address>0xcf82</load_address>
         <run_address>0xcf82</run_address>
         <size>0x2c</size>
         <input_file_ref idref="fl-7f"/>
      </object_component>
      <object_component id="oc-3c1">
         <name>.text:__mspabi_negd</name>
         <load_address>0xcfae</load_address>
         <run_address>0xcfae</run_address>
         <size>0x2a</size>
         <input_file_ref idref="fl-7b"/>
      </object_component>
      <object_component id="oc-5bd">
         <name>.text:unlink</name>
         <load_address>0xcfd8</load_address>
         <run_address>0xcfd8</run_address>
         <size>0x2a</size>
         <input_file_ref idref="fl-6e"/>
      </object_component>
      <object_component id="oc-203">
         <name>.text:Transmit</name>
         <load_address>0xd002</load_address>
         <run_address>0xd002</run_address>
         <size>0x28</size>
         <input_file_ref idref="fl-4"/>
      </object_component>
      <object_component id="oc-4c3">
         <name>.text:__mspabi_fixdi</name>
         <load_address>0xd02a</load_address>
         <run_address>0xd02a</run_address>
         <size>0x28</size>
         <input_file_ref idref="fl-65"/>
      </object_component>
      <object_component id="oc-45e">
         <name>.text:lseek</name>
         <load_address>0xd052</load_address>
         <run_address>0xd052</run_address>
         <size>0x26</size>
         <input_file_ref idref="fl-6e"/>
      </object_component>
      <object_component id="oc-2c2">
         <name>.text</name>
         <load_address>0xd078</load_address>
         <run_address>0xd078</run_address>
         <size>0x24</size>
         <input_file_ref idref="fl-43"/>
      </object_component>
      <object_component id="oc-38e">
         <name>.text:write</name>
         <load_address>0xd09c</load_address>
         <run_address>0xd09c</run_address>
         <size>0x24</size>
         <input_file_ref idref="fl-6e"/>
      </object_component>
      <object_component id="oc-1c4">
         <name>.text:InitRadio</name>
         <load_address>0xd0c0</load_address>
         <run_address>0xd0c0</run_address>
         <size>0x22</size>
         <input_file_ref idref="fl-4"/>
      </object_component>
      <object_component id="oc-2a0">
         <name>.text:WriteSinglePATable</name>
         <load_address>0xd0e2</load_address>
         <run_address>0xd0e2</run_address>
         <size>0x22</size>
         <input_file_ref idref="fl-6"/>
      </object_component>
      <object_component id="oc-106">
         <name>.text:_isr:ADC12ISR</name>
         <load_address>0xd104</load_address>
         <run_address>0xd104</run_address>
         <size>0x22</size>
         <input_file_ref idref="fl-4"/>
      </object_component>
      <object_component id="oc-57e">
         <name>.text</name>
         <load_address>0xd126</load_address>
         <run_address>0xd126</run_address>
         <size>0x22</size>
         <input_file_ref idref="fl-54"/>
      </object_component>
      <object_component id="oc-1fa">
         <name>.text:ReceiveOff</name>
         <load_address>0xd148</load_address>
         <run_address>0xd148</run_address>
         <size>0x1e</size>
         <input_file_ref idref="fl-4"/>
      </object_component>
      <object_component id="oc-4f2">
         <name>.text:val_hex</name>
         <load_address>0xd166</load_address>
         <run_address>0xd166</run_address>
         <size>0x1e</size>
         <input_file_ref idref="fl-5a"/>
      </object_component>
      <object_component id="oc-1ee">
         <name>.text:ReceiveOn</name>
         <load_address>0xd184</load_address>
         <run_address>0xd184</run_address>
         <size>0x1c</size>
         <input_file_ref idref="fl-4"/>
      </object_component>
      <object_component id="oc-93">
         <name>.text:_isr:_c_int00_noargs</name>
         <load_address>0xd1a0</load_address>
         <run_address>0xd1a0</run_address>
         <size>0x1c</size>
         <input_file_ref idref="fl-38"/>
      </object_component>
      <object_component id="oc-36b">
         <name>.text:memccpy</name>
         <load_address>0xd1bc</load_address>
         <run_address>0xd1bc</run_address>
         <size>0x1a</size>
         <input_file_ref idref="fl-74"/>
      </object_component>
      <object_component id="oc-5a8">
         <name>.text:strchr</name>
         <load_address>0xd1d6</load_address>
         <run_address>0xd1d6</run_address>
         <size>0x1a</size>
         <input_file_ref idref="fl-7c"/>
      </object_component>
      <object_component id="oc-22d">
         <name>.text:_outs</name>
         <load_address>0xd1f0</load_address>
         <run_address>0xd1f0</run_address>
         <size>0x18</size>
         <input_file_ref idref="fl-58"/>
      </object_component>
      <object_component id="oc-68c">
         <name>.text:strcmp</name>
         <load_address>0xd208</load_address>
         <run_address>0xd208</run_address>
         <size>0x18</size>
         <input_file_ref idref="fl-7d"/>
      </object_component>
      <object_component id="oc-1f4">
         <name>.text:IdentityInit</name>
         <load_address>0xd220</load_address>
         <run_address>0xd220</run_address>
         <size>0x16</size>
         <input_file_ref idref="fl-4"/>
      </object_component>
      <object_component id="oc-49e">
         <name>.text</name>
         <load_address>0xd236</load_address>
         <run_address>0xd236</run_address>
         <size>0x16</size>
         <input_file_ref idref="fl-61"/>
      </object_component>
      <object_component id="oc-39e">
         <name>.text</name>
         <load_address>0xd24c</load_address>
         <run_address>0xd24c</run_address>
         <size>0x16</size>
         <input_file_ref idref="fl-52"/>
      </object_component>
      <object_component id="oc-2a8">
         <name>.text:WriteSingleReg</name>
         <load_address>0xd262</load_address>
         <run_address>0xd262</run_address>
         <size>0x14</size>
         <input_file_ref idref="fl-6"/>
      </object_component>
      <object_component id="oc-382">
         <name>.text:memchr</name>
         <load_address>0xd276</load_address>
         <run_address>0xd276</run_address>
         <size>0x14</size>
         <input_file_ref idref="fl-75"/>
      </object_component>
      <object_component id="oc-351">
         <name>.text:memset</name>
         <load_address>0xd28a</load_address>
         <run_address>0xd28a</run_address>
         <size>0x14</size>
         <input_file_ref idref="fl-77"/>
      </object_component>
      <object_component id="oc-165">
         <name>.text:putstr</name>
         <load_address>0xd29e</load_address>
         <run_address>0xd29e</run_address>
         <size>0x14</size>
         <input_file_ref idref="fl-4"/>
      </object_component>
      <object_component id="oc-1be">
         <name>.text:ResetRadioCore</name>
         <load_address>0xd2b2</load_address>
         <run_address>0xd2b2</run_address>
         <size>0x12</size>
         <input_file_ref idref="fl-6"/>
      </object_component>
      <object_component id="oc-233">
         <name>.text:_outc</name>
         <load_address>0xd2c4</load_address>
         <run_address>0xd2c4</run_address>
         <size>0x12</size>
         <input_file_ref idref="fl-58"/>
      </object_component>
      <object_component id="oc-2e4">
         <name>.text:memcpy</name>
         <load_address>0xd2d6</load_address>
         <run_address>0xd2d6</run_address>
         <size>0x12</size>
         <input_file_ref idref="fl-76"/>
      </object_component>
      <object_component id="oc-637">
         <name>.text:l_asr</name>
         <load_address>0xd2e8</load_address>
         <run_address>0xd2e8</run_address>
         <size>0x10</size>
         <input_file_ref idref="fl-8c"/>
      </object_component>
      <object_component id="oc-632">
         <name>.text:l_lsl</name>
         <load_address>0xd2f8</load_address>
         <run_address>0xd2f8</run_address>
         <size>0x10</size>
         <input_file_ref idref="fl-6f"/>
      </object_component>
      <object_component id="oc-54f">
         <name>.text:l_lsr</name>
         <load_address>0xd308</load_address>
         <run_address>0xd308</run_address>
         <size>0x10</size>
         <input_file_ref idref="fl-71"/>
      </object_component>
      <object_component id="oc-5dc">
         <name>.text:strcpy</name>
         <load_address>0xd318</load_address>
         <run_address>0xd318</run_address>
         <size>0x10</size>
         <input_file_ref idref="fl-9a"/>
      </object_component>
      <object_component id="oc-6a">
         <name>.text:decompress:rle24:__TI_decompress_rle24</name>
         <load_address>0xd328</load_address>
         <run_address>0xd328</run_address>
         <size>0xe</size>
         <input_file_ref idref="fl-3a"/>
      </object_component>
      <object_component id="oc-2ec">
         <name>.text:strlen</name>
         <load_address>0xd336</load_address>
         <run_address>0xd336</run_address>
         <size>0xe</size>
         <input_file_ref idref="fl-7e"/>
      </object_component>
      <object_component id="oc-4fe">
         <name>.text:__mspabi_fltid</name>
         <load_address>0xd344</load_address>
         <run_address>0xd344</run_address>
         <size>0xc</size>
         <input_file_ref idref="fl-67"/>
      </object_component>
      <object_component id="oc-241">
         <name>.text:putchar1</name>
         <load_address>0xd350</load_address>
         <run_address>0xd350</run_address>
         <size>0xc</size>
         <input_file_ref idref="fl-4"/>
      </object_component>
      <object_component id="oc-3b5">
         <name>.text:toupper</name>
         <load_address>0xd35c</load_address>
         <run_address>0xd35c</run_address>
         <size>0xc</size>
         <input_file_ref idref="fl-81"/>
      </object_component>
      <object_component id="oc-ee">
         <name>.text:_isr:PORT1_ISR</name>
         <load_address>0xd368</load_address>
         <run_address>0xd368</run_address>
         <size>0xa</size>
         <input_file_ref idref="fl-4"/>
      </object_component>
      <object_component id="oc-561">
         <name>.text:abs</name>
         <load_address>0xd372</load_address>
         <run_address>0xd372</run_address>
         <size>0xa</size>
         <input_file_ref idref="fl-8a"/>
      </object_component>
      <object_component id="oc-606">
         <name>.text</name>
         <load_address>0xd37c</load_address>
         <run_address>0xd37c</run_address>
         <size>0xa</size>
         <input_file_ref idref="fl-94"/>
      </object_component>
      <object_component id="oc-601">
         <name>.text</name>
         <load_address>0xd386</load_address>
         <run_address>0xd386</run_address>
         <size>0xa</size>
         <input_file_ref idref="fl-95"/>
      </object_component>
      <object_component id="oc-e3">
         <name>.text:_isr:__TI_ISR_TRAP</name>
         <load_address>0xd390</load_address>
         <run_address>0xd390</run_address>
         <size>0x6</size>
         <input_file_ref idref="fl-4f"/>
      </object_component>
      <object_component id="oc-255">
         <name>.text:_outc</name>
         <load_address>0xd396</load_address>
         <run_address>0xd396</run_address>
         <size>0x6</size>
         <input_file_ref idref="fl-57"/>
      </object_component>
      <object_component id="oc-24f">
         <name>.text:_outs</name>
         <load_address>0xd39c</load_address>
         <run_address>0xd39c</run_address>
         <size>0x4</size>
         <input_file_ref idref="fl-57"/>
      </object_component>
      <object_component id="oc-112">
         <name>.text:_system_pre_init</name>
         <load_address>0xd3a0</load_address>
         <run_address>0xd3a0</run_address>
         <size>0x4</size>
         <input_file_ref idref="fl-56"/>
      </object_component>
      <object_component id="oc-13a">
         <name>.text:abort</name>
         <load_address>0xd3a4</load_address>
         <run_address>0xd3a4</run_address>
         <size>0x4</size>
         <input_file_ref idref="fl-3d"/>
      </object_component>
      <object_component id="oc-270">
         <name>.text:_nop</name>
         <load_address>0xd3a8</load_address>
         <run_address>0xd3a8</run_address>
         <size>0x2</size>
         <input_file_ref idref="fl-59"/>
      </object_component>
      <object_component id="oc-716">
         <name>.cinit..data.load</name>
         <load_address>0xd53a</load_address>
         <run_address>0xd53a</run_address>
         <size>0xad</size>
      </object_component>
      <object_component id="oc-713">
         <name>__TI_handler_table</name>
         <load_address>0xd5e8</load_address>
         <run_address>0xd5e8</run_address>
         <size>0xc</size>
      </object_component>
      <object_component id="oc-715">
         <name>.cinit..bss.load</name>
         <load_address>0xd5f4</load_address>
         <run_address>0xd5f4</run_address>
         <size>0x6</size>
      </object_component>
      <object_component id="oc-717">
         <name>.cinit..cio.load</name>
         <load_address>0xd5fa</load_address>
         <run_address>0xd5fa</run_address>
         <size>0x6</size>
      </object_component>
      <object_component id="oc-714">
         <name>__TI_cinit_table</name>
         <load_address>0xd600</load_address>
         <run_address>0xd600</run_address>
         <size>0x18</size>
      </object_component>
      <object_component id="oc-3a3">
         <name>.const:.string:_ctypes_</name>
         <load_address>0xd3aa</load_address>
         <run_address>0xd3aa</run_address>
         <size>0x101</size>
         <input_file_ref idref="fl-5f"/>
      </object_component>
      <object_component id="oc-15b">
         <name>.const:.string</name>
         <load_address>0xd4ac</load_address>
         <run_address>0xd4ac</run_address>
         <size>0x62</size>
         <input_file_ref idref="fl-4"/>
      </object_component>
      <object_component id="oc-35e">
         <name>.const:.string</name>
         <load_address>0xd50e</load_address>
         <run_address>0xd50e</run_address>
         <size>0x26</size>
         <input_file_ref idref="fl-5a"/>
      </object_component>
      <object_component id="oc-200">
         <name>.const:.string:TxBuffer</name>
         <load_address>0xd534</load_address>
         <run_address>0xd534</run_address>
         <size>0x5</size>
         <input_file_ref idref="fl-4"/>
      </object_component>
      <object_component id="oc-62a">
         <name>.cio</name>
         <uninitialized>true</uninitialized>
         <run_address>0x21c4</run_address>
         <size>0x120</size>
         <input_file_ref idref="fl-83"/>
      </object_component>
      <object_component id="oc-70">
         <name>.int45</name>
         <load_address>0xffda</load_address>
         <run_address>0xffda</run_address>
         <size>0x2</size>
         <input_file_ref idref="fl-44"/>
      </object_component>
      <object_component id="oc-71">
         <name>.int46</name>
         <load_address>0xffdc</load_address>
         <run_address>0xffdc</run_address>
         <size>0x2</size>
         <input_file_ref idref="fl-4"/>
      </object_component>
      <object_component id="oc-72">
         <name>.int48</name>
         <load_address>0xffe0</load_address>
         <run_address>0xffe0</run_address>
         <size>0x2</size>
         <input_file_ref idref="fl-45"/>
      </object_component>
      <object_component id="oc-73">
         <name>.int49</name>
         <load_address>0xffe2</load_address>
         <run_address>0xffe2</run_address>
         <size>0x2</size>
         <input_file_ref idref="fl-4"/>
      </object_component>
      <object_component id="oc-74">
         <name>.int50</name>
         <load_address>0xffe4</load_address>
         <run_address>0xffe4</run_address>
         <size>0x2</size>
         <input_file_ref idref="fl-3"/>
      </object_component>
      <object_component id="oc-75">
         <name>.int51</name>
         <load_address>0xffe6</load_address>
         <run_address>0xffe6</run_address>
         <size>0x2</size>
         <input_file_ref idref="fl-46"/>
      </object_component>
      <object_component id="oc-76">
         <name>.int52</name>
         <load_address>0xffe8</load_address>
         <run_address>0xffe8</run_address>
         <size>0x2</size>
         <input_file_ref idref="fl-47"/>
      </object_component>
      <object_component id="oc-77">
         <name>.int53</name>
         <load_address>0xffea</load_address>
         <run_address>0xffea</run_address>
         <size>0x2</size>
         <input_file_ref idref="fl-4"/>
      </object_component>
      <object_component id="oc-78">
         <name>.int54</name>
         <load_address>0xffec</load_address>
         <run_address>0xffec</run_address>
         <size>0x2</size>
         <input_file_ref idref="fl-3"/>
      </object_component>
      <object_component id="oc-79">
         <name>.int55</name>
         <load_address>0xffee</load_address>
         <run_address>0xffee</run_address>
         <size>0x2</size>
         <input_file_ref idref="fl-48"/>
      </object_component>
      <object_component id="oc-7a">
         <name>.int56</name>
         <load_address>0xfff0</load_address>
         <run_address>0xfff0</run_address>
         <size>0x2</size>
         <input_file_ref idref="fl-4"/>
      </object_component>
      <object_component id="oc-7b">
         <name>.int57</name>
         <load_address>0xfff2</load_address>
         <run_address>0xfff2</run_address>
         <size>0x2</size>
         <input_file_ref idref="fl-49"/>
      </object_component>
      <object_component id="oc-7c">
         <name>.int58</name>
         <load_address>0xfff4</load_address>
         <run_address>0xfff4</run_address>
         <size>0x2</size>
         <input_file_ref idref="fl-4a"/>
      </object_component>
      <object_component id="oc-7d">
         <name>.int59</name>
         <load_address>0xfff6</load_address>
         <run_address>0xfff6</run_address>
         <size>0x2</size>
         <input_file_ref idref="fl-4b"/>
      </object_component>
      <object_component id="oc-7e">
         <name>.int60</name>
         <load_address>0xfff8</load_address>
         <run_address>0xfff8</run_address>
         <size>0x2</size>
         <input_file_ref idref="fl-4c"/>
      </object_component>
      <object_component id="oc-7f">
         <name>.int61</name>
         <load_address>0xfffa</load_address>
         <run_address>0xfffa</run_address>
         <size>0x2</size>
         <input_file_ref idref="fl-4d"/>
      </object_component>
      <object_component id="oc-80">
         <name>.int62</name>
         <load_address>0xfffc</load_address>
         <run_address>0xfffc</run_address>
         <size>0x2</size>
         <input_file_ref idref="fl-4e"/>
      </object_component>
      <object_component id="oc-c6">
         <name>.reset</name>
         <load_address>0xfffe</load_address>
         <run_address>0xfffe</run_address>
         <size>0x2</size>
         <input_file_ref idref="fl-37"/>
      </object_component>
      <object_component id="oc-193">
         <name>.common:starttime0</name>
         <uninitialized>true</uninitialized>
         <run_address>0x2070</run_address>
         <size>0x2</size>
      </object_component>
      <object_component id="oc-194">
         <name>.common:starttime1</name>
         <uninitialized>true</uninitialized>
         <run_address>0x2072</run_address>
         <size>0x2</size>
      </object_component>
      <object_component id="oc-180">
         <name>.common:starttimeTA1</name>
         <uninitialized>true</uninitialized>
         <run_address>0x2074</run_address>
         <size>0x2</size>
      </object_component>
      <object_component id="oc-16b">
         <name>.common:Octo_sys</name>
         <uninitialized>true</uninitialized>
         <run_address>0x2060</run_address>
         <size>0x2</size>
      </object_component>
      <object_component id="oc-170">
         <name>.common:Octo_rf</name>
         <uninitialized>true</uninitialized>
         <run_address>0x205e</run_address>
         <size>0x2</size>
      </object_component>
      <object_component id="oc-171">
         <name>.common:sys_rf</name>
         <uninitialized>true</uninitialized>
         <run_address>0x207a</run_address>
         <size>0x2</size>
      </object_component>
      <object_component id="oc-179">
         <name>.common:timer1</name>
         <uninitialized>true</uninitialized>
         <run_address>0x207c</run_address>
         <size>0x2</size>
      </object_component>
      <object_component id="oc-17a">
         <name>.common:timer2</name>
         <uninitialized>true</uninitialized>
         <run_address>0x207e</run_address>
         <size>0x2</size>
      </object_component>
      <object_component id="oc-210">
         <name>.common:store0</name>
         <uninitialized>true</uninitialized>
         <run_address>0x204e</run_address>
         <size>0x4</size>
      </object_component>
      <object_component id="oc-20f">
         <name>.common:store1</name>
         <uninitialized>true</uninitialized>
         <run_address>0x2052</run_address>
         <size>0x4</size>
      </object_component>
      <object_component id="oc-188">
         <name>.common:RxBuffer</name>
         <uninitialized>true</uninitialized>
         <run_address>0x203a</run_address>
         <size>0x8</size>
      </object_component>
      <object_component id="oc-18f">
         <name>.common:raw_cfo</name>
         <uninitialized>true</uninitialized>
         <run_address>0x2081</run_address>
         <size>0x1</size>
      </object_component>
      <object_component id="oc-190">
         <name>.common:converter_cfo</name>
         <uninitialized>true</uninitialized>
         <run_address>0x2080</run_address>
         <size>0x1</size>
      </object_component>
      <object_component id="oc-191">
         <name>.common:converted_cfo</name>
         <uninitialized>true</uninitialized>
         <run_address>0x2066</run_address>
         <size>0x2</size>
      </object_component>
      <object_component id="oc-172">
         <name>.common:clk_buffer</name>
         <uninitialized>true</uninitialized>
         <run_address>0x1f3a</run_address>
         <size>0x80</size>
      </object_component>
      <object_component id="oc-196">
         <name>.common:in_temp</name>
         <uninitialized>true</uninitialized>
         <run_address>0x2068</run_address>
         <size>0x2</size>
      </object_component>
      <object_component id="oc-197">
         <name>.common:in_volt</name>
         <uninitialized>true</uninitialized>
         <run_address>0x206a</run_address>
         <size>0x2</size>
      </object_component>
      <object_component id="oc-2dc">
         <name>.common:temp</name>
         <uninitialized>true</uninitialized>
         <run_address>0x2056</run_address>
         <size>0x4</size>
      </object_component>
      <object_component id="oc-2dd">
         <name>.common:volt</name>
         <uninitialized>true</uninitialized>
         <run_address>0x205a</run_address>
         <size>0x4</size>
      </object_component>
      <object_component id="oc-2cc">
         <name>.common:degC_per_bit</name>
         <uninitialized>true</uninitialized>
         <run_address>0x204a</run_address>
         <size>0x4</size>
      </object_component>
      <object_component id="oc-2bf">
         <name>.common:bits30_20</name>
         <uninitialized>true</uninitialized>
         <run_address>0x2062</run_address>
         <size>0x2</size>
      </object_component>
      <object_component id="oc-2c0">
         <name>.common:bits85_20</name>
         <uninitialized>true</uninitialized>
         <run_address>0x2064</run_address>
         <size>0x2</size>
      </object_component>
      <object_component id="oc-2c1">
         <name>.common:ref_volt</name>
         <uninitialized>true</uninitialized>
         <run_address>0x206e</run_address>
         <size>0x2</size>
      </object_component>
      <object_component id="oc-15c">
         <name>.common:rtc_buffer</name>
         <uninitialized>true</uninitialized>
         <run_address>0x1fba</run_address>
         <size>0x80</size>
      </object_component>
      <object_component id="oc-5bc">
         <name>.common:__TI_tmpnams</name>
         <uninitialized>true</uninitialized>
         <run_address>0x1e9a</run_address>
         <size>0xa0</size>
      </object_component>
      <object_component id="oc-5c7">
         <name>.common:parmbuf</name>
         <uninitialized>true</uninitialized>
         <run_address>0x2042</run_address>
         <size>0x8</size>
      </object_component>
      <object_component id="oc-508">
         <name>.common:sys_free</name>
         <uninitialized>true</uninitialized>
         <run_address>0x2078</run_address>
         <size>0x2</size>
      </object_component>
      <object_component id="oc-5b4">
         <name>.common:sys_base</name>
         <uninitialized>true</uninitialized>
         <run_address>0x2076</run_address>
         <size>0x2</size>
[...]
         <value>0xd344</value>
         <object_component_ref idref="oc-4fe"/>
      </symbol>
      <symbol id="sm-96c">
         <name>__mspabi_fltlid</name>
         <value>0xb93c</value>
         <object_component_ref idref="oc-4b7"/>
      </symbol>
      <symbol id="sm-97f">
         <name>putc</name>
         <value>0xbb7a</value>
         <object_component_ref idref="oc-329"/>
      </symbol>
      <symbol id="sm-980">
         <name>fputc</name>
         <value>0xbb7a</value>
         <object_component_ref idref="oc-329"/>
      </symbol>
      <symbol id="sm-99d">
         <name>fputs</name>
         <value>0xaf8e</value>
         <object_component_ref idref="oc-322"/>
      </symbol>
      <symbol id="sm-9b8">
         <name>__TI_frcdivd</name>
         <value>0x8000</value>
         <object_component_ref idref="oc-4dc"/>
      </symbol>
      <symbol id="sm-9c4">
         <name>frexp</name>
         <value>0xc860</value>
         <object_component_ref idref="oc-449"/>
      </symbol>
      <symbol id="sm-9d4">
         <name>ldexp</name>
         <value>0xbe20</value>
         <object_component_ref idref="oc-4ec"/>
      </symbol>
      <symbol id="sm-a2a">
         <name>lseek</name>
         <value>0xd052</value>
         <object_component_ref idref="oc-45e"/>
      </symbol>
      <symbol id="sm-a2b">
         <name>write</name>
         <value>0xd09c</value>
         <object_component_ref idref="oc-38e"/>
      </symbol>
      <symbol id="sm-a2c">
         <name>close</name>
         <value>0xc63e</value>
         <object_component_ref idref="oc-5b6"/>
      </symbol>
      <symbol id="sm-a2d">
         <name>unlink</name>
         <value>0xcfd8</value>
         <object_component_ref idref="oc-5bd"/>
      </symbol>
      <symbol id="sm-a3d">
         <name>__mspabi_slll_9</name>
         <value>0xca6e</value>
         <object_component_ref idref="oc-569"/>
      </symbol>
      <symbol id="sm-a3e">
         <name>__mspabi_slll_8</name>
         <value>0xca72</value>
         <object_component_ref idref="oc-569"/>
      </symbol>
      <symbol id="sm-a3f">
         <name>__mspabi_slll_7</name>
         <value>0xca76</value>
         <object_component_ref idref="oc-569"/>
      </symbol>
      <symbol id="sm-a40">
         <name>__mspabi_slll_6</name>
         <value>0xca7a</value>
         <object_component_ref idref="oc-569"/>
      </symbol>
      <symbol id="sm-a41">
         <name>__mspabi_slll_5</name>
         <value>0xca7e</value>
         <object_component_ref idref="oc-569"/>
      </symbol>
      <symbol id="sm-a42">
         <name>__mspabi_slll_4</name>
         <value>0xca82</value>
         <object_component_ref idref="oc-569"/>
      </symbol>
      <symbol id="sm-a43">
         <name>__mspabi_slll_3</name>
         <value>0xca86</value>
         <object_component_ref idref="oc-569"/>
      </symbol>
      <symbol id="sm-a44">
         <name>__mspabi_slll_2</name>
         <value>0xca8a</value>
         <object_component_ref idref="oc-569"/>
      </symbol>
      <symbol id="sm-a45">
         <name>__mspabi_slll_1</name>
         <value>0xca8e</value>
         <object_component_ref idref="oc-569"/>
      </symbol>
      <symbol id="sm-a46">
         <name>__mspabi_slll</name>
         <value>0xd2f8</value>
         <object_component_ref idref="oc-632"/>
      </symbol>
      <symbol id="sm-a47">
         <name>__mspabi_slll_15</name>
         <value>0xca56</value>
         <object_component_ref idref="oc-569"/>
      </symbol>
      <symbol id="sm-a48">
         <name>__mspabi_slll_14</name>
         <value>0xca5a</value>
         <object_component_ref idref="oc-569"/>
      </symbol>
      <symbol id="sm-a49">
         <name>__mspabi_slll_13</name>
         <value>0xca5e</value>
         <object_component_ref idref="oc-569"/>
      </symbol>
      <symbol id="sm-a4a">
         <name>__mspabi_slll_12</name>
         <value>0xca62</value>
         <object_component_ref idref="oc-569"/>
      </symbol>
      <symbol id="sm-a4b">
         <name>__mspabi_slll_11</name>
         <value>0xca66</value>
         <object_component_ref idref="oc-569"/>
      </symbol>
      <symbol id="sm-a4c">
         <name>__mspabi_slll_10</name>
         <value>0xca6a</value>
         <object_component_ref idref="oc-569"/>
      </symbol>
      <symbol id="sm-a59">
         <name>__mspabi_sllll</name>
         <value>0xcbc0</value>
         <object_component_ref idref="oc-554"/>
      </symbol>
      <symbol id="sm-a69">
         <name>__mspabi_srll_8</name>
         <value>0xcab0</value>
         <object_component_ref idref="oc-56e"/>
      </symbol>
      <symbol id="sm-a6a">
         <name>__mspabi_srll_9</name>
         <value>0xcaac</value>
         <object_component_ref idref="oc-56e"/>
      </symbol>
      <symbol id="sm-a6b">
         <name>__mspabi_srll_6</name>
         <value>0xcab8</value>
         <object_component_ref idref="oc-56e"/>
      </symbol>
      <symbol id="sm-a6c">
         <name>__mspabi_srll_7</name>
         <value>0xcab4</value>
         <object_component_ref idref="oc-56e"/>
      </symbol>
      <symbol id="sm-a6d">
         <name>__mspabi_srll_4</name>
         <value>0xcac0</value>
         <object_component_ref idref="oc-56e"/>
      </symbol>
      <symbol id="sm-a6e">
         <name>__mspabi_srll_5</name>
         <value>0xcabc</value>
         <object_component_ref idref="oc-56e"/>
      </symbol>
      <symbol id="sm-a6f">
         <name>__mspabi_srll_2</name>
         <value>0xcac8</value>
         <object_component_ref idref="oc-56e"/>
      </symbol>
      <symbol id="sm-a70">
         <name>__mspabi_srll_3</name>
         <value>0xcac4</value>
         <object_component_ref idref="oc-56e"/>
      </symbol>
      <symbol id="sm-a71">
         <name>__mspabi_srll_1</name>
         <value>0xcacc</value>
         <object_component_ref idref="oc-56e"/>
      </symbol>
      <symbol id="sm-a72">
         <name>__mspabi_srll_15</name>
         <value>0xca94</value>
         <object_component_ref idref="oc-56e"/>
      </symbol>
      <symbol id="sm-a73">
         <name>__mspabi_srll_14</name>
         <value>0xca98</value>
         <object_component_ref idref="oc-56e"/>
      </symbol>
      <symbol id="sm-a74">
         <name>__mspabi_srll_13</name>
         <value>0xca9c</value>
         <object_component_ref idref="oc-56e"/>
      </symbol>
      <symbol id="sm-a75">
         <name>__mspabi_srll_12</name>
         <value>0xcaa0</value>
         <object_component_ref idref="oc-56e"/>
      </symbol>
      <symbol id="sm-a76">
         <name>__mspabi_srll_11</name>
         <value>0xcaa4</value>
         <object_component_ref idref="oc-56e"/>
      </symbol>
      <symbol id="sm-a77">
         <name>__mspabi_srll_10</name>
         <value>0xcaa8</value>
         <object_component_ref idref="oc-56e"/>
      </symbol>
      <symbol id="sm-a78">
         <name>__mspabi_srll</name>
         <value>0xd308</value>
         <object_component_ref idref="oc-54f"/>
      </symbol>
      <symbol id="sm-a85">
         <name>__mspabi_srlll</name>
         <value>0xcbfa</value>
         <object_component_ref idref="oc-498"/>
      </symbol>
      <symbol id="sm-a94">
         <name>ltoa</name>
         <value>0xbfa2</value>
         <object_component_ref idref="oc-4b1"/>
      </symbol>
      <symbol id="sm-aa3">
         <name>memccpy</name>
         <value>0xd1bc</value>
         <object_component_ref idref="oc-36b"/>
      </symbol>
      <symbol id="sm-ab2">
         <name>memchr</name>
         <value>0xd276</value>
         <object_component_ref idref="oc-382"/>
      </symbol>
      <symbol id="sm-ac0">
         <name>memcpy</name>
         <value>0xd2d6</value>
         <object_component_ref idref="oc-2e4"/>
      </symbol>
      <symbol id="sm-ace">
         <name>memset</name>
         <value>0xd28a</value>
         <object_component_ref idref="oc-351"/>
      </symbol>
      <symbol id="sm-aee">
         <name>__mspabi_mpyd</name>
         <value>0x8da6</value>
         <object_component_ref idref="oc-43c"/>
      </symbol>
      <symbol id="sm-af9">
         <name>__mspabi_negd</name>
         <value>0xcfae</value>
         <object_component_ref idref="oc-3c1"/>
      </symbol>
      <symbol id="sm-b08">
         <name>strchr</name>
         <value>0xd1d6</value>
         <object_component_ref idref="oc-5a8"/>
      </symbol>
      <symbol id="sm-b16">
         <name>strcmp</name>
         <value>0xd208</value>
         <object_component_ref idref="oc-68c"/>
      </symbol>
      <symbol id="sm-b23">
         <name>strlen</name>
         <value>0xd336</value>
         <object_component_ref idref="oc-2ec"/>
      </symbol>
      <symbol id="sm-b33">
         <name>strncpy</name>
         <value>0xcf82</value>
         <object_component_ref idref="oc-661"/>
      </symbol>
      <symbol id="sm-b3c">
         <name>__mspabi_subd</name>
         <value>0xcea0</value>
         <object_component_ref idref="oc-4bd"/>
      </symbol>
      <symbol id="sm-b49">
         <name>toupper</name>
         <value>0xd35c</value>
         <object_component_ref idref="oc-3b5"/>
      </symbol>
      <symbol id="sm-b84">
         <name>HOSTrename</name>
         <value>0xc17e</value>
         <object_component_ref idref="oc-544"/>
      </symbol>
      <symbol id="sm-b85">
         <name>HOSTclose</name>
         <value>0xc6d0</value>
         <object_component_ref idref="oc-526"/>
      </symbol>
      <symbol id="sm-b86">
         <name>HOSTunlink</name>
         <value>0xc79c</value>
         <object_component_ref idref="oc-53e"/>
      </symbol>
      <symbol id="sm-b87">
         <name>HOSTlseek</name>
         <value>0xbd18</value>
         <object_component_ref idref="oc-538"/>
      </symbol>
      <symbol id="sm-b88">
         <name>HOSTopen</name>
         <value>0xc320</value>
         <object_component_ref idref="oc-520"/>
      </symbol>
      <symbol id="sm-b89">
         <name>HOSTwrite</name>
         <value>0xc3e4</value>
         <object_component_ref idref="oc-532"/>
      </symbol>
      <symbol id="sm-b8a">
         <name>HOSTread</name>
         <value>0xc442</value>
         <object_component_ref idref="oc-52c"/>
      </symbol>
      <symbol id="sm-ba8">
         <name>__TI_readmsg</name>
         <value>0xcf56</value>
         <object_component_ref idref="oc-5d0"/>
      </symbol>
      <symbol id="sm-ba9">
         <name>C$$IO$$</name>
         <value>0xce9c</value>
         <object_component_ref idref="oc-5ca"/>
      </symbol>
      <symbol id="sm-baa">
         <name>_CIOBUF_</name>
         <value>0x21c4</value>
         <object_component_ref idref="oc-62a"/>
      </symbol>
      <symbol id="sm-bab">
         <name>__TI_writemsg</name>
         <value>0xce72</value>
         <object_component_ref idref="oc-5ca"/>
      </symbol>
      <symbol id="sm-bb9">
         <name>_Dclass</name>
         <value>0xc5ee</value>
         <object_component_ref idref="oc-3bb"/>
      </symbol>
      <symbol id="sm-bdc">
         <name>_Dscale</name>
         <value>0xa246</value>
         <object_component_ref idref="oc-59a"/>
      </symbol>
      <symbol id="sm-bee">
         <name>_Dunscale</name>
         <value>0xc10c</value>
         <object_component_ref idref="oc-4e4"/>
      </symbol>
      <symbol id="sm-bfa">
         <name>_Feraise</name>
         <value>0xcd7c</value>
         <object_component_ref idref="oc-5a0"/>
      </symbol>
      <symbol id="sm-c01">
         <name>_Rteps</name>
         <value>0x1d10</value>
         <object_component_ref idref="oc-60b"/>
      </symbol>
      <symbol id="sm-c02">
         <name>_Zero</name>
         <value>0x1d28</value>
         <object_component_ref idref="oc-60b"/>
      </symbol>
      <symbol id="sm-c03">
         <name>_Hugeval</name>
         <value>0x1cd0</value>
         <object_component_ref idref="oc-60b"/>
      </symbol>
      <symbol id="sm-c04">
         <name>_Snan</name>
         <value>0x1d00</value>
         <object_component_ref idref="oc-60b"/>
      </symbol>
      <symbol id="sm-c05">
         <name>_Nan</name>
         <value>0x1cf0</value>
         <object_component_ref idref="oc-60b"/>
      </symbol>
      <symbol id="sm-c06">
         <name>_Inf</name>
         <value>0x1ce0</value>
         <object_component_ref idref="oc-60b"/>
      </symbol>
      <symbol id="sm-c07">
         <name>_Xbig</name>
         <value>0x1d20</value>
         <object_component_ref idref="oc-60b"/>
      </symbol>
      <symbol id="sm-c08">
         <name>_Eps</name>
         <value>0x1cc0</value>
         <object_component_ref idref="oc-60b"/>
      </symbol>
      <symbol id="sm-c09">
         <name>_Denorm</name>
         <value>0x1cb0</value>
         <object_component_ref idref="oc-60b"/>
      </symbol>
      <symbol id="sm-c21">
         <name>__TI_wrt_ok</name>
         <value>0xc01e</value>
         <object_component_ref idref="oc-37c"/>
      </symbol>
      <symbol id="sm-c2b">
         <name>abs</name>
         <value>0xd372</value>
         <object_component_ref idref="oc-561"/>
      </symbol>
      <symbol id="sm-c4d">
         <name>__mspabi_addd</name>
         <value>0x8ad0</value>
         <object_component_ref idref="oc-575"/>
      </symbol>
      <symbol id="sm-c5d">
         <name>__mspabi_sral</name>
         <value>0xd2e8</value>
         <object_component_ref idref="oc-637"/>
      </symbol>
      <symbol id="sm-c5e">
         <name>__mspabi_sral_15</name>
         <value>0xca18</value>
         <object_component_ref idref="oc-583"/>
      </symbol>
      <symbol id="sm-c5f">
         <name>__mspabi_sral_14</name>
         <value>0xca1c</value>
         <object_component_ref idref="oc-583"/>
      </symbol>
      <symbol id="sm-c60">
         <name>__mspabi_sral_13</name>
         <value>0xca20</value>
         <object_component_ref idref="oc-583"/>
      </symbol>
      <symbol id="sm-c61">
         <name>__mspabi_sral_12</name>
         <value>0xca24</value>
         <object_component_ref idref="oc-583"/>
      </symbol>
      <symbol id="sm-c62">
         <name>__mspabi_sral_11</name>
         <value>0xca28</value>
         <object_component_ref idref="oc-583"/>
      </symbol>
      <symbol id="sm-c63">
         <name>__mspabi_sral_10</name>
         <value>0xca2c</value>
         <object_component_ref idref="oc-583"/>
      </symbol>
      <symbol id="sm-c64">
         <name>__mspabi_sral_8</name>
         <value>0xca34</value>
         <object_component_ref idref="oc-583"/>
      </symbol>
      <symbol id="sm-c65">
         <name>__mspabi_sral_9</name>
         <value>0xca30</value>
         <object_component_ref idref="oc-583"/>
      </symbol>
      <symbol id="sm-c66">
         <name>__mspabi_sral_6</name>
         <value>0xca3c</value>
         <object_component_ref idref="oc-583"/>
      </symbol>
      <symbol id="sm-c67">
         <name>__mspabi_sral_7</name>
         <value>0xca38</value>
         <object_component_ref idref="oc-583"/>
      </symbol>
      <symbol id="sm-c68">
         <name>__mspabi_sral_4</name>
         <value>0xca44</value>
         <object_component_ref idref="oc-583"/>
      </symbol>
      <symbol id="sm-c69">
         <name>__mspabi_sral_5</name>
         <value>0xca40</value>
         <object_component_ref idref="oc-583"/>
      </symbol>
      <symbol id="sm-c6a">
         <name>__mspabi_sral_2</name>
         <value>0xca4c</value>
         <object_component_ref idref="oc-583"/>
      </symbol>
      <symbol id="sm-c6b">
         <name>__mspabi_sral_3</name>
         <value>0xca48</value>
         <object_component_ref idref="oc-583"/>
      </symbol>
      <symbol id="sm-c6c">
         <name>__mspabi_sral_1</name>
         <value>0xca50</value>
         <object_component_ref idref="oc-583"/>
      </symbol>
      <symbol id="sm-c79">
         <name>__mspabi_remli</name>
         <value>0xc8e0</value>
         <object_component_ref idref="oc-55c"/>
      </symbol>
      <symbol id="sm-c7a">
         <name>__mspabi_divli</name>
         <value>0xc8e0</value>
         <object_component_ref idref="oc-55c"/>
      </symbol>
      <symbol id="sm-c81">
         <name>_Errno</name>
         <value>0x1e96</value>
         <object_component_ref idref="oc-616"/>
      </symbol>
      <symbol id="sm-c99">
         <name>feraiseexcept</name>
         <value>0xce42</value>
         <object_component_ref idref="oc-610"/>
      </symbol>
      <symbol id="sm-c9a">
         <name>_Tls_setup__Fenv</name>
         <value>0x1e7a</value>
         <object_component_ref idref="oc-653"/>
      </symbol>
      <symbol id="sm-c9b">
         <name>_Fenv</name>
         <value>0x1e76</value>
         <object_component_ref idref="oc-653"/>
      </symbol>
      <symbol id="sm-cac">
         <name>__TI_doflush</name>
         <value>0xc382</value>
         <object_component_ref idref="oc-388"/>
      </symbol>
      <symbol id="sm-ccd">
         <name>__TI_frcaddd</name>
         <value>0x9026</value>
         <object_component_ref idref="oc-5ef"/>
      </symbol>
      <symbol id="sm-cde">
         <name>__TI_frcmpyd</name>
         <value>0x87ec</value>
         <object_component_ref idref="oc-4d4"/>
      </symbol>
      <symbol id="sm-cee">
         <name>fseek</name>
         <value>0xc1e8</value>
         <object_component_ref idref="oc-3ed"/>
      </symbol>
      <symbol id="sm-cf7">
         <name>__mspabi_slli</name>
         <value>0xd37c</value>
         <object_component_ref idref="oc-606"/>
      </symbol>
      <symbol id="sm-d00">
         <name>__mspabi_srli</name>
         <value>0xd386</value>
         <object_component_ref idref="oc-601"/>
      </symbol>
      <symbol id="sm-d14">
         <name>raise</name>
         <value>0xcde0</value>
         <object_component_ref idref="oc-656"/>
      </symbol>
      <symbol id="sm-d28">
         <name>__TI_renormd</name>
         <value>0xb60e</value>
         <object_component_ref idref="oc-63c"/>
      </symbol>
      <symbol id="sm-d40">
         <name>setvbuf</name>
         <value>0xb48c</value>
         <object_component_ref idref="oc-3f3"/>
      </symbol>
      <symbol id="sm-d55">
         <name>signal</name>
         <value>0xcd46</value>
         <object_component_ref idref="oc-682"/>
      </symbol>
      <symbol id="sm-d62">
         <name>strcpy</name>
         <value>0xd318</value>
         <object_component_ref idref="oc-5dc"/>
      </symbol>
      <symbol id="sm-d75">
         <name>_Dnorm</name>
         <value>0xabc8</value>
         <object_component_ref idref="oc-590"/>
      </symbol>
      <symbol id="sm-d81">
         <name>__TI_cleanup</name>
         <value>0xcdae</value>
         <object_component_ref idref="oc-472"/>
      </symbol>
      <symbol id="sm-dce">
         <name>_sys_memory</name>
         <value>0x2084</value>
         <object_component_ref idref="oc-c7"/>
      </symbol>
      <symbol id="sm-dcf">
         <name>free</name>
         <value>0xbf22</value>
         <object_component_ref idref="oc-466"/>
      </symbol>
      <symbol id="sm-dd0">
         <name>malloc</name>
         <value>0xb6c0</value>
         <object_component_ref idref="oc-46c"/>
      </symbol>
      <symbol id="sm-dd1">
         <name>minit</name>
         <value>0xcc34</value>
         <object_component_ref idref="oc-50d"/>
      </symbol>
      <symbol id="sm-de2">
         <name>__TI_closefile</name>
         <value>0xc252</value>
         <object_component_ref idref="oc-514"/>
      </symbol>
      <symbol id="sm-de5">
         <name>__TI_INITARRAY_Base</name>
         <value>0x0</value>
      </symbol>
      <symbol id="sm-de6">
         <name>__TI_INITARRAY_Limit</name>
         <value>0x0</value>
      </symbol>
      <symbol id="sm-de7">
         <name>remove</name>
         <value>0xcfd8</value>
      </symbol>
   </symbol_table>
   <title>Link successful</title>
</link_info>
