******************************************************************************
                  MSP430 Linker PC v4.4.7                      
******************************************************************************
>> Linked Sun Mar 06 09:12:10 2016

OUTPUT FILE NAME:   <Fixed_LT_FIFO.out>
ENTRY POINT SYMBOL: "_c_int00_noargs"  address: 0000cad6


MEMORY CONFIGURATION

         name            origin    length      used     unused   attr    fill
----------------------  --------  ---------  --------  --------  ----  --------
  SFR                   00000000   00000010  00000000  00000010  RWIX
  PERIPHERALS_8BIT      00000010   000000f0  00000000  000000f0  RWIX
  PERIPHERALS_16BIT     00000100   00000100  00000000  00000100  RWIX
  INFOD                 00001800   00000080  00000000  00000080  RWIX
  INFOC                 00001880   00000080  00000000  00000080  RWIX
  INFOB                 00001900   00000080  00000000  00000080  RWIX
  INFOA                 00001980   00000080  00000000  00000080  RWIX
  RAM                   00001c00   00000ffe  00000602  000009fc  RWIX
  FLASH                 00008000   00007f80  00004ecb  000030b5  RWIX
  INT00                 0000ff80   00000002  00000000  00000002  RWIX
  INT01                 0000ff82   00000002  00000000  00000002  RWIX
  INT02                 0000ff84   00000002  00000000  00000002  RWIX
  INT03                 0000ff86   00000002  00000000  00000002  RWIX
  INT04                 0000ff88   00000002  00000000  00000002  RWIX
  INT05                 0000ff8a   00000002  00000000  00000002  RWIX
  INT06                 0000ff8c   00000002  00000000  00000002  RWIX
  INT07                 0000ff8e   00000002  00000000  00000002  RWIX
  INT08                 0000ff90   00000002  00000000  00000002  RWIX
  INT09                 0000ff92   00000002  00000000  00000002  RWIX
  INT10                 0000ff94   00000002  00000000  00000002  RWIX
  INT11                 0000ff96   00000002  00000000  00000002  RWIX
  INT12                 0000ff98   00000002  00000000  00000002  RWIX
  INT13                 0000ff9a   00000002  00000000  00000002  RWIX
  INT14                 0000ff9c   00000002  00000000  00000002  RWIX
  INT15                 0000ff9e   00000002  00000000  00000002  RWIX
  INT16                 0000ffa0   00000002  00000000  00000002  RWIX
  INT17                 0000ffa2   00000002  00000000  00000002  RWIX
  INT18                 0000ffa4   00000002  00000000  00000002  RWIX
  INT19                 0000ffa6   00000002  00000000  00000002  RWIX
  INT20                 0000ffa8   00000002  00000000  00000002  RWIX
  INT21                 0000ffaa   00000002  00000000  00000002  RWIX
  INT22                 0000ffac   00000002  00000000  00000002  RWIX
  INT23                 0000ffae   00000002  00000000  00000002  RWIX
  INT24                 0000ffb0   00000002  00000000  00000002  RWIX
  INT25                 0000ffb2   00000002  00000000  00000002  RWIX
  INT26                 0000ffb4   00000002  00000000  00000002  RWIX
  INT27                 0000ffb6   00000002  00000000  00000002  RWIX
  INT28                 0000ffb8   00000002  00000000  00000002  RWIX
  INT29                 0000ffba   00000002  00000000  00000002  RWIX
  INT30                 0000ffbc   00000002  00000000  00000002  RWIX
  INT31                 0000ffbe   00000002  00000000  00000002  RWIX
  INT32                 0000ffc0   00000002  00000000  00000002  RWIX
  INT33                 0000ffc2   00000002  00000000  00000002  RWIX
  INT34                 0000ffc4   00000002  00000000  00000002  RWIX
  INT35                 0000ffc6   00000002  00000000  00000002  RWIX
  INT36                 0000ffc8   00000002  00000000  00000002  RWIX
  INT37                 0000ffca   00000002  00000000  00000002  RWIX
  INT38                 0000ffcc   00000002  00000000  00000002  RWIX
  INT39                 0000ffce   00000002  00000000  00000002  RWIX
  INT40                 0000ffd0   00000002  00000000  00000002  RWIX
  INT41                 0000ffd2   00000002  00000000  00000002  RWIX
  INT42                 0000ffd4   00000002  00000000  00000002  RWIX
  INT43                 0000ffd6   00000002  00000000  00000002  RWIX
  INT44                 0000ffd8   00000002  00000000  00000002  RWIX
  INT45                 0000ffda   00000002  00000002  00000000  RWIX
  INT46                 0000ffdc   00000002  00000002  00000000  RWIX
  INT47                 0000ffde   00000002  00000000  00000002  RWIX
  INT48                 0000ffe0   00000002  00000002  00000000  RWIX
  INT49                 0000ffe2   00000002  00000002  00000000  RWIX
  INT50                 0000ffe4   00000002  00000002  00000000  RWIX
  INT51                 0000ffe6   00000002  00000002  00000000  RWIX
  INT52                 0000ffe8   00000002  00000002  00000000  RWIX
  INT53                 0000ffea   00000002  00000002  00000000  RWIX
  INT54                 0000ffec   00000002  00000002  00000000  RWIX
  INT55                 0000ffee   00000002  00000002  00000000  RWIX
  INT56                 0000fff0   00000002  00000002  00000000  RWIX
  INT57                 0000fff2   00000002  00000002  00000000  RWIX
  INT58                 0000fff4   00000002  00000002  00000000  RWIX
  INT59                 0000fff6   00000002  00000002  00000000  RWIX
  INT60                 0000fff8   00000002  00000002  00000000  RWIX
  INT61                 0000fffa   00000002  00000002  00000000  RWIX
  INT62                 0000fffc   00000002  00000002  00000000  RWIX
  RESET                 0000fffe   00000002  00000002  00000000  RWIX


SECTION ALLOCATION MAP

 output                                  attributes/
section   page    origin      length       input sections
--------  ----  ----------  ----------   ----------------
.data      0    00001c00    00000294     UNINITIALIZED
                  00001c00    000000b0     rts430x_lc_sd_eabi.lib : signal.obj (.data:sigtable)
                  00001cb0    00000080                            : xvalues.obj (.data)
                  00001d30    00000078                            : lowlev.obj (.data:_device)
                  00001da8    00000078                            : defs.obj (.data:_ftable)
                  00001e20    00000028                            : lowlev.obj (.data:_stream)
                  00001e48    00000023     RfRegSettings.obj (.data)
                  00001e6b    00000001     --HOLE--
                  00001e6c    0000000a     RF_Toggle_LED_Demo.obj (.data)
                  00001e76    00000008     rts430x_lc_sd_eabi.lib : feraiseexcept.obj (.data)
                  00001e7e    00000004                            : exit_gvars.obj (.data:__TI_cleanup_ptr)
                  00001e82    00000004                            : exit_gvars.obj (.data:__TI_dtors_ptr)
                  00001e86    00000004                            : _lock.obj (.data:_lock)
                  00001e8a    00000004                            : _lock.obj (.data:_unlock)
                  00001e8e    00000002                            : defs.obj (.data)
                  00001e90    00000002                            : errno.obj (.data)
                  00001e92    00000002                            : memory.obj (.data)

.sysmem    0    00001e94    00000140     UNINITIALIZED
                  00001e94    00000004     rts430x_lc_sd_eabi.lib : memory.obj (.sysmem)
                  00001e98    0000013c     --HOLE--

.cio       0    00001fd4    00000120     UNINITIALIZED
                  00001fd4    00000120     rts430x_lc_sd_eabi.lib : trgmsg.obj (.cio)

.bss       0    000020f4    000000be     UNINITIALIZED
                  000020f4    000000a0     (.common:__TI_tmpnams)
                  00002194    00000008     (.common:RxBuffer)
                  0000219c    00000008     (.common:parmbuf)
                  000021a4    00000004     (.common:num1)
                  000021a8    00000004     (.common:starttime)
                  000021ac    00000002     (.common:memsize)
                  000021ae    00000002     (.common:sys_base)
                  000021b0    00000002     (.common:sys_free)

.stack     0    00002bac    00000050     UNINITIALIZED
                  00002bac    00000002     rts430x_lc_sd_eabi.lib : boot.obj (.stack)
                  00002bae    0000004e     --HOLE--

.text      0    00008000    00004c8c     
                  00008000    00000452     rts430x_lc_sd_eabi.lib : frcdivd.obj (.text:__TI_frcdivd)
                  00008452    0000039a                            : div64u.obj (.text:__mspabi_divull)
                  000087ec    000002e4                            : frcmpyd.obj (.text:__TI_frcmpyd)
                  00008ad0    000002d6                            : addd.obj (.text:__mspabi_addd)
                  00008da6    00000280                            : mpyd.obj (.text:__mspabi_mpyd)
                  00009026    00000252                            : frcaddd.obj (.text:__TI_frcaddd)
                  00009278    00000244                            : _printfi.obj (.text:_setfield)
                  000094bc    00000220                            : divd.obj (.text:__mspabi_divd)
                  000096dc    00000210                            : _printfi.obj (.text:_pproc_fgea)
                  000098ec    0000020e                            : _printfi.obj (.text:acvt)
                  00009afa    00000200                            : _printfi.obj (.text:ecvt)
                  00009cfa    000001da                            : _printfi.obj (.text:fcvt)
                  00009ed4    000001d2                            : _printfi.obj (.text:__TI_printfi)
                  0000a0a6    000001a0     RF1A.obj (.text:WriteRfSettings)
                  0000a246    000001a0     rts430x_lc_sd_eabi.lib : xdscale.obj (.text:_Dscale)
                  0000a3e6    0000019a                            : _printfi.obj (.text:_pconv_e)
                  0000a580    00000168                            : _printfi.obj (.text:_pconv_a)
                  0000a6e8    00000164                            : _printfi.obj (.text:_getarg_diouxp)
                  0000a84c    00000140                            : _printfi.obj (.text:_pproc_diouxp)
                  0000a98c    000000fc                            : xdnorm.obj (.text:_Dnorm)
                  0000aa88    000000f4                            : _printfi.obj (.text:_pconv_g)
                  0000ab7c    000000f4                            : _printfi.obj (.text:_pproc_fwp)
                  0000ac70    000000e0     RF_Toggle_LED_Demo.obj (.text:_isr:CC1101_ISR)
                  0000ad50    000000de     rts430x_lc_sd_eabi.lib : fputs.obj (.text:fputs)
                  0000ae2e    000000d8                            : cmpd.obj (.text:__mspabi_cmpd)
                  0000af06    000000d6                            : copy_decompress_rle.obj (.text:__TI_decompress_rle_core)
                  0000afdc    000000d4     HAL_PMM.obj (.text:SetVCoreUp)
                  0000b0b0    000000cc     rts430x_lc_sd_eabi.lib : setvbuf.obj (.text:setvbuf)
                  0000b17c    000000b2                            : renormd.obj (.text:__TI_renormd)
                  0000b22e    000000ac                            : memory.obj (.text:malloc)
                  0000b2da    000000a0                            : _printfi.obj (.text:_pproc_str)
                  0000b37a    0000009a     HAL_PMM.obj (.text:SetVCoreDown)
                  0000b414    00000096     rts430x_lc_sd_eabi.lib : _printfi.obj (.text:_ltostr)
                  0000b4aa    00000094                            : fltlid.obj (.text:__mspabi_fltlid)
                  0000b53e    0000008e     RF1A.obj (.text:Strobe)
                  0000b5cc    0000008e     rts430x_lc_sd_eabi.lib : _printfi.obj (.text:_ecpy)
                  0000b65a    0000008c                            : fputc.obj (.text:fputc)
                  0000b6e6    0000008a                            : _printfi.obj (.text:_mcpy)
                  0000b770    00000088                            : _printfi.obj (.text:_div)
                  0000b7f8    00000086                            : trgdrv.obj (.text:HOSTlseek)
                  0000b87e    00000082                            : ldexp.obj (.text:ldexp)
                  0000b900    00000080                            : autoinit_wdt.obj (.text:_auto_init_hold_wdt)
                  0000b980    00000080                            : memory.obj (.text:free)
                  0000ba00    0000007c                            : ltoa.obj (.text:ltoa)
                  0000ba7c    0000007a                            : _io_perm.obj (.text:__TI_wrt_ok)
                  0000baf6    00000074                            : _printfi.obj (.text:_pconv_f)
                  0000bb6a    00000072                            : xdunscal.obj (.text:_Dunscale)
                  0000bbdc    0000006a                            : trgdrv.obj (.text:HOSTrename)
                  0000bc46    0000006a                            : fseek.obj (.text:fseek)
                  0000bcb0    00000068     RF_Toggle_LED_Demo.obj (.text:InitButtonLeds)
                  0000bd18    00000068     rts430x_lc_sd_eabi.lib : fclose.obj (.text:__TI_closefile)
                  0000bd80    00000066                            : fixdli.obj (.text:__mspabi_fixdli)
                  0000bde6    00000062                            : trgdrv.obj (.text:HOSTopen)
                  0000be48    00000062                            : fflush.obj (.text:__TI_doflush)
                  0000beaa    0000005e                            : trgdrv.obj (.text:HOSTwrite)
                  0000bf08    0000005e     RF_Toggle_LED_Demo.obj (.text:main)
                  0000bf66    0000005c     rts430x_lc_sd_eabi.lib : trgdrv.obj (.text:HOSTread)
                  0000bfc2    0000005c     RF_Toggle_LED_Demo.obj (.text:_isr:TimerA)
                  0000c01e    00000058     rts430x_lc_sd_eabi.lib : div32u.obj (.text)
                  0000c076    00000054                            : lowlev.obj (.text:getdevice)
                  0000c0ca    00000052                            : atoi.obj (.text:atoi)
                  0000c11c    00000050                            : xdclass.obj (.text:_Dclass)
                  0000c16c    0000004a                            : lowlev.obj (.text:close)
                  0000c1b6    00000048                            : _printfi.obj (.text:_fcpy)
                  0000c1fe    00000044                            : trgdrv.obj (.text:HOSTclose)
                  0000c242    00000044                            : _printfi.obj (.text:_pproc_fflags)
                  0000c286    00000042                            : trgdrv.obj (.text:HOSTunlink)
                  0000c2c8    00000042     RF1A.obj (.text:ReadBurstReg)
                  0000c30a    00000040     rts430x_lc_sd_eabi.lib : cpy_util.obj (.text:__memcpy_far)
                  0000c34a    00000040                            : frexp.obj (.text:frexp)
                  0000c38a    00000040                            : printf.obj (.text:printf)
                  0000c3ca    00000040                            : div32s.obj (.text)
                  0000c40a    0000003e     RF1A.obj (.text:WriteBurstReg)
                  0000c448    0000003e     rts430x_lc_sd_eabi.lib : copy_zero_init.obj (.text:decompress:ZI:__TI_zero_init)
                  0000c486    0000003e                            : asr32.obj (.text:l_asr_const)
                  0000c4c4    0000003e                            : lsl32.obj (.text:l_lsl_const)
                  0000c502    0000003e                            : lsr32.obj (.text:l_lsr_const)
                  0000c540    0000003c                            : copy_decompress_none.obj (.text:decompress:none:__TI_decompress_none)
                  0000c57c    0000003a     HAL_PMM.obj (.text:SetVCore)
                  0000c5b6    0000003a     rts430x_lc_sd_eabi.lib : lsl64.obj (.text:__mspabi_sllll)
                  0000c5f0    0000003a                            : lsr64.obj (.text:__mspabi_srlll)
                  0000c62a    00000038                            : memory.obj (.text:minit)
                  0000c662    00000036                            : _printfi.obj (.text:incr_hex)
                  0000c698    00000036                            : signal.obj (.text:signal)
                  0000c6ce    00000032                            : xferaise.obj (.text:_Feraise)
                  0000c700    00000032                            : fopen.obj (.text:__TI_cleanup)
                  0000c732    00000032                            : raise.obj (.text:raise)
                  0000c764    00000030                            : feraiseexcept.obj (.text:feraiseexcept)
                  0000c794    0000002e     RF_Toggle_LED_Demo.obj (.text:Transmit)
                  0000c7c2    0000002e     rts430x_lc_sd_eabi.lib : trgmsg.obj (.text:__TI_writemsg)
                  0000c7f0    0000002e                            : subd.obj (.text:__mspabi_subd)
                  0000c81e    0000002e     RF_Toggle_LED_Demo.obj (.text:_isr:PORT1_ISR)
                  0000c84c    0000002e     rts430x_lc_sd_eabi.lib : exit.obj (.text:exit)
                  0000c87a    0000002e                            : lowlev.obj (.text:finddevice)
                  0000c8a8    0000002c     RF1A.obj (.text:ReadSingleReg)
                  0000c8d4    0000002c     rts430x_lc_sd_eabi.lib : trgmsg.obj (.text:__TI_readmsg)
                  0000c900    0000002c                            : strncpy.obj (.text:strncpy)
                  0000c92c    0000002a                            : negd.obj (.text:__mspabi_negd)
                  0000c956    0000002a                            : lowlev.obj (.text:unlink)
                  0000c980    00000028                            : fixdi.obj (.text:__mspabi_fixdi)
                  0000c9a8    00000026     RF_Toggle_LED_Demo.obj (.text:Transbutton)
                  0000c9ce    00000026     rts430x_lc_sd_eabi.lib : lowlev.obj (.text:lseek)
                  0000c9f4    00000024                            : lowlev.obj (.text:write)
                  0000ca18    00000022     RF_Toggle_LED_Demo.obj (.text:InitRadio)
                  0000ca3a    00000022     RF1A.obj (.text:WriteSinglePATable)
                  0000ca5c    00000022     rts430x_lc_sd_eabi.lib : mult32_f5hw.obj (.text)
                  0000ca7e    0000001e     RF_Toggle_LED_Demo.obj (.text:ReceiveOff)
                  0000ca9c    0000001e     rts430x_lc_sd_eabi.lib : _printfi.obj (.text:val_hex)
                  0000caba    0000001c     RF_Toggle_LED_Demo.obj (.text:ReceiveOn)
                  0000cad6    0000001c     rts430x_lc_sd_eabi.lib : boot_special.obj (.text:_isr:_c_int00_noargs)
                  0000caf2    0000001a                            : memccpy.obj (.text:memccpy)
                  0000cb0c    0000001a                            : strchr.obj (.text:strchr)
                  0000cb26    00000018                            : strcmp.obj (.text:strcmp)
                  0000cb3e    00000016     RF_Toggle_LED_Demo.obj (.text:Receibutton)
                  0000cb54    00000016     rts430x_lc_sd_eabi.lib : div16u.obj (.text)
                  0000cb6a    00000016                            : mult16_f5hw.obj (.text)
                  0000cb80    00000014     RF1A.obj (.text:WriteSingleReg)
                  0000cb94    00000014     rts430x_lc_sd_eabi.lib : memchr.obj (.text:memchr)
                  0000cba8    00000014                            : memset.obj (.text:memset)
                  0000cbbc    00000012     RF1A.obj (.text:ResetRadioCore)
                  0000cbce    00000012     rts430x_lc_sd_eabi.lib : memcpy.obj (.text:memcpy)
                  0000cbe0    00000010                            : asr32.obj (.text:l_asr)
                  0000cbf0    00000010                            : lsl32.obj (.text:l_lsl)
                  0000cc00    00000010                            : lsr32.obj (.text:l_lsr)
                  0000cc10    00000010                            : strcpy.obj (.text:strcpy)
                  0000cc20    0000000e                            : copy_decompress_rle.obj (.text:decompress:rle24:__TI_decompress_rle24)
                  0000cc2e    0000000e                            : strlen.obj (.text:strlen)
                  0000cc3c    0000000c                            : fltid.obj (.text:__mspabi_fltid)
                  0000cc48    0000000c                            : toupper.obj (.text:toupper)
                  0000cc54    0000000a                            : abs.obj (.text:abs)
                  0000cc5e    0000000a                            : lsl16.obj (.text)
                  0000cc68    0000000a                            : lsr16.obj (.text)
                  0000cc72    00000006                            : isr_trap.obj (.text:_isr:__TI_ISR_TRAP)
                  0000cc78    00000006                            : printf.obj (.text:_outc)
                  0000cc7e    00000004                            : printf.obj (.text:_outs)
                  0000cc82    00000004                            : pre_init.obj (.text:_system_pre_init)
                  0000cc86    00000004                            : exit.obj (.text:abort)
                  0000cc8a    00000002                            : _lock.obj (.text:_nop)

.const     0    0000cc8c    00000161     
                  0000cc8c    00000101     rts430x_lc_sd_eabi.lib : ctype.obj (.const:.string:_ctypes_)
                  0000cd8d    00000001     --HOLE-- [fill = 0]
                  0000cd8e    00000034     RF_Toggle_LED_Demo.obj (.const:.string)
                  0000cdc2    00000026     rts430x_lc_sd_eabi.lib : _printfi.obj (.const:.string)
                  0000cde8    00000005     RF_Toggle_LED_Demo.obj (.const:.string:TxBuffer)

.cinit     0    0000cdee    000000de     
                  0000cdee    000000ad     (.cinit..data.load) [load image, compression = rle]
                  0000ce9b    00000001     --HOLE-- [fill = 0]
                  0000ce9c    0000000c     (__TI_handler_table)
                  0000cea8    00000006     (.cinit..bss.load) [load image, compression = zero_init]
                  0000ceae    00000006     (.cinit..cio.load) [load image, compression = zero_init]
                  0000ceb4    00000018     (__TI_cinit_table)

.init_array 
*          0    00008000    00000000     UNINITIALIZED

.TI.persistent 
*          0    00001c00    00000000     UNINITIALIZED

.TI.noinit 
*          0    000020f4    00000000     UNINITIALIZED

AES        0    0000ffda    00000002     
                  0000ffda    00000002     rts430x_lc_sd_eabi.lib : int45.obj (.int45)

RTC        0    0000ffdc    00000002     
                  0000ffdc    00000002     rts430x_lc_sd_eabi.lib : int46.obj (.int46)

PORT2      0    0000ffe0    00000002     
                  0000ffe0    00000002     rts430x_lc_sd_eabi.lib : int48.obj (.int48)

PORT1      0    0000ffe2    00000002     
                  0000ffe2    00000002     RF_Toggle_LED_Demo.obj (.int49)

TIMER1_A1 
*          0    0000ffe4    00000002     
                  0000ffe4    00000002     rts430x_lc_sd_eabi.lib : int50.obj (.int50)

TIMER1_A0 
*          0    0000ffe6    00000002     
                  0000ffe6    00000002     rts430x_lc_sd_eabi.lib : int51.obj (.int51)

DMA        0    0000ffe8    00000002     
                  0000ffe8    00000002     rts430x_lc_sd_eabi.lib : int52.obj (.int52)

CC1101     0    0000ffea    00000002     
                  0000ffea    00000002     RF_Toggle_LED_Demo.obj (.int53)

TIMER0_A1 
*          0    0000ffec    00000002     
                  0000ffec    00000002     RF_Toggle_LED_Demo.obj (.int54)

TIMER0_A0 
*          0    0000ffee    00000002     
                  0000ffee    00000002     rts430x_lc_sd_eabi.lib : int55.obj (.int55)

ADC12      0    0000fff0    00000002     
                  0000fff0    00000002     rts430x_lc_sd_eabi.lib : int56.obj (.int56)

USCI_B0    0    0000fff2    00000002     
                  0000fff2    00000002     rts430x_lc_sd_eabi.lib : int57.obj (.int57)

USCI_A0    0    0000fff4    00000002     
                  0000fff4    00000002     rts430x_lc_sd_eabi.lib : int58.obj (.int58)

WDT        0    0000fff6    00000002     
                  0000fff6    00000002     rts430x_lc_sd_eabi.lib : int59.obj (.int59)

COMP_B     0    0000fff8    00000002     
                  0000fff8    00000002     rts430x_lc_sd_eabi.lib : int60.obj (.int60)

UNMI       0    0000fffa    00000002     
                  0000fffa    00000002     rts430x_lc_sd_eabi.lib : int61.obj (.int61)

SYSNMI     0    0000fffc    00000002     
                  0000fffc    00000002     rts430x_lc_sd_eabi.lib : int62.obj (.int62)

.reset     0    0000fffe    00000002     
                  0000fffe    00000002     rts430x_lc_sd_eabi.lib : boot.obj (.reset)


LINKER GENERATED COPY TABLES

__TI_cinit_table @ 0000ceb4 records: 3, size/record: 8, table size: 24
	.data: load addr=0000cdee, load size=000000ad bytes, run addr=00001c00, run size=00000294 bytes, compression=rle
	.bss: load addr=0000cea8, load size=00000006 bytes, run addr=000020f4, run size=000000be bytes, compression=zero_init
	.cio: load addr=0000ceae, load size=00000006 bytes, run addr=00001fd4, run size=00000120 bytes, compression=zero_init


LINKER GENERATED HANDLER TABLE

__TI_handler_table @ 0000ce9c records: 3, size/record: 4, table size: 12
	index: 0, handler: __TI_zero_init
	index: 1, handler: __TI_decompress_rle24
	index: 2, handler: __TI_decompress_none


GLOBAL SYMBOLS: SORTED ALPHABETICALLY BY Name 

address   name                    
-------   ----                    
00000700  ADC12CTL0               
00000701  ADC12CTL0_H             
00000700  ADC12CTL0_L             
00000702  ADC12CTL1               
00000703  ADC12CTL1_H             
00000702  ADC12CTL1_L             
00000704  ADC12CTL2               
00000705  ADC12CTL2_H             
00000704  ADC12CTL2_L             
0000070c  ADC12IE                 
0000070d  ADC12IE_H               
0000070c  ADC12IE_L               
0000070a  ADC12IFG                
0000070b  ADC12IFG_H              
0000070a  ADC12IFG_L              
0000070e  ADC12IV                 
0000070f  ADC12IV_H               
0000070e  ADC12IV_L               
00000710  ADC12MCTL0              
00000711  ADC12MCTL1              
0000071a  ADC12MCTL10             
0000071b  ADC12MCTL11             
0000071c  ADC12MCTL12             
0000071d  ADC12MCTL13             
0000071e  ADC12MCTL14             
0000071f  ADC12MCTL15             
00000712  ADC12MCTL2              
00000713  ADC12MCTL3              
00000714  ADC12MCTL4              
00000715  ADC12MCTL5              
00000716  ADC12MCTL6              
00000717  ADC12MCTL7              
00000718  ADC12MCTL8              
00000719  ADC12MCTL9              
00000720  ADC12MEM0               
00000721  ADC12MEM0_H             
00000720  ADC12MEM0_L             
00000722  ADC12MEM1               
00000734  ADC12MEM10              
00000735  ADC12MEM10_H            
00000734  ADC12MEM10_L            
00000736  ADC12MEM11              
00000737  ADC12MEM11_H            
00000736  ADC12MEM11_L            
00000738  ADC12MEM12              
00000739  ADC12MEM12_H            
00000738  ADC12MEM12_L            
0000073a  ADC12MEM13              
0000073b  ADC12MEM13_H            
0000073a  ADC12MEM13_L            
0000073c  ADC12MEM14              
0000073d  ADC12MEM14_H            
0000073c  ADC12MEM14_L            
0000073e  ADC12MEM15              
0000073f  ADC12MEM15_H            
0000073e  ADC12MEM15_L            
00000723  ADC12MEM1_H             
00000722  ADC12MEM1_L             
00000724  ADC12MEM2               
00000725  ADC12MEM2_H             
00000724  ADC12MEM2_L             
00000726  ADC12MEM3               
00000727  ADC12MEM3_H             
00000726  ADC12MEM3_L             
00000728  ADC12MEM4               
00000729  ADC12MEM4_H             
00000728  ADC12MEM4_L             
0000072a  ADC12MEM5               
0000072b  ADC12MEM5_H             
0000072a  ADC12MEM5_L             
0000072c  ADC12MEM6               
0000072d  ADC12MEM6_H             
0000072c  ADC12MEM6_L             
0000072e  ADC12MEM7               
0000072f  ADC12MEM7_H             
0000072e  ADC12MEM7_L             
00000730  ADC12MEM8               
00000731  ADC12MEM8_H             
00000730  ADC12MEM8_L             
00000732  ADC12MEM9               
00000733  ADC12MEM9_H             
00000732  ADC12MEM9_L             
000009c0  AESACTL0                
000009c1  AESACTL0_H              
000009c0  AESACTL0_L              
000009c8  AESADIN                 
000009c9  AESADIN_H               
000009c8  AESADIN_L               
000009ca  AESADOUT                
000009cb  AESADOUT_H              
000009ca  AESADOUT_L              
000009c6  AESAKEY                 
000009c7  AESAKEY_H               
000009c6  AESAKEY_L               
000009c4  AESASTAT                
000009c5  AESASTAT_H              
000009c4  AESASTAT_L              
0000cc86  C$$EXIT                 
0000c7ec  C$$IO$$                 
000008c0  CBCTL0                  
000008c1  CBCTL0_H                
000008c0  CBCTL0_L                
000008c2  CBCTL1                  
000008c3  CBCTL1_H                
000008c2  CBCTL1_L                
000008c4  CBCTL2                  
000008c5  CBCTL2_H                
000008c4  CBCTL2_L                
000008c6  CBCTL3                  
000008c7  CBCTL3_H                
000008c6  CBCTL3_L                
000008cc  CBINT                   
000008cd  CBINT_H                 
000008cc  CBINT_L                 
000008ce  CBIV                    
0000ac70  CC1101_ISR              
00000150  CRCDI                   
00000151  CRCDI_H                 
00000150  CRCDI_L                 
00000154  CRCINIRES               
00000155  CRCINIRES_H             
00000154  CRCINIRES_L             
00000510  DMA0CTL                 
00000511  DMA0CTL_H               
00000510  DMA0CTL_L               
00000516  DMA0DA                  
00000518  DMA0DAH                 
00000516  DMA0DAL                 
00000512  DMA0SA                  
00000514  DMA0SAH                 
00000512  DMA0SAL                 
0000051a  DMA0SZ                  
00000520  DMA1CTL                 
00000521  DMA1CTL_H               
00000520  DMA1CTL_L               
00000526  DMA1DA                  
00000528  DMA1DAH                 
00000526  DMA1DAL                 
00000522  DMA1SA                  
00000524  DMA1SAH                 
00000522  DMA1SAL                 
0000052a  DMA1SZ                  
00000530  DMA2CTL                 
00000531  DMA2CTL_H               
00000530  DMA2CTL_L               
00000536  DMA2DA                  
00000538  DMA2DAH                 
00000536  DMA2DAL                 
00000532  DMA2SA                  
00000534  DMA2SAH                 
00000532  DMA2SAL                 
0000053a  DMA2SZ                  
00000500  DMACTL0                 
00000501  DMACTL0_H               
00000500  DMACTL0_L               
00000502  DMACTL1                 
00000503  DMACTL1_H               
00000502  DMACTL1_L               
00000504  DMACTL2                 
00000505  DMACTL2_H               
00000504  DMACTL2_L               
00000506  DMACTL3                 
00000507  DMACTL3_H               
00000506  DMACTL3_L               
00000508  DMACTL4                 
00000509  DMACTL4_H               
00000508  DMACTL4_L               
0000050e  DMAIV                   
0000050f  DMAIV_H                 
0000050e  DMAIV_L                 
00000140  FCTL1                   
00000141  FCTL1_H                 
00000140  FCTL1_L                 
00000144  FCTL3                   
00000145  FCTL3_H                 
00000144  FCTL3_L                 
00000146  FCTL4                   
00000147  FCTL4_H                 
00000146  FCTL4_L                 
0000c1fe  HOSTclose               
0000b7f8  HOSTlseek               
0000bde6  HOSTopen                
0000bf66  HOSTread                
0000bbdc  HOSTrename              
0000c286  HOSTunlink              
0000beaa  HOSTwrite               
0000bcb0  InitButtonLeds          
0000ca18  InitRadio               
000004c4  MAC                     
000004da  MAC32H                  
000004db  MAC32H_H                
000004da  MAC32H_L                
000004d8  MAC32L                  
000004d9  MAC32L_H                
000004d8  MAC32L_L                
000004c6  MACS                    
000004de  MACS32H                 
000004df  MACS32H_H               
000004de  MACS32H_L               
000004dc  MACS32L                 
000004dd  MACS32L_H               
000004dc  MACS32L_L               
000004c7  MACS_H                  
000004c6  MACS_L                  
000004c5  MAC_H                   
000004c4  MAC_L                   
000004c0  MPY                     
000004ec  MPY32CTL0               
000004ed  MPY32CTL0_H             
000004ec  MPY32CTL0_L             
000004d2  MPY32H                  
000004d3  MPY32H_H                
000004d2  MPY32H_L                
000004d0  MPY32L                  
000004d1  MPY32L_H                
000004d0  MPY32L_L                
000004c2  MPYS                    
000004d6  MPYS32H                 
000004d7  MPYS32H_H               
000004d6  MPYS32H_L               
000004d4  MPYS32L                 
000004d5  MPYS32L_H               
000004d4  MPYS32L_L               
000004c3  MPYS_H                  
000004c2  MPYS_L                  
000004c1  MPY_H                   
000004c0  MPY_L                   
000004c8  OP2                     
000004e2  OP2H                    
000004e3  OP2H_H                  
000004e2  OP2H_L                  
000004e0  OP2L                    
000004e1  OP2L_H                  
000004e0  OP2L_L                  
000004c9  OP2_H                   
000004c8  OP2_L                   
0000020e  P1IV                    
000001c8  P1MAP01                 
000001c9  P1MAP01_H               
000001c8  P1MAP01_L               
000001ca  P1MAP23                 
000001cb  P1MAP23_H               
000001ca  P1MAP23_L               
000001cc  P1MAP45                 
000001cd  P1MAP45_H               
000001cc  P1MAP45_L               
000001ce  P1MAP67                 
000001cf  P1MAP67_H               
000001ce  P1MAP67_L               
0000021e  P2IV                    
000001d0  P2MAP01                 
000001d1  P2MAP01_H               
000001d0  P2MAP01_L               
000001d2  P2MAP23                 
000001d3  P2MAP23_H               
000001d2  P2MAP23_L               
000001d4  P2MAP45                 
000001d5  P2MAP45_H               
000001d4  P2MAP45_L               
000001d6  P2MAP67                 
000001d7  P2MAP67_H               
000001d6  P2MAP67_L               
000001d8  P3MAP01                 
000001d9  P3MAP01_H               
000001d8  P3MAP01_L               
000001da  P3MAP23                 
000001db  P3MAP23_H               
000001da  P3MAP23_L               
000001dc  P3MAP45                 
000001dd  P3MAP45_H               
000001dc  P3MAP45_L               
000001de  P3MAP67                 
000001df  P3MAP67_H               
000001de  P3MAP67_L               
00000204  PADIR                   
00000205  PADIR_H                 
00000204  PADIR_L                 
00000208  PADS                    
00000209  PADS_H                  
00000208  PADS_L                  
0000021a  PAIE                    
00000218  PAIES                   
00000219  PAIES_H                 
00000218  PAIES_L                 
0000021b  PAIE_H                  
0000021a  PAIE_L                  
0000021c  PAIFG                   
0000021d  PAIFG_H                 
0000021c  PAIFG_L                 
00000200  PAIN                    
00000201  PAIN_H                  
00000200  PAIN_L                  
00000202  PAOUT                   
00000203  PAOUT_H                 
00000202  PAOUT_L                 
00000206  PAREN                   
00000207  PAREN_H                 
00000206  PAREN_L                 
0000020a  PASEL                   
0000020b  PASEL_H                 
0000020a  PASEL_L                 
00000224  PBDIR                   
00000225  PBDIR_H                 
00000224  PBDIR_L                 
00000228  PBDS                    
00000229  PBDS_H                  
00000228  PBDS_L                  
00000220  PBIN                    
00000221  PBIN_H                  
00000220  PBIN_L                  
00000222  PBOUT                   
00000223  PBOUT_H                 
00000222  PBOUT_L                 
00000226  PBREN                   
00000227  PBREN_H                 
00000226  PBREN_L                 
0000022a  PBSEL                   
0000022b  PBSEL_H                 
0000022a  PBSEL_L                 
00000244  PCDIR                   
00000245  PCDIR_H                 
00000244  PCDIR_L                 
00000248  PCDS                    
00000249  PCDS_H                  
00000248  PCDS_L                  
00000240  PCIN                    
00000241  PCIN_H                  
00000240  PCIN_L                  
00000242  PCOUT                   
00000243  PCOUT_H                 
00000242  PCOUT_L                 
00000246  PCREN                   
00000247  PCREN_H                 
00000246  PCREN_L                 
0000024a  PCSEL                   
0000024b  PCSEL_H                 
0000024a  PCSEL_L                 
00000324  PJDIR                   
00000325  PJDIR_H                 
00000324  PJDIR_L                 
00000328  PJDS                    
00000329  PJDS_H                  
00000328  PJDS_L                  
00000320  PJIN                    
00000321  PJIN_H                  
00000320  PJIN_L                  
00000322  PJOUT                   
00000323  PJOUT_H                 
00000322  PJOUT_L                 
00000326  PJREN                   
00000327  PJREN_H                 
00000326  PJREN_L                 
000001c2  PMAPCTL                 
000001c3  PMAPCTL_H               
000001c2  PMAPCTL_L               
000001c0  PMAPKEYID               
000001c1  PMAPKEYID_H             
000001c0  PMAPKEYID_L             
00000120  PMMCTL0                 
00000121  PMMCTL0_H               
00000120  PMMCTL0_L               
00000122  PMMCTL1                 
00000123  PMMCTL1_H               
00000122  PMMCTL1_L               
0000012c  PMMIFG                  
0000012d  PMMIFG_H                
0000012c  PMMIFG_L                
0000012e  PMMRIE                  
0000012f  PMMRIE_H                
0000012e  PMMRIE_L                
0000c81e  PORT1_ISR               
00000158  RCCTL0                  
00000159  RCCTL0_H                
00000158  RCCTL0_L                
000001b0  REFCTL0                 
000001b1  REFCTL0_H               
000001b0  REFCTL0_L               
000004e4  RES0                    
000004e5  RES0_H                  
000004e4  RES0_L                  
000004e6  RES1                    
000004e7  RES1_H                  
000004e6  RES1_L                  
000004e8  RES2                    
000004e9  RES2_H                  
000004e8  RES2_L                  
000004ea  RES3                    
000004eb  RES3_H                  
000004ea  RES3_L                  
000004cc  RESHI                   
000004cd  RESHI_H                 
000004cc  RESHI_L                 
000004ca  RESLO                   
000004cb  RESLO_H                 
000004ca  RESLO_L                 
00000f16  RF1ADINW                
00000f17  RF1ADINW_H              
00000f16  RF1ADINW_L              
00000f28  RF1ADOUT0W              
00000f29  RF1ADOUT0W_H            
00000f28  RF1ADOUT0W_L            
00000f2a  RF1ADOUT1W              
00000f2b  RF1ADOUT1W_H            
00000f2a  RF1ADOUT1W_L            
00000f2c  RF1ADOUT2W              
00000f2d  RF1ADOUT2W_H            
00000f2c  RF1ADOUT2W_L            
00000f36  RF1AIE                  
00000f34  RF1AIES                 
00000f35  RF1AIES_H               
00000f34  RF1AIES_L               
00000f37  RF1AIE_H                
00000f36  RF1AIE_L                
00000f00  RF1AIFCTL0              
00000f01  RF1AIFCTL0_H            
00000f00  RF1AIFCTL0_L            
00000f02  RF1AIFCTL1              
00000f03  RF1AIFCTL1_H            
00000f02  RF1AIFCTL1_L            
00000f04  RF1AIFCTL2              
00000f05  RF1AIFCTL2_H            
00000f04  RF1AIFCTL2_L            
00000f06  RF1AIFERR               
00000f0c  RF1AIFERRV              
00000f0d  RF1AIFERRV_H            
00000f0c  RF1AIFERRV_L            
00000f07  RF1AIFERR_H             
00000f06  RF1AIFERR_L             
00000f32  RF1AIFG                 
00000f33  RF1AIFG_H               
00000f32  RF1AIFG_L               
00000f0e  RF1AIFIV                
00000f0f  RF1AIFIV_H              
00000f0e  RF1AIFIV_L              
00000f30  RF1AIN                  
00000f12  RF1AINSTR1W             
00000f13  RF1AINSTR1W_H           
00000f12  RF1AINSTR1W_L           
00000f14  RF1AINSTR2W             
00000f15  RF1AINSTR2W_H           
00000f14  RF1AINSTR2W_L           
00000f10  RF1AINSTRW              
00000f11  RF1AINSTRW_H            
00000f10  RF1AINSTRW_L            
00000f31  RF1AIN_H                
00000f30  RF1AIN_L                
00000f38  RF1AIV                  
00000f39  RF1AIV_H                
00000f38  RF1AIV_L                
00000f3c  RF1ARXFIFO              
00000f3d  RF1ARXFIFO_H            
00000f3c  RF1ARXFIFO_L            
00000f20  RF1ASTAT0W              
00000f21  RF1ASTAT0W_H            
00000f20  RF1ASTAT0W_L            
00000f22  RF1ASTAT1W              
00000f23  RF1ASTAT1W_H            
00000f22  RF1ASTAT1W_L            
00000f24  RF1ASTAT2W              
00000f25  RF1ASTAT2W_H            
00000f24  RF1ASTAT2W_L            
00000f3e  RF1ATXFIFO              
00000f3f  RF1ATXFIFO_H            
00000f3e  RF1ATXFIFO_L            
000004ba  RTCADOWDAY              
000004bb  RTCADOWDAY_H            
000004ba  RTCADOWDAY_L            
000004b8  RTCAMINHR               
000004b9  RTCAMINHR_H             
000004b8  RTCAMINHR_L             
000004a0  RTCCTL01                
000004a1  RTCCTL01_H              
000004a0  RTCCTL01_L              
000004a2  RTCCTL23                
000004a3  RTCCTL23_H              
000004a2  RTCCTL23_L              
000004b4  RTCDATE                 
000004b5  RTCDATE_H               
000004b4  RTCDATE_L               
000004ae  RTCIV                   
000004ac  RTCPS                   
000004a8  RTCPS0CTL               
000004a9  RTCPS0CTL_H             
000004a8  RTCPS0CTL_L             
000004aa  RTCPS1CTL               
000004ab  RTCPS1CTL_H             
000004aa  RTCPS1CTL_L             
000004ad  RTCPS_H                 
000004ac  RTCPS_L                 
000004b0  RTCTIM0                 
000004b1  RTCTIM0_H               
000004b0  RTCTIM0_L               
000004b2  RTCTIM1                 
000004b3  RTCTIM1_H               
000004b2  RTCTIM1_L               
000004b6  RTCYEAR                 
000004b7  RTCYEAR_H               
000004b6  RTCYEAR_L               
0000c2c8  ReadBurstReg            
0000c8a8  ReadSingleReg           
0000cb3e  Receibutton             
0000ca7e  ReceiveOff              
0000caba  ReceiveOn               
00001e6e  RecevPressed            
0000cbbc  ResetRadioCore          
00002194  RxBuffer                
00001e6c  RxBufferLength          
00000100  SFRIE1                  
00000101  SFRIE1_H                
00000100  SFRIE1_L                
00000102  SFRIFG1                 
00000103  SFRIFG1_H               
00000102  SFRIFG1_L               
00000104  SFRRPCR                 
00000105  SFRRPCR_H               
00000104  SFRRPCR_L               
000004ce  SUMEXT                  
000004cf  SUMEXT_H                
000004ce  SUMEXT_L                
00000124  SVSMHCTL                
00000125  SVSMHCTL_H              
00000124  SVSMHCTL_L              
00000128  SVSMIO                  
00000129  SVSMIO_H                
00000128  SVSMIO_L                
00000126  SVSMLCTL                
00000127  SVSMLCTL_H              
00000126  SVSMLCTL_L              
00000198  SYSBERRIV               
00000199  SYSBERRIV_H             
00000198  SYSBERRIV_L             
00000182  SYSBSLC                 
00000183  SYSBSLC_H               
00000182  SYSBSLC_L               
00000180  SYSCTL                  
00000181  SYSCTL_H                
00000180  SYSCTL_L                
00000186  SYSJMBC                 
00000187  SYSJMBC_H               
00000186  SYSJMBC_L               
00000188  SYSJMBI0                
00000189  SYSJMBI0_H              
00000188  SYSJMBI0_L              
0000018a  SYSJMBI1                
0000018b  SYSJMBI1_H              
0000018a  SYSJMBI1_L              
0000018c  SYSJMBO0                
0000018d  SYSJMBO0_H              
0000018c  SYSJMBO0_L              
0000018e  SYSJMBO1                
0000018f  SYSJMBO1_H              
0000018e  SYSJMBO1_L              
0000019e  SYSRSTIV                
0000019f  SYSRSTIV_H              
0000019e  SYSRSTIV_L              
0000019c  SYSSNIV                 
0000019d  SYSSNIV_H               
0000019c  SYSSNIV_L               
0000019a  SYSUNIV                 
0000019b  SYSUNIV_H               
0000019a  SYSUNIV_L               
0000c57c  SetVCore                
0000b53e  Strobe                  
00000352  TA0CCR0                 
00000354  TA0CCR1                 
00000356  TA0CCR2                 
00000358  TA0CCR3                 
0000035a  TA0CCR4                 
00000342  TA0CCTL0                
00000344  TA0CCTL1                
00000346  TA0CCTL2                
00000348  TA0CCTL3                
0000034a  TA0CCTL4                
00000340  TA0CTL                  
00000360  TA0EX0                  
0000036e  TA0IV                   
00000350  TA0R                    
00000392  TA1CCR0                 
00000394  TA1CCR1                 
00000396  TA1CCR2                 
00000382  TA1CCTL0                
00000384  TA1CCTL1                
00000386  TA1CCTL2                
00000380  TA1CTL                  
000003a0  TA1EX0                  
000003ae  TA1IV                   
00000390  TA1R                    
0000bfc2  TimerA                  
0000c9a8  Transbutton             
0000c794  Transmit                
0000cde8  TxBuffer                
000005d0  UCA0ABCTL               
000005c6  UCA0BRW                 
000005c7  UCA0BRW_H               
000005c6  UCA0BRW_L               
000005c0  UCA0CTLW0               
000005c1  UCA0CTLW0_H             
000005c0  UCA0CTLW0_L             
000005dc  UCA0ICTL                
000005dd  UCA0ICTL_H              
000005dc  UCA0ICTL_L              
000005d2  UCA0IRCTL               
000005d3  UCA0IRCTL_H             
000005d2  UCA0IRCTL_L             
000005de  UCA0IV                  
000005c8  UCA0MCTL                
000005cc  UCA0RXBUF               
000005ca  UCA0STAT                
000005ce  UCA0TXBUF               
000005e6  UCB0BRW                 
000005e7  UCB0BRW_H               
000005e6  UCB0BRW_L               
000005e0  UCB0CTLW0               
000005e1  UCB0CTLW0_H             
000005e0  UCB0CTLW0_L             
000005f0  UCB0I2COA               
000005f1  UCB0I2COA_H             
000005f0  UCB0I2COA_L             
000005f2  UCB0I2CSA               
000005f3  UCB0I2CSA_H             
000005f2  UCB0I2CSA_L             
000005fc  UCB0ICTL                
000005fd  UCB0ICTL_H              
000005fc  UCB0ICTL_L              
000005fe  UCB0IV                  
000005ec  UCB0RXBUF               
000005ea  UCB0STAT                
000005ee  UCB0TXBUF               
00000160  UCSCTL0                 
00000161  UCSCTL0_H               
00000160  UCSCTL0_L               
00000162  UCSCTL1                 
00000163  UCSCTL1_H               
00000162  UCSCTL1_L               
00000164  UCSCTL2                 
00000165  UCSCTL2_H               
00000164  UCSCTL2_L               
00000166  UCSCTL3                 
00000167  UCSCTL3_H               
00000166  UCSCTL3_L               
00000168  UCSCTL4                 
00000169  UCSCTL4_H               
00000168  UCSCTL4_L               
0000016a  UCSCTL5                 
0000016b  UCSCTL5_H               
0000016a  UCSCTL5_L               
0000016c  UCSCTL6                 
0000016d  UCSCTL6_H               
0000016c  UCSCTL6_L               
0000016e  UCSCTL7                 
0000016f  UCSCTL7_H               
0000016e  UCSCTL7_L               
00000170  UCSCTL8                 
00000171  UCSCTL8_H               
00000170  UCSCTL8_L               
0000015c  WDTCTL                  
0000015d  WDTCTL_H                
0000015c  WDTCTL_L                
0000c40a  WriteBurstReg           
0000a0a6  WriteRfSettings         
0000ca3a  WriteSinglePATable      
0000cb80  WriteSingleReg          
00001fd4  _CIOBUF_                
0000c11c  _Dclass                 
00001cb0  _Denorm                 
0000a98c  _Dnorm                  
0000a246  _Dscale                 
0000bb6a  _Dunscale               
00001cc0  _Eps                    
00001e90  _Errno                  
00001e76  _Fenv                   
0000c6ce  _Feraise                
00001cd0  _Hugeval                
00001ce0  _Inf                    
00001cf0  _Nan                    
00001d10  _Rteps                  
00001d00  _Snan                   
00001e7a  _Tls_setup__Fenv        
00001d20  _Xbig                   
00001d28  _Zero                   
00002bfc  __STACK_END             
00000050  __STACK_SIZE            
00000140  __SYSMEM_SIZE           
0000ceb4  __TI_CINIT_Base         
0000cecc  __TI_CINIT_Limit        
0000ce9c  __TI_Handler_Table_Base 
0000cea8  __TI_Handler_Table_Limit
UNDEFED   __TI_INITARRAY_Base     
UNDEFED   __TI_INITARRAY_Limit    
0000cc72  __TI_ISR_TRAP           
0000c700  __TI_cleanup            
00001e7e  __TI_cleanup_ptr        
0000bd18  __TI_closefile          
0000c540  __TI_decompress_none    
0000cc20  __TI_decompress_rle24   
0000be48  __TI_doflush            
00001e82  __TI_dtors_ptr          
00009026  __TI_frcaddd            
00008000  __TI_frcdivd            
000087ec  __TI_frcmpyd            
00001e8e  __TI_ft_end             
0000ffda  __TI_int45              
0000ffdc  __TI_int46              
0000ffe0  __TI_int48              
0000ffe2  __TI_int49              
0000ffe4  __TI_int50              
0000ffe6  __TI_int51              
0000ffe8  __TI_int52              
0000ffea  __TI_int53              
0000ffec  __TI_int54              
0000ffee  __TI_int55              
0000fff0  __TI_int56              
0000fff2  __TI_int57              
0000fff4  __TI_int58              
0000fff6  __TI_int59              
0000fff8  __TI_int60              
0000fffa  __TI_int61              
0000fffc  __TI_int62              
00009ed4  __TI_printfi            
0000c8d4  __TI_readmsg            
0000b17c  __TI_renormd            
000020f4  __TI_tmpnams            
0000c7c2  __TI_writemsg           
0000ba7c  __TI_wrt_ok             
0000c448  __TI_zero_init          
ffffffff  __binit__               
ffffffff  __c_args__              
0000c30a  __memcpy_far            
00008ad0  __mspabi_addd           
0000ae2e  __mspabi_cmpd           
000094bc  __mspabi_divd           
0000c3ca  __mspabi_divli          
0000cb54  __mspabi_divu           
0000c01e  __mspabi_divul          
00008452  __mspabi_divull         
0000c980  __mspabi_fixdi          
0000bd80  __mspabi_fixdli         
0000cc3c  __mspabi_fltid          
0000b4aa  __mspabi_fltlid         
00008da6  __mspabi_mpyd           
0000cb6a  __mspabi_mpyi_f5hw      
0000ca5c  __mspabi_mpyl_f5hw      
0000c92c  __mspabi_negd           
0000c3ca  __mspabi_remli          
0000cb54  __mspabi_remu           
0000c01e  __mspabi_remul          
0000cc5e  __mspabi_slli           
0000cbf0  __mspabi_slll           
0000c4fc  __mspabi_slll_1         
0000c4d8  __mspabi_slll_10        
0000c4d4  __mspabi_slll_11        
0000c4d0  __mspabi_slll_12        
0000c4cc  __mspabi_slll_13        
0000c4c8  __mspabi_slll_14        
0000c4c4  __mspabi_slll_15        
0000c4f8  __mspabi_slll_2         
0000c4f4  __mspabi_slll_3         
0000c4f0  __mspabi_slll_4         
0000c4ec  __mspabi_slll_5         
0000c4e8  __mspabi_slll_6         
0000c4e4  __mspabi_slll_7         
0000c4e0  __mspabi_slll_8         
0000c4dc  __mspabi_slll_9         
0000c5b6  __mspabi_sllll          
0000cbe0  __mspabi_sral           
0000c4be  __mspabi_sral_1         
0000c49a  __mspabi_sral_10        
0000c496  __mspabi_sral_11        
0000c492  __mspabi_sral_12        
0000c48e  __mspabi_sral_13        
0000c48a  __mspabi_sral_14        
0000c486  __mspabi_sral_15        
0000c4ba  __mspabi_sral_2         
0000c4b6  __mspabi_sral_3         
0000c4b2  __mspabi_sral_4         
0000c4ae  __mspabi_sral_5         
0000c4aa  __mspabi_sral_6         
0000c4a6  __mspabi_sral_7         
0000c4a2  __mspabi_sral_8         
0000c49e  __mspabi_sral_9         
0000cc68  __mspabi_srli           
0000cc00  __mspabi_srll           
0000c53a  __mspabi_srll_1         
0000c516  __mspabi_srll_10        
0000c512  __mspabi_srll_11        
0000c50e  __mspabi_srll_12        
0000c50a  __mspabi_srll_13        
0000c506  __mspabi_srll_14        
0000c502  __mspabi_srll_15        
0000c536  __mspabi_srll_2         
0000c532  __mspabi_srll_3         
0000c52e  __mspabi_srll_4         
0000c52a  __mspabi_srll_5         
0000c526  __mspabi_srll_6         
0000c522  __mspabi_srll_7         
0000c51e  __mspabi_srll_8         
0000c51a  __mspabi_srll_9         
0000c5f0  __mspabi_srlll          
0000c7f0  __mspabi_subd           
0000b900  _auto_init_hold_wdt     
0000cad6  _c_int00_noargs         
0000cc8c  _ctypes_                
00001da8  _ftable                 
00001e86  _lock                   
0000cc8a  _nop                    
0000fffe  _reset_vector           
00002bac  _stack                  
00001e94  _sys_memory             
0000cc82  _system_pre_init        
00001e8a  _unlock                 
0000cc86  abort                   
0000cc54  abs                     
0000c0ca  atoi                    
ffffffff  binit                   
00001e6d  buttonPressed           
0000c16c  close                   
0000c84c  exit                    
0000c764  feraiseexcept           
0000b65a  fputc                   
0000ad50  fputs                   
0000b980  free                    
0000c34a  frexp                   
0000bc46  fseek                   
00001e70  i                       
0000b87e  ldexp                   
0000c9ce  lseek                   
0000ba00  ltoa                    
0000bf08  main                    
0000b22e  malloc                  
0000caf2  memccpy                 
0000cb94  memchr                  
0000cbce  memcpy                  
0000cba8  memset                  
0000c62a  minit                   
000021a4  num1                    
0000c38a  printf                  
0000b65a  putc                    
0000c732  raise                   
00001e73  receiving               
0000c956  remove                  
00001e48  rfSettings              
0000b0b0  setvbuf                 
0000c698  signal                  
000021a8  starttime               
0000cb0c  strchr                  
0000cb26  strcmp                  
0000cc10  strcpy                  
0000cc2e  strlen                  
0000c900  strncpy                 
0000cc48  toupper                 
00001e72  transmitting            
0000c956  unlink                  
0000c9f4  write                   


GLOBAL SYMBOLS: SORTED BY Symbol Address 

address   name                    
-------   ----                    
00000050  __STACK_SIZE            
00000100  SFRIE1                  
00000100  SFRIE1_L                
00000101  SFRIE1_H                
00000102  SFRIFG1                 
00000102  SFRIFG1_L               
00000103  SFRIFG1_H               
00000104  SFRRPCR                 
00000104  SFRRPCR_L               
00000105  SFRRPCR_H               
00000120  PMMCTL0                 
00000120  PMMCTL0_L               
00000121  PMMCTL0_H               
00000122  PMMCTL1                 
00000122  PMMCTL1_L               
00000123  PMMCTL1_H               
00000124  SVSMHCTL                
00000124  SVSMHCTL_L              
00000125  SVSMHCTL_H              
00000126  SVSMLCTL                
00000126  SVSMLCTL_L              
00000127  SVSMLCTL_H              
00000128  SVSMIO                  
00000128  SVSMIO_L                
00000129  SVSMIO_H                
0000012c  PMMIFG                  
0000012c  PMMIFG_L                
0000012d  PMMIFG_H                
0000012e  PMMRIE                  
0000012e  PMMRIE_L                
0000012f  PMMRIE_H                
00000140  FCTL1                   
00000140  FCTL1_L                 
00000140  __SYSMEM_SIZE           
00000141  FCTL1_H                 
00000144  FCTL3                   
00000144  FCTL3_L                 
00000145  FCTL3_H                 
00000146  FCTL4                   
00000146  FCTL4_L                 
00000147  FCTL4_H                 
00000150  CRCDI                   
00000150  CRCDI_L                 
00000151  CRCDI_H                 
00000154  CRCINIRES               
00000154  CRCINIRES_L             
00000155  CRCINIRES_H             
00000158  RCCTL0                  
00000158  RCCTL0_L                
00000159  RCCTL0_H                
0000015c  WDTCTL                  
0000015c  WDTCTL_L                
0000015d  WDTCTL_H                
00000160  UCSCTL0                 
00000160  UCSCTL0_L               
00000161  UCSCTL0_H               
00000162  UCSCTL1                 
00000162  UCSCTL1_L               
00000163  UCSCTL1_H               
00000164  UCSCTL2                 
00000164  UCSCTL2_L               
00000165  UCSCTL2_H               
00000166  UCSCTL3                 
00000166  UCSCTL3_L               
00000167  UCSCTL3_H               
00000168  UCSCTL4                 
00000168  UCSCTL4_L               
00000169  UCSCTL4_H               
0000016a  UCSCTL5                 
0000016a  UCSCTL5_L               
0000016b  UCSCTL5_H               
0000016c  UCSCTL6                 
0000016c  UCSCTL6_L               
0000016d  UCSCTL6_H               
0000016e  UCSCTL7                 
0000016e  UCSCTL7_L               
0000016f  UCSCTL7_H               
00000170  UCSCTL8                 
00000170  UCSCTL8_L               
00000171  UCSCTL8_H               
00000180  SYSCTL                  
00000180  SYSCTL_L                
00000181  SYSCTL_H                
00000182  SYSBSLC                 
00000182  SYSBSLC_L               
00000183  SYSBSLC_H               
00000186  SYSJMBC                 
00000186  SYSJMBC_L               
00000187  SYSJMBC_H               
00000188  SYSJMBI0                
00000188  SYSJMBI0_L              
00000189  SYSJMBI0_H              
0000018a  SYSJMBI1                
0000018a  SYSJMBI1_L              
0000018b  SYSJMBI1_H              
0000018c  SYSJMBO0                
0000018c  SYSJMBO0_L              
0000018d  SYSJMBO0_H              
0000018e  SYSJMBO1                
0000018e  SYSJMBO1_L              
0000018f  SYSJMBO1_H              
00000198  SYSBERRIV               
00000198  SYSBERRIV_L             
00000199  SYSBERRIV_H             
0000019a  SYSUNIV                 
0000019a  SYSUNIV_L               
0000019b  SYSUNIV_H               
0000019c  SYSSNIV                 
0000019c  SYSSNIV_L               
0000019d  SYSSNIV_H               
0000019e  SYSRSTIV                
0000019e  SYSRSTIV_L              
0000019f  SYSRSTIV_H              
000001b0  REFCTL0                 
000001b0  REFCTL0_L               
000001b1  REFCTL0_H               
000001c0  PMAPKEYID               
000001c0  PMAPKEYID_L             
000001c1  PMAPKEYID_H             
000001c2  PMAPCTL                 
000001c2  PMAPCTL_L               
000001c3  PMAPCTL_H               
000001c8  P1MAP01                 
000001c8  P1MAP01_L               
000001c9  P1MAP01_H               
000001ca  P1MAP23                 
000001ca  P1MAP23_L               
000001cb  P1MAP23_H               
000001cc  P1MAP45                 
000001cc  P1MAP45_L               
000001cd  P1MAP45_H               
000001ce  P1MAP67                 
000001ce  P1MAP67_L               
000001cf  P1MAP67_H               
000001d0  P2MAP01                 
000001d0  P2MAP01_L               
000001d1  P2MAP01_H               
000001d2  P2MAP23                 
000001d2  P2MAP23_L               
000001d3  P2MAP23_H               
000001d4  P2MAP45                 
000001d4  P2MAP45_L               
000001d5  P2MAP45_H               
000001d6  P2MAP67                 
000001d6  P2MAP67_L               
000001d7  P2MAP67_H               
000001d8  P3MAP01                 
000001d8  P3MAP01_L               
000001d9  P3MAP01_H               
000001da  P3MAP23                 
000001da  P3MAP23_L               
000001db  P3MAP23_H               
000001dc  P3MAP45                 
000001dc  P3MAP45_L               
000001dd  P3MAP45_H               
000001de  P3MAP67                 
000001de  P3MAP67_L               
000001df  P3MAP67_H               
00000200  PAIN                    
00000200  PAIN_L                  
00000201  PAIN_H                  
00000202  PAOUT                   
00000202  PAOUT_L                 
00000203  PAOUT_H                 
00000204  PADIR                   
00000204  PADIR_L                 
00000205  PADIR_H                 
00000206  PAREN                   
00000206  PAREN_L                 
00000207  PAREN_H                 
00000208  PADS                    
00000208  PADS_L                  
00000209  PADS_H                  
0000020a  PASEL                   
0000020a  PASEL_L                 
0000020b  PASEL_H                 
0000020e  P1IV                    
00000218  PAIES                   
00000218  PAIES_L                 
00000219  PAIES_H                 
0000021a  PAIE                    
0000021a  PAIE_L                  
0000021b  PAIE_H                  
0000021c  PAIFG                   
0000021c  PAIFG_L                 
0000021d  PAIFG_H                 
0000021e  P2IV                    
00000220  PBIN                    
00000220  PBIN_L                  
00000221  PBIN_H                  
00000222  PBOUT                   
00000222  PBOUT_L                 
00000223  PBOUT_H                 
00000224  PBDIR                   
00000224  PBDIR_L                 
00000225  PBDIR_H                 
00000226  PBREN                   
00000226  PBREN_L                 
00000227  PBREN_H                 
00000228  PBDS                    
00000228  PBDS_L                  
00000229  PBDS_H                  
0000022a  PBSEL                   
0000022a  PBSEL_L                 
0000022b  PBSEL_H                 
00000240  PCIN                    
00000240  PCIN_L                  
00000241  PCIN_H                  
00000242  PCOUT                   
00000242  PCOUT_L                 
00000243  PCOUT_H                 
00000244  PCDIR                   
00000244  PCDIR_L                 
00000245  PCDIR_H                 
00000246  PCREN                   
00000246  PCREN_L                 
00000247  PCREN_H                 
00000248  PCDS                    
00000248  PCDS_L                  
00000249  PCDS_H                  
0000024a  PCSEL                   
0000024a  PCSEL_L                 
0000024b  PCSEL_H                 
00000320  PJIN                    
00000320  PJIN_L                  
00000321  PJIN_H                  
00000322  PJOUT                   
00000322  PJOUT_L                 
00000323  PJOUT_H                 
00000324  PJDIR                   
00000324  PJDIR_L                 
00000325  PJDIR_H                 
00000326  PJREN                   
00000326  PJREN_L                 
00000327  PJREN_H                 
00000328  PJDS                    
00000328  PJDS_L                  
00000329  PJDS_H                  
00000340  TA0CTL                  
00000342  TA0CCTL0                
00000344  TA0CCTL1                
00000346  TA0CCTL2                
00000348  TA0CCTL3                
0000034a  TA0CCTL4                
00000350  TA0R                    
00000352  TA0CCR0                 
00000354  TA0CCR1                 
00000356  TA0CCR2                 
00000358  TA0CCR3                 
0000035a  TA0CCR4                 
00000360  TA0EX0                  
0000036e  TA0IV                   
00000380  TA1CTL                  
00000382  TA1CCTL0                
00000384  TA1CCTL1                
00000386  TA1CCTL2                
00000390  TA1R                    
00000392  TA1CCR0                 
00000394  TA1CCR1                 
00000396  TA1CCR2                 
000003a0  TA1EX0                  
000003ae  TA1IV                   
000004a0  RTCCTL01                
000004a0  RTCCTL01_L              
000004a1  RTCCTL01_H              
000004a2  RTCCTL23                
000004a2  RTCCTL23_L              
000004a3  RTCCTL23_H              
000004a8  RTCPS0CTL               
000004a8  RTCPS0CTL_L             
000004a9  RTCPS0CTL_H             
000004aa  RTCPS1CTL               
000004aa  RTCPS1CTL_L             
000004ab  RTCPS1CTL_H             
000004ac  RTCPS                   
000004ac  RTCPS_L                 
000004ad  RTCPS_H                 
000004ae  RTCIV                   
000004b0  RTCTIM0                 
000004b0  RTCTIM0_L               
000004b1  RTCTIM0_H               
000004b2  RTCTIM1                 
000004b2  RTCTIM1_L               
000004b3  RTCTIM1_H               
000004b4  RTCDATE                 
000004b4  RTCDATE_L               
000004b5  RTCDATE_H               
000004b6  RTCYEAR                 
000004b6  RTCYEAR_L               
000004b7  RTCYEAR_H               
000004b8  RTCAMINHR               
000004b8  RTCAMINHR_L             
000004b9  RTCAMINHR_H             
000004ba  RTCADOWDAY              
000004ba  RTCADOWDAY_L            
000004bb  RTCADOWDAY_H            
000004c0  MPY                     
000004c0  MPY_L                   
000004c1  MPY_H                   
000004c2  MPYS                    
000004c2  MPYS_L                  
000004c3  MPYS_H                  
000004c4  MAC                     
000004c4  MAC_L                   
000004c5  MAC_H                   
000004c6  MACS                    
000004c6  MACS_L                  
000004c7  MACS_H                  
000004c8  OP2                     
000004c8  OP2_L                   
000004c9  OP2_H                   
000004ca  RESLO                   
000004ca  RESLO_L                 
000004cb  RESLO_H                 
000004cc  RESHI                   
000004cc  RESHI_L                 
000004cd  RESHI_H                 
000004ce  SUMEXT                  
000004ce  SUMEXT_L                
000004cf  SUMEXT_H                
000004d0  MPY32L                  
000004d0  MPY32L_L                
000004d1  MPY32L_H                
000004d2  MPY32H                  
000004d2  MPY32H_L                
000004d3  MPY32H_H                
000004d4  MPYS32L                 
000004d4  MPYS32L_L               
000004d5  MPYS32L_H               
000004d6  MPYS32H                 
000004d6  MPYS32H_L               
000004d7  MPYS32H_H               
000004d8  MAC32L                  
000004d8  MAC32L_L                
000004d9  MAC32L_H                
000004da  MAC32H                  
000004da  MAC32H_L                
000004db  MAC32H_H                
000004dc  MACS32L                 
000004dc  MACS32L_L               
000004dd  MACS32L_H               
000004de  MACS32H                 
000004de  MACS32H_L               
000004df  MACS32H_H               
000004e0  OP2L                    
000004e0  OP2L_L                  
000004e1  OP2L_H                  
000004e2  OP2H                    
000004e2  OP2H_L                  
000004e3  OP2H_H                  
000004e4  RES0                    
000004e4  RES0_L                  
000004e5  RES0_H                  
000004e6  RES1                    
000004e6  RES1_L                  
000004e7  RES1_H                  
000004e8  RES2                    
000004e8  RES2_L                  
000004e9  RES2_H                  
000004ea  RES3                    
000004ea  RES3_L                  
000004eb  RES3_H                  
000004ec  MPY32CTL0               
000004ec  MPY32CTL0_L             
000004ed  MPY32CTL0_H             
00000500  DMACTL0                 
00000500  DMACTL0_L               
00000501  DMACTL0_H               
00000502  DMACTL1                 
00000502  DMACTL1_L               
00000503  DMACTL1_H               
00000504  DMACTL2                 
00000504  DMACTL2_L               
00000505  DMACTL2_H               
00000506  DMACTL3                 
00000506  DMACTL3_L               
00000507  DMACTL3_H               
00000508  DMACTL4                 
00000508  DMACTL4_L               
00000509  DMACTL4_H               
0000050e  DMAIV                   
0000050e  DMAIV_L                 
0000050f  DMAIV_H                 
00000510  DMA0CTL                 
00000510  DMA0CTL_L               
00000511  DMA0CTL_H               
00000512  DMA0SA                  
00000512  DMA0SAL                 
00000514  DMA0SAH                 
00000516  DMA0DA                  
00000516  DMA0DAL                 
00000518  DMA0DAH                 
0000051a  DMA0SZ                  
00000520  DMA1CTL                 
00000520  DMA1CTL_L               
00000521  DMA1CTL_H               
00000522  DMA1SA                  
00000522  DMA1SAL                 
00000524  DMA1SAH                 
00000526  DMA1DA                  
00000526  DMA1DAL                 
00000528  DMA1DAH                 
0000052a  DMA1SZ                  
00000530  DMA2CTL                 
00000530  DMA2CTL_L               
00000531  DMA2CTL_H               
00000532  DMA2SA                  
00000532  DMA2SAL                 
00000534  DMA2SAH                 
00000536  DMA2DA                  
00000536  DMA2DAL                 
00000538  DMA2DAH                 
0000053a  DMA2SZ                  
000005c0  UCA0CTLW0               
000005c0  UCA0CTLW0_L             
000005c1  UCA0CTLW0_H             
000005c6  UCA0BRW                 
000005c6  UCA0BRW_L               
000005c7  UCA0BRW_H               
000005c8  UCA0MCTL                
000005ca  UCA0STAT                
000005cc  UCA0RXBUF               
000005ce  UCA0TXBUF               
000005d0  UCA0ABCTL               
000005d2  UCA0IRCTL               
000005d2  UCA0IRCTL_L             
000005d3  UCA0IRCTL_H             
000005dc  UCA0ICTL                
000005dc  UCA0ICTL_L              
000005dd  UCA0ICTL_H              
000005de  UCA0IV                  
000005e0  UCB0CTLW0               
000005e0  UCB0CTLW0_L             
000005e1  UCB0CTLW0_H             
000005e6  UCB0BRW                 
000005e6  UCB0BRW_L               
000005e7  UCB0BRW_H               
000005ea  UCB0STAT                
000005ec  UCB0RXBUF               
000005ee  UCB0TXBUF               
000005f0  UCB0I2COA               
000005f0  UCB0I2COA_L             
000005f1  UCB0I2COA_H             
000005f2  UCB0I2CSA               
000005f2  UCB0I2CSA_L             
000005f3  UCB0I2CSA_H             
000005fc  UCB0ICTL                
000005fc  UCB0ICTL_L              
000005fd  UCB0ICTL_H              
000005fe  UCB0IV                  
00000700  ADC12CTL0               
00000700  ADC12CTL0_L             
00000701  ADC12CTL0_H             
00000702  ADC12CTL1               
00000702  ADC12CTL1_L             
00000703  ADC12CTL1_H             
00000704  ADC12CTL2               
00000704  ADC12CTL2_L             
00000705  ADC12CTL2_H             
0000070a  ADC12IFG                
0000070a  ADC12IFG_L              
0000070b  ADC12IFG_H              
0000070c  ADC12IE                 
0000070c  ADC12IE_L               
0000070d  ADC12IE_H               
0000070e  ADC12IV                 
0000070e  ADC12IV_L               
0000070f  ADC12IV_H               
00000710  ADC12MCTL0              
00000711  ADC12MCTL1              
00000712  ADC12MCTL2              
00000713  ADC12MCTL3              
00000714  ADC12MCTL4              
00000715  ADC12MCTL5              
00000716  ADC12MCTL6              
00000717  ADC12MCTL7              
00000718  ADC12MCTL8              
00000719  ADC12MCTL9              
0000071a  ADC12MCTL10             
0000071b  ADC12MCTL11             
0000071c  ADC12MCTL12             
0000071d  ADC12MCTL13             
0000071e  ADC12MCTL14             
0000071f  ADC12MCTL15             
00000720  ADC12MEM0               
00000720  ADC12MEM0_L             
00000721  ADC12MEM0_H             
00000722  ADC12MEM1               
00000722  ADC12MEM1_L             
00000723  ADC12MEM1_H             
00000724  ADC12MEM2               
00000724  ADC12MEM2_L             
00000725  ADC12MEM2_H             
00000726  ADC12MEM3               
00000726  ADC12MEM3_L             
00000727  ADC12MEM3_H             
00000728  ADC12MEM4               
00000728  ADC12MEM4_L             
00000729  ADC12MEM4_H             
0000072a  ADC12MEM5               
0000072a  ADC12MEM5_L             
0000072b  ADC12MEM5_H             
0000072c  ADC12MEM6               
0000072c  ADC12MEM6_L             
0000072d  ADC12MEM6_H             
0000072e  ADC12MEM7               
0000072e  ADC12MEM7_L             
0000072f  ADC12MEM7_H             
00000730  ADC12MEM8               
00000730  ADC12MEM8_L             
00000731  ADC12MEM8_H             
00000732  ADC12MEM9               
00000732  ADC12MEM9_L             
00000733  ADC12MEM9_H             
00000734  ADC12MEM10              
00000734  ADC12MEM10_L            
00000735  ADC12MEM10_H            
00000736  ADC12MEM11              
00000736  ADC12MEM11_L            
00000737  ADC12MEM11_H            
00000738  ADC12MEM12              
00000738  ADC12MEM12_L            
00000739  ADC12MEM12_H            
0000073a  ADC12MEM13              
0000073a  ADC12MEM13_L            
0000073b  ADC12MEM13_H            
0000073c  ADC12MEM14              
0000073c  ADC12MEM14_L            
0000073d  ADC12MEM14_H            
0000073e  ADC12MEM15              
0000073e  ADC12MEM15_L            
0000073f  ADC12MEM15_H            
000008c0  CBCTL0                  
000008c0  CBCTL0_L                
000008c1  CBCTL0_H                
000008c2  CBCTL1                  
000008c2  CBCTL1_L                
000008c3  CBCTL1_H                
000008c4  CBCTL2                  
000008c4  CBCTL2_L                
000008c5  CBCTL2_H                
000008c6  CBCTL3                  
000008c6  CBCTL3_L                
000008c7  CBCTL3_H                
000008cc  CBINT                   
000008cc  CBINT_L                 
000008cd  CBINT_H                 
000008ce  CBIV                    
000009c0  AESACTL0                
000009c0  AESACTL0_L              
000009c1  AESACTL0_H              
000009c4  AESASTAT                
000009c4  AESASTAT_L              
000009c5  AESASTAT_H              
000009c6  AESAKEY                 
000009c6  AESAKEY_L               
000009c7  AESAKEY_H               
000009c8  AESADIN                 
000009c8  AESADIN_L               
000009c9  AESADIN_H               
000009ca  AESADOUT                
000009ca  AESADOUT_L              
000009cb  AESADOUT_H              
00000f00  RF1AIFCTL0              
00000f00  RF1AIFCTL0_L            
00000f01  RF1AIFCTL0_H            
00000f02  RF1AIFCTL1              
00000f02  RF1AIFCTL1_L            
00000f03  RF1AIFCTL1_H            
00000f04  RF1AIFCTL2              
00000f04  RF1AIFCTL2_L            
00000f05  RF1AIFCTL2_H            
00000f06  RF1AIFERR               
00000f06  RF1AIFERR_L             
00000f07  RF1AIFERR_H             
00000f0c  RF1AIFERRV              
00000f0c  RF1AIFERRV_L            
00000f0d  RF1AIFERRV_H            
00000f0e  RF1AIFIV                
00000f0e  RF1AIFIV_L              
00000f0f  RF1AIFIV_H              
00000f10  RF1AINSTRW              
00000f10  RF1AINSTRW_L            
00000f11  RF1AINSTRW_H            
00000f12  RF1AINSTR1W             
00000f12  RF1AINSTR1W_L           
00000f13  RF1AINSTR1W_H           
00000f14  RF1AINSTR2W             
00000f14  RF1AINSTR2W_L           
00000f15  RF1AINSTR2W_H           
00000f16  RF1ADINW                
00000f16  RF1ADINW_L              
00000f17  RF1ADINW_H              
00000f20  RF1ASTAT0W              
00000f20  RF1ASTAT0W_L            
00000f21  RF1ASTAT0W_H            
00000f22  RF1ASTAT1W              
00000f22  RF1ASTAT1W_L            
00000f23  RF1ASTAT1W_H            
00000f24  RF1ASTAT2W              
00000f24  RF1ASTAT2W_L            
00000f25  RF1ASTAT2W_H            
00000f28  RF1ADOUT0W              
00000f28  RF1ADOUT0W_L            
00000f29  RF1ADOUT0W_H            
00000f2a  RF1ADOUT1W              
00000f2a  RF1ADOUT1W_L            
00000f2b  RF1ADOUT1W_H            
00000f2c  RF1ADOUT2W              
00000f2c  RF1ADOUT2W_L            
00000f2d  RF1ADOUT2W_H            
00000f30  RF1AIN                  
00000f30  RF1AIN_L                
00000f31  RF1AIN_H                
00000f32  RF1AIFG                 
00000f32  RF1AIFG_L               
00000f33  RF1AIFG_H               
00000f34  RF1AIES                 
00000f34  RF1AIES_L               
00000f35  RF1AIES_H               
00000f36  RF1AIE                  
00000f36  RF1AIE_L                
00000f37  RF1AIE_H                
00000f38  RF1AIV                  
00000f38  RF1AIV_L                
00000f39  RF1AIV_H                
00000f3c  RF1ARXFIFO              
00000f3c  RF1ARXFIFO_L            
00000f3d  RF1ARXFIFO_H            
00000f3e  RF1ATXFIFO              
00000f3e  RF1ATXFIFO_L            
00000f3f  RF1ATXFIFO_H            
00001cb0  _Denorm                 
00001cc0  _Eps                    
00001cd0  _Hugeval                
00001ce0  _Inf                    
00001cf0  _Nan                    
00001d00  _Snan                   
00001d10  _Rteps                  
00001d20  _Xbig                   
00001d28  _Zero                   
00001da8  _ftable                 
00001e48  rfSettings              
00001e6c  RxBufferLength          
00001e6d  buttonPressed           
00001e6e  RecevPressed            
00001e70  i                       
00001e72  transmitting            
00001e73  receiving               
00001e76  _Fenv                   
00001e7a  _Tls_setup__Fenv        
00001e7e  __TI_cleanup_ptr        
00001e82  __TI_dtors_ptr          
00001e86  _lock                   
00001e8a  _unlock                 
00001e8e  __TI_ft_end             
00001e90  _Errno                  
00001e94  _sys_memory             
00001fd4  _CIOBUF_                
000020f4  __TI_tmpnams            
00002194  RxBuffer                
000021a4  num1                    
000021a8  starttime               
00002bac  _stack                  
00002bfc  __STACK_END             
00008000  __TI_frcdivd            
00008452  __mspabi_divull         
000087ec  __TI_frcmpyd            
00008ad0  __mspabi_addd           
00008da6  __mspabi_mpyd           
00009026  __TI_frcaddd            
000094bc  __mspabi_divd           
00009ed4  __TI_printfi            
0000a0a6  WriteRfSettings         
0000a246  _Dscale                 
0000a98c  _Dnorm                  
0000ac70  CC1101_ISR              
0000ad50  fputs                   
0000ae2e  __mspabi_cmpd           
0000b0b0  setvbuf                 
0000b17c  __TI_renormd            
0000b22e  malloc                  
0000b4aa  __mspabi_fltlid         
0000b53e  Strobe                  
0000b65a  fputc                   
0000b65a  putc                    
0000b7f8  HOSTlseek               
0000b87e  ldexp                   
0000b900  _auto_init_hold_wdt     
0000b980  free                    
0000ba00  ltoa                    
0000ba7c  __TI_wrt_ok             
0000bb6a  _Dunscale               
0000bbdc  HOSTrename              
0000bc46  fseek                   
0000bcb0  InitButtonLeds          
0000bd18  __TI_closefile          
0000bd80  __mspabi_fixdli         
0000bde6  HOSTopen                
0000be48  __TI_doflush            
0000beaa  HOSTwrite               
0000bf08  main                    
0000bf66  HOSTread                
0000bfc2  TimerA                  
0000c01e  __mspabi_divul          
0000c01e  __mspabi_remul          
0000c0ca  atoi                    
0000c11c  _Dclass                 
0000c16c  close                   
0000c1fe  HOSTclose               
0000c286  HOSTunlink              
0000c2c8  ReadBurstReg            
0000c30a  __memcpy_far            
0000c34a  frexp                   
0000c38a  printf                  
0000c3ca  __mspabi_divli          
0000c3ca  __mspabi_remli          
0000c40a  WriteBurstReg           
0000c448  __TI_zero_init          
0000c486  __mspabi_sral_15        
0000c48a  __mspabi_sral_14        
0000c48e  __mspabi_sral_13        
0000c492  __mspabi_sral_12        
0000c496  __mspabi_sral_11        
0000c49a  __mspabi_sral_10        
0000c49e  __mspabi_sral_9         
0000c4a2  __mspabi_sral_8         
0000c4a6  __mspabi_sral_7         
0000c4aa  __mspabi_sral_6         
0000c4ae  __mspabi_sral_5         
0000c4b2  __mspabi_sral_4         
0000c4b6  __mspabi_sral_3         
0000c4ba  __mspabi_sral_2         
0000c4be  __mspabi_sral_1         
0000c4c4  __mspabi_slll_15        
0000c4c8  __mspabi_slll_14        
0000c4cc  __mspabi_slll_13        
0000c4d0  __mspabi_slll_12        
0000c4d4  __mspabi_slll_11        
0000c4d8  __mspabi_slll_10        
0000c4dc  __mspabi_slll_9         
0000c4e0  __mspabi_slll_8         
0000c4e4  __mspabi_slll_7         
0000c4e8  __mspabi_slll_6         
0000c4ec  __mspabi_slll_5         
0000c4f0  __mspabi_slll_4         
0000c4f4  __mspabi_slll_3         
0000c4f8  __mspabi_slll_2         
0000c4fc  __mspabi_slll_1         
0000c502  __mspabi_srll_15        
0000c506  __mspabi_srll_14        
0000c50a  __mspabi_srll_13        
0000c50e  __mspabi_srll_12        
0000c512  __mspabi_srll_11        
0000c516  __mspabi_srll_10        
0000c51a  __mspabi_srll_9         
0000c51e  __mspabi_srll_8         
0000c522  __mspabi_srll_7         
0000c526  __mspabi_srll_6         
0000c52a  __mspabi_srll_5         
0000c52e  __mspabi_srll_4         
0000c532  __mspabi_srll_3         
0000c536  __mspabi_srll_2         
0000c53a  __mspabi_srll_1         
0000c540  __TI_decompress_none    
0000c57c  SetVCore                
0000c5b6  __mspabi_sllll          
0000c5f0  __mspabi_srlll          
0000c62a  minit                   
0000c698  signal                  
0000c6ce  _Feraise                
0000c700  __TI_cleanup            
0000c732  raise                   
0000c764  feraiseexcept           
0000c794  Transmit                
0000c7c2  __TI_writemsg           
0000c7ec  C$$IO$$                 
0000c7f0  __mspabi_subd           
0000c81e  PORT1_ISR               
0000c84c  exit                    
0000c8a8  ReadSingleReg           
0000c8d4  __TI_readmsg            
0000c900  strncpy                 
0000c92c  __mspabi_negd           
0000c956  remove                  
0000c956  unlink                  
0000c980  __mspabi_fixdi          
0000c9a8  Transbutton             
0000c9ce  lseek                   
0000c9f4  write                   
0000ca18  InitRadio               
0000ca3a  WriteSinglePATable      
0000ca5c  __mspabi_mpyl_f5hw      
0000ca7e  ReceiveOff              
0000caba  ReceiveOn               
0000cad6  _c_int00_noargs         
0000caf2  memccpy                 
0000cb0c  strchr                  
0000cb26  strcmp                  
0000cb3e  Receibutton             
0000cb54  __mspabi_divu           
0000cb54  __mspabi_remu           
0000cb6a  __mspabi_mpyi_f5hw      
0000cb80  WriteSingleReg          
0000cb94  memchr                  
0000cba8  memset                  
0000cbbc  ResetRadioCore          
0000cbce  memcpy                  
0000cbe0  __mspabi_sral           
0000cbf0  __mspabi_slll           
0000cc00  __mspabi_srll           
0000cc10  strcpy                  
0000cc20  __TI_decompress_rle24   
0000cc2e  strlen                  
0000cc3c  __mspabi_fltid          
0000cc48  toupper                 
0000cc54  abs                     
0000cc5e  __mspabi_slli           
0000cc68  __mspabi_srli           
0000cc72  __TI_ISR_TRAP           
0000cc82  _system_pre_init        
0000cc86  C$$EXIT                 
0000cc86  abort                   
0000cc8a  _nop                    
0000cc8c  _ctypes_                
0000cde8  TxBuffer                
0000ce9c  __TI_Handler_Table_Base 
0000cea8  __TI_Handler_Table_Limit
0000ceb4  __TI_CINIT_Base         
0000cecc  __TI_CINIT_Limit        
0000ffda  __TI_int45              
0000ffdc  __TI_int46              
0000ffe0  __TI_int48              
0000ffe2  __TI_int49              
0000ffe4  __TI_int50              
0000ffe6  __TI_int51              
0000ffe8  __TI_int52              
0000ffea  __TI_int53              
0000ffec  __TI_int54              
0000ffee  __TI_int55              
0000fff0  __TI_int56              
0000fff2  __TI_int57              
0000fff4  __TI_int58              
0000fff6  __TI_int59              
0000fff8  __TI_int60              
0000fffa  __TI_int61              
0000fffc  __TI_int62              
0000fffe  _reset_vector           
ffffffff  __binit__               
ffffffff  __c_args__              
ffffffff  binit                   
UNDEFED   __TI_INITARRAY_Base     
UNDEFED   __TI_INITARRAY_Limit    

[853 symbols]
