<?xml version="1.0"?>
<link_info>
   <banner>MSP430 Linker PC v4.4.6</banner>
   <copyright>Copyright (c) 2003-2015 Texas Instruments Incorporated</copyright>
   <link_time>0x5988c981</link_time>
   <link_errors>0x0</link_errors>
   <output_file>INFOCOMDEMO.out</output_file>
   <entry_point>
      <name>_c_int00_noargs_noexit</name>
      <address>0xca60</address>
   </entry_point>
   <input_file_list>
      <input_file id="fl-2">
         <path>.\</path>
         <kind>object</kind>
         <file>ICRF.obj</file>
         <name>ICRF.obj</name>
      </input_file>
      <input_file id="fl-3">
         <path>.\</path>
         <kind>object</kind>
         <file>RF_Toggle_LED_Demo.obj</file>
         <name>RF_Toggle_LED_Demo.obj</name>
      </input_file>
      <input_file id="fl-4">
         <path>.\HAL\</path>
         <kind>object</kind>
         <file>HAL_PMM.obj</file>
         <name>HAL_PMM.obj</name>
      </input_file>
      <input_file id="fl-5">
         <path>.\HAL\</path>
         <kind>object</kind>
         <file>RF1A.obj</file>
         <name>RF1A.obj</name>
      </input_file>
      <input_file id="fl-6">
         <path>.\HAL\</path>
         <kind>object</kind>
         <file>RfRegSettings.obj</file>
         <name>RfRegSettings.obj</name>
      </input_file>
      <input_file id="fl-36">
         <path>C:\ti\ccsv6\tools\compiler\ti-cgt-msp430_4.4.6\lib\</path>
         <kind>archive</kind>
         <file>rts430x_lc_sd_eabi.lib</file>
         <name>addd.obj</name>
      </input_file>
      <input_file id="fl-37">
         <path>C:\ti\ccsv6\tools\compiler\ti-cgt-msp430_4.4.6\lib\</path>
         <kind>archive</kind>
         <file>rts430x_lc_sd_eabi.lib</file>
         <name>boot.obj</name>
      </input_file>
      <input_file id="fl-38">
         <path>C:\ti\ccsv6\tools\compiler\ti-cgt-msp430_4.4.6\lib\</path>
         <kind>archive</kind>
         <file>rts430x_lc_sd_eabi.lib</file>
         <name>boot_special.obj</name>
      </input_file>
      <input_file id="fl-39">
         <path>C:\ti\ccsv6\tools\compiler\ti-cgt-msp430_4.4.6\lib\</path>
         <kind>archive</kind>
         <file>rts430x_lc_sd_eabi.lib</file>
         <name>copy_decompress_none.obj</name>
      </input_file>
      <input_file id="fl-3a">
         <path>C:\ti\ccsv6\tools\compiler\ti-cgt-msp430_4.4.6\lib\</path>
         <kind>archive</kind>
         <file>rts430x_lc_sd_eabi.lib</file>
         <name>copy_decompress_rle.obj</name>
      </input_file>
      <input_file id="fl-3b">
         <path>C:\ti\ccsv6\tools\compiler\ti-cgt-msp430_4.4.6\lib\</path>
         <kind>archive</kind>
         <file>rts430x_lc_sd_eabi.lib</file>
         <name>copy_zero_init.obj</name>
      </input_file>
      <input_file id="fl-3c">
         <path>C:\ti\ccsv6\tools\compiler\ti-cgt-msp430_4.4.6\lib\</path>
         <kind>archive</kind>
         <file>rts430x_lc_sd_eabi.lib</file>
         <name>cpy_util.obj</name>
      </input_file>
      <input_file id="fl-3d">
         <path>C:\ti\ccsv6\tools\compiler\ti-cgt-msp430_4.4.6\lib\</path>
         <kind>archive</kind>
         <file>rts430x_lc_sd_eabi.lib</file>
         <name>cvtdf.obj</name>
      </input_file>
      <input_file id="fl-3e">
         <path>C:\ti\ccsv6\tools\compiler\ti-cgt-msp430_4.4.6\lib\</path>
         <kind>archive</kind>
         <file>rts430x_lc_sd_eabi.lib</file>
         <name>cvtfd.obj</name>
      </input_file>
      <input_file id="fl-3f">
         <path>C:\ti\ccsv6\tools\compiler\ti-cgt-msp430_4.4.6\lib\</path>
         <kind>archive</kind>
         <file>rts430x_lc_sd_eabi.lib</file>
         <name>div16s.obj</name>
      </input_file>
      <input_file id="fl-40">
         <path>C:\ti\ccsv6\tools\compiler\ti-cgt-msp430_4.4.6\lib\</path>
         <kind>archive</kind>
         <file>rts430x_lc_sd_eabi.lib</file>
         <name>div16u.obj</name>
      </input_file>
      <input_file id="fl-41">
         <path>C:\ti\ccsv6\tools\compiler\ti-cgt-msp430_4.4.6\lib\</path>
         <kind>archive</kind>
         <file>rts430x_lc_sd_eabi.lib</file>
         <name>divd.obj</name>
      </input_file>
      <input_file id="fl-42">
         <path>C:\ti\ccsv6\tools\compiler\ti-cgt-msp430_4.4.6\lib\</path>
         <kind>archive</kind>
         <file>rts430x_lc_sd_eabi.lib</file>
         <name>exit.obj</name>
      </input_file>
      <input_file id="fl-43">
         <path>C:\ti\ccsv6\tools\compiler\ti-cgt-msp430_4.4.6\lib\</path>
         <kind>archive</kind>
         <file>rts430x_lc_sd_eabi.lib</file>
         <name>exit_gvars.obj</name>
      </input_file>
      <input_file id="fl-44">
         <path>C:\ti\ccsv6\tools\compiler\ti-cgt-msp430_4.4.6\lib\</path>
         <kind>archive</kind>
         <file>rts430x_lc_sd_eabi.lib</file>
         <name>frcaddd.obj</name>
      </input_file>
      <input_file id="fl-45">
         <path>C:\ti\ccsv6\tools\compiler\ti-cgt-msp430_4.4.6\lib\</path>
         <kind>archive</kind>
         <file>rts430x_lc_sd_eabi.lib</file>
         <name>frcdivd.obj</name>
      </input_file>
      <input_file id="fl-46">
         <path>C:\ti\ccsv6\tools\compiler\ti-cgt-msp430_4.4.6\lib\</path>
         <kind>archive</kind>
         <file>rts430x_lc_sd_eabi.lib</file>
         <name>fs_add.obj</name>
      </input_file>
      <input_file id="fl-47">
         <path>C:\ti\ccsv6\tools\compiler\ti-cgt-msp430_4.4.6\lib\</path>
         <kind>archive</kind>
         <file>rts430x_lc_sd_eabi.lib</file>
         <name>fs_div.obj</name>
      </input_file>
      <input_file id="fl-48">
         <path>C:\ti\ccsv6\tools\compiler\ti-cgt-msp430_4.4.6\lib\</path>
         <kind>archive</kind>
         <file>rts430x_lc_sd_eabi.lib</file>
         <name>fs_itof.obj</name>
      </input_file>
      <input_file id="fl-49">
         <path>C:\ti\ccsv6\tools\compiler\ti-cgt-msp430_4.4.6\lib\</path>
         <kind>archive</kind>
         <file>rts430x_lc_sd_eabi.lib</file>
         <name>fs_ltof.obj</name>
      </input_file>
      <input_file id="fl-4a">
         <path>C:\ti\ccsv6\tools\compiler\ti-cgt-msp430_4.4.6\lib\</path>
         <kind>archive</kind>
         <file>rts430x_lc_sd_eabi.lib</file>
         <name>fs_mpy.obj</name>
      </input_file>
      <input_file id="fl-4b">
         <path>C:\ti\ccsv6\tools\compiler\ti-cgt-msp430_4.4.6\lib\</path>
         <kind>archive</kind>
         <file>rts430x_lc_sd_eabi.lib</file>
         <name>fs_tol.obj</name>
      </input_file>
      <input_file id="fl-4c">
         <path>C:\ti\ccsv6\tools\compiler\ti-cgt-msp430_4.4.6\lib\</path>
         <kind>archive</kind>
         <file>rts430x_lc_sd_eabi.lib</file>
         <name>fs_tou.obj</name>
      </input_file>
      <input_file id="fl-4d">
         <path>C:\ti\ccsv6\tools\compiler\ti-cgt-msp430_4.4.6\lib\</path>
         <kind>archive</kind>
         <file>rts430x_lc_sd_eabi.lib</file>
         <name>fs_utof.obj</name>
      </input_file>
      <input_file id="fl-4e">
         <path>C:\ti\ccsv6\tools\compiler\ti-cgt-msp430_4.4.6\lib\</path>
         <kind>archive</kind>
         <file>rts430x_lc_sd_eabi.lib</file>
         <name>int45.obj</name>
      </input_file>
      <input_file id="fl-4f">
         <path>C:\ti\ccsv6\tools\compiler\ti-cgt-msp430_4.4.6\lib\</path>
         <kind>archive</kind>
         <file>rts430x_lc_sd_eabi.lib</file>
         <name>int46.obj</name>
      </input_file>
      <input_file id="fl-50">
         <path>C:\ti\ccsv6\tools\compiler\ti-cgt-msp430_4.4.6\lib\</path>
         <kind>archive</kind>
         <file>rts430x_lc_sd_eabi.lib</file>
         <name>int48.obj</name>
      </input_file>
      <input_file id="fl-51">
         <path>C:\ti\ccsv6\tools\compiler\ti-cgt-msp430_4.4.6\lib\</path>
         <kind>archive</kind>
         <file>rts430x_lc_sd_eabi.lib</file>
         <name>int50.obj</name>
      </input_file>
      <input_file id="fl-52">
         <path>C:\ti\ccsv6\tools\compiler\ti-cgt-msp430_4.4.6\lib\</path>
         <kind>archive</kind>
         <file>rts430x_lc_sd_eabi.lib</file>
         <name>int52.obj</name>
      </input_file>
      <input_file id="fl-53">
         <path>C:\ti\ccsv6\tools\compiler\ti-cgt-msp430_4.4.6\lib\</path>
         <kind>archive</kind>
         <file>rts430x_lc_sd_eabi.lib</file>
         <name>int55.obj</name>
      </input_file>
      <input_file id="fl-54">
         <path>C:\ti\ccsv6\tools\compiler\ti-cgt-msp430_4.4.6\lib\</path>
         <kind>archive</kind>
         <file>rts430x_lc_sd_eabi.lib</file>
         <name>int56.obj</name>
      </input_file>
      <input_file id="fl-55">
         <path>C:\ti\ccsv6\tools\compiler\ti-cgt-msp430_4.4.6\lib\</path>
         <kind>archive</kind>
         <file>rts430x_lc_sd_eabi.lib</file>
         <name>int57.obj</name>
      </input_file>
      <input_file id="fl-56">
         <path>C:\ti\ccsv6\tools\compiler\ti-cgt-msp430_4.4.6\lib\</path>
         <kind>archive</kind>
         <file>rts430x_lc_sd_eabi.lib</file>
         <name>int58.obj</name>
      </input_file>
      <input_file id="fl-57">
         <path>C:\ti\ccsv6\tools\compiler\ti-cgt-msp430_4.4.6\lib\</path>
         <kind>archive</kind>
         <file>rts430x_lc_sd_eabi.lib</file>
         <name>int59.obj</name>
      </input_file>
      <input_file id="fl-58">
         <path>C:\ti\ccsv6\tools\compiler\ti-cgt-msp430_4.4.6\lib\</path>
         <kind>archive</kind>
         <file>rts430x_lc_sd_eabi.lib</file>
         <name>int60.obj</name>
      </input_file>
      <input_file id="fl-59">
         <path>C:\ti\ccsv6\tools\compiler\ti-cgt-msp430_4.4.6\lib\</path>
         <kind>archive</kind>
         <file>rts430x_lc_sd_eabi.lib</file>
         <name>int61.obj</name>
      </input_file>
      <input_file id="fl-5a">
         <path>C:\ti\ccsv6\tools\compiler\ti-cgt-msp430_4.4.6\lib\</path>
         <kind>archive</kind>
         <file>rts430x_lc_sd_eabi.lib</file>
         <name>int62.obj</name>
      </input_file>
      <input_file id="fl-5b">
         <path>C:\ti\ccsv6\tools\compiler\ti-cgt-msp430_4.4.6\lib\</path>
         <kind>archive</kind>
         <file>rts430x_lc_sd_eabi.lib</file>
         <name>isr_trap.obj</name>
      </input_file>
      <input_file id="fl-5c">
         <path>C:\ti\ccsv6\tools\compiler\ti-cgt-msp430_4.4.6\lib\</path>
         <kind>archive</kind>
         <file>rts430x_lc_sd_eabi.lib</file>
         <name>lsl32.obj</name>
      </input_file>
      <input_file id="fl-5d">
         <path>C:\ti\ccsv6\tools\compiler\ti-cgt-msp430_4.4.6\lib\</path>
         <kind>archive</kind>
         <file>rts430x_lc_sd_eabi.lib</file>
         <name>lsr32.obj</name>
      </input_file>
      <input_file id="fl-5e">
         <path>C:\ti\ccsv6\tools\compiler\ti-cgt-msp430_4.4.6\lib\</path>
         <kind>archive</kind>
         <file>rts430x_lc_sd_eabi.lib</file>
         <name>mpu_init.obj</name>
      </input_file>
      <input_file id="fl-5f">
         <path>C:\ti\ccsv6\tools\compiler\ti-cgt-msp430_4.4.6\lib\</path>
         <kind>archive</kind>
         <file>rts430x_lc_sd_eabi.lib</file>
         <name>mpyd.obj</name>
      </input_file>
      <input_file id="fl-60">
         <path>C:\ti\ccsv6\tools\compiler\ti-cgt-msp430_4.4.6\lib\</path>
         <kind>archive</kind>
         <file>rts430x_lc_sd_eabi.lib</file>
         <name>mult16.obj</name>
      </input_file>
      <input_file id="fl-61">
         <path>C:\ti\ccsv6\tools\compiler\ti-cgt-msp430_4.4.6\lib\</path>
         <kind>archive</kind>
         <file>rts430x_lc_sd_eabi.lib</file>
         <name>mult1632_f5hw.obj</name>
      </input_file>
      <input_file id="fl-62">
         <path>C:\ti\ccsv6\tools\compiler\ti-cgt-msp430_4.4.6\lib\</path>
         <kind>archive</kind>
         <file>rts430x_lc_sd_eabi.lib</file>
         <name>mult16_f5hw.obj</name>
      </input_file>
      <input_file id="fl-63">
         <path>C:\ti\ccsv6\tools\compiler\ti-cgt-msp430_4.4.6\lib\</path>
         <kind>archive</kind>
         <file>rts430x_lc_sd_eabi.lib</file>
         <name>mult32.obj</name>
      </input_file>
      <input_file id="fl-64">
         <path>C:\ti\ccsv6\tools\compiler\ti-cgt-msp430_4.4.6\lib\</path>
         <kind>archive</kind>
         <file>rts430x_lc_sd_eabi.lib</file>
         <name>mult3264_f5hw.obj</name>
      </input_file>
      <input_file id="fl-65">
         <path>C:\ti\ccsv6\tools\compiler\ti-cgt-msp430_4.4.6\lib\</path>
         <kind>archive</kind>
         <file>rts430x_lc_sd_eabi.lib</file>
         <name>mult32_f5hw.obj</name>
      </input_file>
      <input_file id="fl-66">
         <path>C:\ti\ccsv6\tools\compiler\ti-cgt-msp430_4.4.6\lib\</path>
         <kind>archive</kind>
         <file>rts430x_lc_sd_eabi.lib</file>
         <name>mult64_f5hw.obj</name>
      </input_file>
      <input_file id="fl-67">
         <path>C:\ti\ccsv6\tools\compiler\ti-cgt-msp430_4.4.6\lib\</path>
         <kind>archive</kind>
         <file>rts430x_lc_sd_eabi.lib</file>
         <name>pre_init.obj</name>
      </input_file>
      <input_file id="fl-68">
         <path>C:\ti\ccsv6\tools\compiler\ti-cgt-msp430_4.4.6\lib\</path>
         <kind>archive</kind>
         <file>rts430x_lc_sd_eabi.lib</file>
         <name>renormd.obj</name>
      </input_file>
      <input_file id="fl-69">
         <path>C:\ti\ccsv6\tools\compiler\ti-cgt-msp430_4.4.6\lib\</path>
         <kind>archive</kind>
         <file>rts430x_lc_sd_eabi.lib</file>
         <name>sprintf.obj</name>
      </input_file>
      <input_file id="fl-6a">
         <path>C:\ti\ccsv6\tools\compiler\ti-cgt-msp430_4.4.6\lib\</path>
         <kind>archive</kind>
         <file>rts430x_lc_sd_eabi.lib</file>
         <name>_lock.obj</name>
      </input_file>
      <input_file id="fl-6b">
         <path>C:\ti\ccsv6\tools\compiler\ti-cgt-msp430_4.4.6\lib\</path>
         <kind>archive</kind>
         <file>rts430x_lc_sd_eabi.lib</file>
         <name>_printfi.obj</name>
      </input_file>
      <input_file id="fl-6c">
         <path>C:\ti\ccsv6\tools\compiler\ti-cgt-msp430_4.4.6\lib\</path>
         <kind>archive</kind>
         <file>rts430x_lc_sd_eabi.lib</file>
         <name>args_main.obj</name>
      </input_file>
      <input_file id="fl-6d">
         <path>C:\ti\ccsv6\tools\compiler\ti-cgt-msp430_4.4.6\lib\</path>
         <kind>archive</kind>
         <file>rts430x_lc_sd_eabi.lib</file>
         <name>asr32.obj</name>
      </input_file>
      <input_file id="fl-6e">
         <path>C:\ti\ccsv6\tools\compiler\ti-cgt-msp430_4.4.6\lib\</path>
         <kind>archive</kind>
         <file>rts430x_lc_sd_eabi.lib</file>
         <name>atoi.obj</name>
      </input_file>
      <input_file id="fl-6f">
         <path>C:\ti\ccsv6\tools\compiler\ti-cgt-msp430_4.4.6\lib\</path>
         <kind>archive</kind>
         <file>rts430x_lc_sd_eabi.lib</file>
         <name>autoinit_wdt.obj</name>
      </input_file>
      <input_file id="fl-70">
         <path>C:\ti\ccsv6\tools\compiler\ti-cgt-msp430_4.4.6\lib\</path>
         <kind>archive</kind>
         <file>rts430x_lc_sd_eabi.lib</file>
         <name>cmpd.obj</name>
      </input_file>
      <input_file id="fl-71">
         <path>C:\ti\ccsv6\tools\compiler\ti-cgt-msp430_4.4.6\lib\</path>
         <kind>archive</kind>
         <file>rts430x_lc_sd_eabi.lib</file>
         <name>ctype.obj</name>
      </input_file>
      <input_file id="fl-72">
         <path>C:\ti\ccsv6\tools\compiler\ti-cgt-msp430_4.4.6\lib\</path>
         <kind>archive</kind>
         <file>rts430x_lc_sd_eabi.lib</file>
         <name>div32u.obj</name>
      </input_file>
      <input_file id="fl-73">
         <path>C:\ti\ccsv6\tools\compiler\ti-cgt-msp430_4.4.6\lib\</path>
         <kind>archive</kind>
         <file>rts430x_lc_sd_eabi.lib</file>
         <name>div64u.obj</name>
      </input_file>
      <input_file id="fl-74">
         <path>C:\ti\ccsv6\tools\compiler\ti-cgt-msp430_4.4.6\lib\</path>
         <kind>archive</kind>
         <file>rts430x_lc_sd_eabi.lib</file>
         <name>fixdi.obj</name>
      </input_file>
      <input_file id="fl-75">
         <path>C:\ti\ccsv6\tools\compiler\ti-cgt-msp430_4.4.6\lib\</path>
         <kind>archive</kind>
         <file>rts430x_lc_sd_eabi.lib</file>
         <name>fixdli.obj</name>
      </input_file>
      <input_file id="fl-76">
         <path>C:\ti\ccsv6\tools\compiler\ti-cgt-msp430_4.4.6\lib\</path>
         <kind>archive</kind>
         <file>rts430x_lc_sd_eabi.lib</file>
         <name>fltid.obj</name>
      </input_file>
      <input_file id="fl-77">
         <path>C:\ti\ccsv6\tools\compiler\ti-cgt-msp430_4.4.6\lib\</path>
         <kind>archive</kind>
         <file>rts430x_lc_sd_eabi.lib</file>
         <name>fltlid.obj</name>
      </input_file>
      <input_file id="fl-78">
         <path>C:\ti\ccsv6\tools\compiler\ti-cgt-msp430_4.4.6\lib\</path>
         <kind>archive</kind>
         <file>rts430x_lc_sd_eabi.lib</file>
         <name>frcmpyd.obj</name>
      </input_file>
      <input_file id="fl-79">
         <path>C:\ti\ccsv6\tools\compiler\ti-cgt-msp430_4.4.6\lib\</path>
         <kind>archive</kind>
         <file>rts430x_lc_sd_eabi.lib</file>
         <name>frexp.obj</name>
      </input_file>
      <input_file id="fl-7a">
         <path>C:\ti\ccsv6\tools\compiler\ti-cgt-msp430_4.4.6\lib\</path>
         <kind>archive</kind>
         <file>rts430x_lc_sd_eabi.lib</file>
         <name>ldexp.obj</name>
      </input_file>
      <input_file id="fl-7b">
         <path>C:\ti\ccsv6\tools\compiler\ti-cgt-msp430_4.4.6\lib\</path>
         <kind>archive</kind>
         <file>rts430x_lc_sd_eabi.lib</file>
         <name>lsl64.obj</name>
      </input_file>
      <input_file id="fl-7c">
         <path>C:\ti\ccsv6\tools\compiler\ti-cgt-msp430_4.4.6\lib\</path>
         <kind>archive</kind>
         <file>rts430x_lc_sd_eabi.lib</file>
         <name>lsr64.obj</name>
      </input_file>
      <input_file id="fl-7d">
         <path>C:\ti\ccsv6\tools\compiler\ti-cgt-msp430_4.4.6\lib\</path>
         <kind>archive</kind>
         <file>rts430x_lc_sd_eabi.lib</file>
         <name>ltoa.obj</name>
      </input_file>
      <input_file id="fl-7e">
         <path>C:\ti\ccsv6\tools\compiler\ti-cgt-msp430_4.4.6\lib\</path>
         <kind>archive</kind>
         <file>rts430x_lc_sd_eabi.lib</file>
         <name>memccpy.obj</name>
      </input_file>
      <input_file id="fl-7f">
         <path>C:\ti\ccsv6\tools\compiler\ti-cgt-msp430_4.4.6\lib\</path>
         <kind>archive</kind>
         <file>rts430x_lc_sd_eabi.lib</file>
         <name>memcpy.obj</name>
      </input_file>
      <input_file id="fl-80">
         <path>C:\ti\ccsv6\tools\compiler\ti-cgt-msp430_4.4.6\lib\</path>
         <kind>archive</kind>
         <file>rts430x_lc_sd_eabi.lib</file>
         <name>memset.obj</name>
      </input_file>
      <input_file id="fl-81">
         <path>C:\ti\ccsv6\tools\compiler\ti-cgt-msp430_4.4.6\lib\</path>
         <kind>archive</kind>
         <file>rts430x_lc_sd_eabi.lib</file>
         <name>negd.obj</name>
      </input_file>
      <input_file id="fl-82">
         <path>C:\ti\ccsv6\tools\compiler\ti-cgt-msp430_4.4.6\lib\</path>
         <kind>archive</kind>
         <file>rts430x_lc_sd_eabi.lib</file>
         <name>strchr.obj</name>
      </input_file>
      <input_file id="fl-83">
         <path>C:\ti\ccsv6\tools\compiler\ti-cgt-msp430_4.4.6\lib\</path>
         <kind>archive</kind>
         <file>rts430x_lc_sd_eabi.lib</file>
         <name>strlen.obj</name>
      </input_file>
      <input_file id="fl-84">
         <path>C:\ti\ccsv6\tools\compiler\ti-cgt-msp430_4.4.6\lib\</path>
         <kind>archive</kind>
         <file>rts430x_lc_sd_eabi.lib</file>
         <name>subd.obj</name>
      </input_file>
      <input_file id="fl-85">
         <path>C:\ti\ccsv6\tools\compiler\ti-cgt-msp430_4.4.6\lib\</path>
         <kind>archive</kind>
         <file>rts430x_lc_sd_eabi.lib</file>
         <name>toupper.obj</name>
      </input_file>
      <input_file id="fl-86">
         <path>C:\ti\ccsv6\tools\compiler\ti-cgt-msp430_4.4.6\lib\</path>
         <kind>archive</kind>
         <file>rts430x_lc_sd_eabi.lib</file>
         <name>xdclass.obj</name>
      </input_file>
      <input_file id="fl-87">
         <path>C:\ti\ccsv6\tools\compiler\ti-cgt-msp430_4.4.6\lib\</path>
         <kind>archive</kind>
         <file>rts430x_lc_sd_eabi.lib</file>
         <name>xdscale.obj</name>
      </input_file>
      <input_file id="fl-88">
         <path>C:\ti\ccsv6\tools\compiler\ti-cgt-msp430_4.4.6\lib\</path>
         <kind>archive</kind>
         <file>rts430x_lc_sd_eabi.lib</file>
         <name>xdunscal.obj</name>
      </input_file>
      <input_file id="fl-89">
         <path>C:\ti\ccsv6\tools\compiler\ti-cgt-msp430_4.4.6\lib\</path>
         <kind>archive</kind>
         <file>rts430x_lc_sd_eabi.lib</file>
         <name>xferaise.obj</name>
      </input_file>
      <input_file id="fl-8a">
         <path>C:\ti\ccsv6\tools\compiler\ti-cgt-msp430_4.4.6\lib\</path>
         <kind>archive</kind>
         <file>rts430x_lc_sd_eabi.lib</file>
         <name>xvalues.obj</name>
      </input_file>
      <input_file id="fl-8b">
         <path>C:\ti\ccsv6\tools\compiler\ti-cgt-msp430_4.4.6\lib\</path>
         <kind>archive</kind>
         <file>rts430x_lc_sd_eabi.lib</file>
         <name>abs.obj</name>
      </input_file>
      <input_file id="fl-8c">
         <path>C:\ti\ccsv6\tools\compiler\ti-cgt-msp430_4.4.6\lib\</path>
         <kind>archive</kind>
         <file>rts430x_lc_sd_eabi.lib</file>
         <name>div32s.obj</name>
      </input_file>
      <input_file id="fl-8d">
         <path>C:\ti\ccsv6\tools\compiler\ti-cgt-msp430_4.4.6\lib\</path>
         <kind>archive</kind>
         <file>rts430x_lc_sd_eabi.lib</file>
         <name>errno.obj</name>
      </input_file>
      <input_file id="fl-8e">
         <path>C:\ti\ccsv6\tools\compiler\ti-cgt-msp430_4.4.6\lib\</path>
         <kind>archive</kind>
         <file>rts430x_lc_sd_eabi.lib</file>
         <name>feraiseexcept.obj</name>
      </input_file>
      <input_file id="fl-8f">
         <path>C:\ti\ccsv6\tools\compiler\ti-cgt-msp430_4.4.6\lib\</path>
         <kind>archive</kind>
         <file>rts430x_lc_sd_eabi.lib</file>
         <name>lsl16.obj</name>
      </input_file>
      <input_file id="fl-90">
         <path>C:\ti\ccsv6\tools\compiler\ti-cgt-msp430_4.4.6\lib\</path>
         <kind>archive</kind>
         <file>rts430x_lc_sd_eabi.lib</file>
         <name>lsr16.obj</name>
      </input_file>
      <input_file id="fl-91">
         <path>C:\ti\ccsv6\tools\compiler\ti-cgt-msp430_4.4.6\lib\</path>
         <kind>archive</kind>
         <file>rts430x_lc_sd_eabi.lib</file>
         <name>raise.obj</name>
      </input_file>
      <input_file id="fl-92">
         <path>C:\ti\ccsv6\tools\compiler\ti-cgt-msp430_4.4.6\lib\</path>
         <kind>archive</kind>
         <file>rts430x_lc_sd_eabi.lib</file>
         <name>signal.obj</name>
      </input_file>
      <input_file id="fl-93">
         <path>C:\ti\ccsv6\tools\compiler\ti-cgt-msp430_4.4.6\lib\</path>
         <kind>archive</kind>
         <file>rts430x_lc_sd_eabi.lib</file>
         <name>xdnorm.obj</name>
      </input_file>
   </input_file_list>
   <object_component_list>
      <object_component id="oc-c3">
         <name>.stack</name>
         <uninitialized>true</uninitialized>
         <run_address>0x2b5c</run_address>
         <size>0x2</size>
         <input_file_ref idref="fl-37"/>
      </object_component>
      <object_component id="oc-5b5">
         <name>.stack</name>
         <uninitialized>true</uninitialized>
         <run_address>0x2b5c</run_address>
         <size>0x0</size>
      </object_component>
      <object_component id="oc-2f8">
         <name>.text:__TI_frcdivd</name>
         <load_address>0x8000</load_address>
         <run_address>0x8000</run_address>
         <size>0x452</size>
         <input_file_ref idref="fl-45"/>
      </object_component>
      <object_component id="oc-459">
         <name>.text:__mspabi_divull</name>
         <load_address>0x8452</load_address>
         <run_address>0x8452</run_address>
         <size>0x39a</size>
         <input_file_ref idref="fl-73"/>
      </object_component>
      <object_component id="oc-123">
         <name>.text:main</name>
         <load_address>0x87ec</load_address>
         <run_address>0x87ec</run_address>
         <size>0x34e</size>
         <input_file_ref idref="fl-3"/>
      </object_component>
      <object_component id="oc-2df">
         <name>.text:__TI_frcmpyd</name>
         <load_address>0x8b3a</load_address>
         <run_address>0x8b3a</run_address>
         <size>0x2e4</size>
         <input_file_ref idref="fl-78"/>
      </object_component>
      <object_component id="oc-28c">
         <name>.text:__mspabi_addd</name>
         <load_address>0x8e1e</load_address>
         <run_address>0x8e1e</run_address>
         <size>0x2d6</size>
         <input_file_ref idref="fl-36"/>
      </object_component>
      <object_component id="oc-277">
         <name>.text:__mspabi_mpyd</name>
         <load_address>0x90f4</load_address>
         <run_address>0x90f4</run_address>
         <size>0x280</size>
         <input_file_ref idref="fl-5f"/>
      </object_component>
      <object_component id="oc-2ef">
         <name>.text:__TI_frcaddd</name>
         <load_address>0x9374</load_address>
         <run_address>0x9374</run_address>
         <size>0x252</size>
         <input_file_ref idref="fl-44"/>
      </object_component>
      <object_component id="oc-31d">
         <name>.text:_setfield</name>
         <load_address>0x95c6</load_address>
         <run_address>0x95c6</run_address>
         <size>0x244</size>
         <input_file_ref idref="fl-6b"/>
      </object_component>
      <object_component id="oc-297">
         <name>.text:__mspabi_divd</name>
         <load_address>0x980a</load_address>
         <run_address>0x980a</run_address>
         <size>0x220</size>
         <input_file_ref idref="fl-41"/>
      </object_component>
      <object_component id="oc-38e">
         <name>.text:_pproc_fgea</name>
         <load_address>0x9a2a</load_address>
         <run_address>0x9a2a</run_address>
         <size>0x210</size>
         <input_file_ref idref="fl-6b"/>
      </object_component>
      <object_component id="oc-43d">
         <name>.text:acvt</name>
         <load_address>0x9c3a</load_address>
         <run_address>0x9c3a</run_address>
         <size>0x20e</size>
         <input_file_ref idref="fl-6b"/>
      </object_component>
      <object_component id="oc-416">
         <name>.text:ecvt</name>
         <load_address>0x9e48</load_address>
         <run_address>0x9e48</run_address>
         <size>0x200</size>
         <input_file_ref idref="fl-6b"/>
      </object_component>
      <object_component id="oc-429">
         <name>.text:fcvt</name>
         <load_address>0xa048</load_address>
         <run_address>0xa048</run_address>
         <size>0x1da</size>
         <input_file_ref idref="fl-6b"/>
      </object_component>
      <object_component id="oc-2bb">
         <name>.text:__TI_printfi</name>
         <load_address>0xa222</load_address>
         <run_address>0xa222</run_address>
         <size>0x1d2</size>
         <input_file_ref idref="fl-6b"/>
      </object_component>
      <object_component id="oc-258">
         <name>.text:WriteRfSettings</name>
         <load_address>0xa3f4</load_address>
         <run_address>0xa3f4</run_address>
         <size>0x1a0</size>
         <input_file_ref idref="fl-5"/>
      </object_component>
      <object_component id="oc-4cd">
         <name>.text:_Dscale</name>
         <load_address>0xa594</load_address>
         <run_address>0xa594</run_address>
         <size>0x1a0</size>
         <input_file_ref idref="fl-87"/>
      </object_component>
      <object_component id="oc-3e7">
         <name>.text:_pconv_e</name>
         <load_address>0xa734</load_address>
         <run_address>0xa734</run_address>
         <size>0x19a</size>
         <input_file_ref idref="fl-6b"/>
      </object_component>
      <object_component id="oc-1e7">
         <name>.text:ClockSkewCalculation</name>
         <load_address>0xa8ce</load_address>
         <run_address>0xa8ce</run_address>
         <size>0x178</size>
         <input_file_ref idref="fl-2"/>
      </object_component>
      <object_component id="oc-3ed">
         <name>.text:_pconv_a</name>
         <load_address>0xaa46</load_address>
         <run_address>0xaa46</run_address>
         <size>0x168</size>
         <input_file_ref idref="fl-6b"/>
      </object_component>
      <object_component id="oc-3bc">
         <name>.text:_getarg_diouxp</name>
         <load_address>0xabae</load_address>
         <run_address>0xabae</run_address>
         <size>0x164</size>
         <input_file_ref idref="fl-6b"/>
      </object_component>
      <object_component id="oc-388">
         <name>.text:_pproc_diouxp</name>
         <load_address>0xad12</load_address>
         <run_address>0xad12</run_address>
         <size>0x140</size>
         <input_file_ref idref="fl-6b"/>
      </object_component>
      <object_component id="oc-27d">
         <name>.text</name>
         <load_address>0xae52</load_address>
         <run_address>0xae52</run_address>
         <size>0x130</size>
         <input_file_ref idref="fl-46"/>
      </object_component>
      <object_component id="oc-4c3">
         <name>.text:_Dnorm</name>
         <load_address>0xaf82</load_address>
         <run_address>0xaf82</run_address>
         <size>0xfc</size>
         <input_file_ref idref="fl-93"/>
      </object_component>
      <object_component id="oc-3db">
         <name>.text:_pconv_g</name>
         <load_address>0xb07e</load_address>
         <run_address>0xb07e</run_address>
         <size>0xf4</size>
         <input_file_ref idref="fl-6b"/>
      </object_component>
      <object_component id="oc-317">
         <name>.text:_pproc_fwp</name>
         <load_address>0xb172</load_address>
         <run_address>0xb172</run_address>
         <size>0xf4</size>
         <input_file_ref idref="fl-6b"/>
      </object_component>
      <object_component id="oc-3f3">
         <name>.text:__mspabi_cmpd</name>
         <load_address>0xb266</load_address>
         <run_address>0xb266</run_address>
         <size>0xd8</size>
         <input_file_ref idref="fl-70"/>
      </object_component>
      <object_component id="oc-d3">
         <name>.text:__TI_decompress_rle_core</name>
         <load_address>0xb33e</load_address>
         <run_address>0xb33e</run_address>
         <size>0xd6</size>
         <input_file_ref idref="fl-3a"/>
      </object_component>
      <object_component id="oc-241">
         <name>.text:SetVCoreUp</name>
         <load_address>0xb414</load_address>
         <run_address>0xb414</run_address>
         <size>0xd4</size>
         <input_file_ref idref="fl-4"/>
      </object_component>
      <object_component id="oc-287">
         <name>.text</name>
         <load_address>0xb4e8</load_address>
         <run_address>0xb4e8</run_address>
         <size>0xb6</size>
         <input_file_ref idref="fl-4a"/>
      </object_component>
      <object_component id="oc-35b">
         <name>.text:__TI_renormd</name>
         <load_address>0xb59e</load_address>
         <run_address>0xb59e</run_address>
         <size>0xb2</size>
         <input_file_ref idref="fl-68"/>
      </object_component>
      <object_component id="oc-323">
         <name>.text:_pproc_str</name>
         <load_address>0xb650</load_address>
         <run_address>0xb650</run_address>
         <size>0xa0</size>
         <input_file_ref idref="fl-6b"/>
      </object_component>
      <object_component id="oc-247">
         <name>.text:SetVCoreDown</name>
         <load_address>0xb6f0</load_address>
         <run_address>0xb6f0</run_address>
         <size>0x9a</size>
         <input_file_ref idref="fl-4"/>
      </object_component>
      <object_component id="oc-1a0">
         <name>.text:InitButtonLeds</name>
         <load_address>0xb78a</load_address>
         <run_address>0xb78a</run_address>
         <size>0x96</size>
         <input_file_ref idref="fl-3"/>
      </object_component>
      <object_component id="oc-3c2">
         <name>.text:_ltostr</name>
         <load_address>0xb820</load_address>
         <run_address>0xb820</run_address>
         <size>0x96</size>
         <input_file_ref idref="fl-6b"/>
      </object_component>
      <object_component id="oc-468">
         <name>.text:__mspabi_fltlid</name>
         <load_address>0xb8b6</load_address>
         <run_address>0xb8b6</run_address>
         <size>0x94</size>
         <input_file_ref idref="fl-77"/>
      </object_component>
      <object_component id="oc-24e">
         <name>.text:Strobe</name>
         <load_address>0xb94a</load_address>
         <run_address>0xb94a</run_address>
         <size>0x8e</size>
         <input_file_ref idref="fl-5"/>
      </object_component>
      <object_component id="oc-41c">
         <name>.text:_ecpy</name>
         <load_address>0xb9d8</load_address>
         <run_address>0xb9d8</run_address>
         <size>0x8e</size>
         <input_file_ref idref="fl-6b"/>
      </object_component>
      <object_component id="oc-272">
         <name>.text</name>
         <load_address>0xba66</load_address>
         <run_address>0xba66</run_address>
         <size>0x8e</size>
         <input_file_ref idref="fl-47"/>
      </object_component>
      <object_component id="oc-29d">
         <name>.text:__mspabi_cvtdf</name>
         <load_address>0xbaf4</load_address>
         <run_address>0xbaf4</run_address>
         <size>0x8c</size>
         <input_file_ref idref="fl-3d"/>
      </object_component>
      <object_component id="oc-422">
         <name>.text:_mcpy</name>
         <load_address>0xbb80</load_address>
         <run_address>0xbb80</run_address>
         <size>0x8a</size>
         <input_file_ref idref="fl-6b"/>
      </object_component>
      <object_component id="oc-40b">
         <name>.text:_div</name>
         <load_address>0xbc0a</load_address>
         <run_address>0xbc0a</run_address>
         <size>0x88</size>
         <input_file_ref idref="fl-6b"/>
      </object_component>
      <object_component id="oc-48d">
         <name>.text:ldexp</name>
         <load_address>0xbc92</load_address>
         <run_address>0xbc92</run_address>
         <size>0x82</size>
         <input_file_ref idref="fl-7a"/>
      </object_component>
      <object_component id="oc-109">
         <name>.text:_auto_init_hold_wdt</name>
         <load_address>0xbd14</load_address>
         <run_address>0xbd14</run_address>
         <size>0x80</size>
         <input_file_ref idref="fl-6f"/>
      </object_component>
      <object_component id="oc-151">
         <name>.text</name>
         <load_address>0xbd94</load_address>
         <run_address>0xbd94</run_address>
         <size>0x7e</size>
         <input_file_ref idref="fl-4b"/>
      </object_component>
      <object_component id="oc-462">
         <name>.text:ltoa</name>
         <load_address>0xbe12</load_address>
         <run_address>0xbe12</run_address>
         <size>0x7c</size>
         <input_file_ref idref="fl-7d"/>
      </object_component>
      <object_component id="oc-3e1">
         <name>.text:_pconv_f</name>
         <load_address>0xbe8e</load_address>
         <run_address>0xbe8e</run_address>
         <size>0x74</size>
         <input_file_ref idref="fl-6b"/>
      </object_component>
      <object_component id="oc-485">
         <name>.text:_Dunscale</name>
         <load_address>0xbf02</load_address>
         <run_address>0xbf02</run_address>
         <size>0x72</size>
         <input_file_ref idref="fl-88"/>
      </object_component>
      <object_component id="oc-47a">
         <name>.text:__mspabi_fixdli</name>
         <load_address>0xbf74</load_address>
         <run_address>0xbf74</run_address>
         <size>0x66</size>
         <input_file_ref idref="fl-75"/>
      </object_component>
      <object_component id="oc-1ed">
         <name>.text:__mspabi_cvtfd</name>
         <load_address>0xbfda</load_address>
         <run_address>0xbfda</run_address>
         <size>0x64</size>
         <input_file_ref idref="fl-3e"/>
      </object_component>
      <object_component id="oc-f1">
         <name>.text:_isr:CC1101_ISR</name>
         <load_address>0xc03e</load_address>
         <run_address>0xc03e</run_address>
         <size>0x5c</size>
         <input_file_ref idref="fl-3"/>
      </object_component>
      <object_component id="oc-1ac">
         <name>.text:TimerInit</name>
         <load_address>0xc09a</load_address>
         <run_address>0xc09a</run_address>
         <size>0x58</size>
         <input_file_ref idref="fl-3"/>
      </object_component>
      <object_component id="oc-454">
         <name>.text</name>
         <load_address>0xc0f2</load_address>
         <run_address>0xc0f2</run_address>
         <size>0x58</size>
         <input_file_ref idref="fl-72"/>
      </object_component>
      <object_component id="oc-eb">
         <name>.text:_isr:Timer1_A0</name>
         <load_address>0xc14a</load_address>
         <run_address>0xc14a</run_address>
         <size>0x52</size>
         <input_file_ref idref="fl-3"/>
      </object_component>
      <object_component id="oc-380">
         <name>.text:atoi</name>
         <load_address>0xc19c</load_address>
         <run_address>0xc19c</run_address>
         <size>0x52</size>
         <input_file_ref idref="fl-6e"/>
      </object_component>
      <object_component id="oc-3cf">
         <name>.text:_Dclass</name>
         <load_address>0xc1ee</load_address>
         <run_address>0xc1ee</run_address>
         <size>0x50</size>
         <input_file_ref idref="fl-86"/>
      </object_component>
      <object_component id="oc-f7">
         <name>.text:_isr:TimerA0</name>
         <load_address>0xc23e</load_address>
         <run_address>0xc23e</run_address>
         <size>0x4a</size>
         <input_file_ref idref="fl-3"/>
      </object_component>
      <object_component id="oc-282">
         <name>.text</name>
         <load_address>0xc288</load_address>
         <run_address>0xc288</run_address>
         <size>0x4a</size>
         <input_file_ref idref="fl-49"/>
      </object_component>
      <object_component id="oc-42f">
         <name>.text:_fcpy</name>
         <load_address>0xc2d2</load_address>
         <run_address>0xc2d2</run_address>
         <size>0x48</size>
         <input_file_ref idref="fl-6b"/>
      </object_component>
      <object_component id="oc-e5">
         <name>.text:_isr:PORT1_ISR</name>
         <load_address>0xc31a</load_address>
         <run_address>0xc31a</run_address>
         <size>0x48</size>
         <input_file_ref idref="fl-3"/>
      </object_component>
      <object_component id="oc-188">
         <name>.text:PortInit</name>
         <load_address>0xc362</load_address>
         <run_address>0xc362</run_address>
         <size>0x44</size>
         <input_file_ref idref="fl-3"/>
      </object_component>
      <object_component id="oc-311">
         <name>.text:_pproc_fflags</name>
         <load_address>0xc3a6</load_address>
         <run_address>0xc3a6</run_address>
         <size>0x44</size>
         <input_file_ref idref="fl-6b"/>
      </object_component>
      <object_component id="oc-165">
         <name>.text:ReadBurstReg</name>
         <load_address>0xc3ea</load_address>
         <run_address>0xc3ea</run_address>
         <size>0x42</size>
         <input_file_ref idref="fl-5"/>
      </object_component>
      <object_component id="oc-1a6">
         <name>.text:UartInit</name>
         <load_address>0xc42c</load_address>
         <run_address>0xc42c</run_address>
         <size>0x42</size>
         <input_file_ref idref="fl-3"/>
      </object_component>
      <object_component id="oc-c7">
         <name>.text:__memcpy_far</name>
         <load_address>0xc46e</load_address>
         <run_address>0xc46e</run_address>
         <size>0x40</size>
         <input_file_ref idref="fl-3c"/>
      </object_component>
      <object_component id="oc-437">
         <name>.text:frexp</name>
         <load_address>0xc4ae</load_address>
         <run_address>0xc4ae</run_address>
         <size>0x40</size>
         <input_file_ref idref="fl-79"/>
      </object_component>
      <object_component id="oc-4b1">
         <name>.text</name>
         <load_address>0xc4ee</load_address>
         <run_address>0xc4ee</run_address>
         <size>0x40</size>
         <input_file_ref idref="fl-8c"/>
      </object_component>
      <object_component id="oc-81">
         <name>.text:decompress:ZI:__TI_zero_init</name>
         <load_address>0xc52e</load_address>
         <run_address>0xc52e</run_address>
         <size>0x3e</size>
         <input_file_ref idref="fl-3b"/>
      </object_component>
      <object_component id="oc-2a4">
         <name>.text:l_asr_const</name>
         <load_address>0xc56c</load_address>
         <run_address>0xc56c</run_address>
         <size>0x3e</size>
         <input_file_ref idref="fl-6d"/>
      </object_component>
      <object_component id="oc-1c8">
         <name>.text:l_lsl_const</name>
         <load_address>0xc5aa</load_address>
         <run_address>0xc5aa</run_address>
         <size>0x3e</size>
         <input_file_ref idref="fl-5c"/>
      </object_component>
      <object_component id="oc-33e">
         <name>.text:l_lsr_const</name>
         <load_address>0xc5e8</load_address>
         <run_address>0xc5e8</run_address>
         <size>0x3e</size>
         <input_file_ref idref="fl-5d"/>
      </object_component>
      <object_component id="oc-64">
         <name>.text:decompress:none:__TI_decompress_none</name>
         <load_address>0xc626</load_address>
         <run_address>0xc626</run_address>
         <size>0x3c</size>
         <input_file_ref idref="fl-39"/>
      </object_component>
      <object_component id="oc-18e">
         <name>.text:SetVCore</name>
         <load_address>0xc662</load_address>
         <run_address>0xc662</run_address>
         <size>0x3a</size>
         <input_file_ref idref="fl-4"/>
      </object_component>
      <object_component id="oc-4a9">
         <name>.text:__mspabi_sllll</name>
         <load_address>0xc69c</load_address>
         <run_address>0xc69c</run_address>
         <size>0x3a</size>
         <input_file_ref idref="fl-7b"/>
      </object_component>
      <object_component id="oc-449">
         <name>.text:__mspabi_srlll</name>
         <load_address>0xc6d6</load_address>
         <run_address>0xc6d6</run_address>
         <size>0x3a</size>
         <input_file_ref idref="fl-7c"/>
      </object_component>
      <object_component id="oc-1f7">
         <name>.text:sprintf</name>
         <load_address>0xc710</load_address>
         <run_address>0xc710</run_address>
         <size>0x38</size>
         <input_file_ref idref="fl-69"/>
      </object_component>
      <object_component id="oc-157">
         <name>.text:get_localtime</name>
         <load_address>0xc748</load_address>
         <run_address>0xc748</run_address>
         <size>0x36</size>
         <input_file_ref idref="fl-2"/>
      </object_component>
      <object_component id="oc-499">
         <name>.text:incr_hex</name>
         <load_address>0xc77e</load_address>
         <run_address>0xc77e</run_address>
         <size>0x36</size>
         <input_file_ref idref="fl-6b"/>
      </object_component>
      <object_component id="oc-1e2">
         <name>.text</name>
         <load_address>0xc7b4</load_address>
         <run_address>0xc7b4</run_address>
         <size>0x36</size>
         <input_file_ref idref="fl-48"/>
      </object_component>
      <object_component id="oc-531">
         <name>.text:signal</name>
         <load_address>0xc7ea</load_address>
         <run_address>0xc7ea</run_address>
         <size>0x36</size>
         <input_file_ref idref="fl-92"/>
      </object_component>
      <object_component id="oc-4d3">
         <name>.text:_Feraise</name>
         <load_address>0xc820</load_address>
         <run_address>0xc820</run_address>
         <size>0x32</size>
         <input_file_ref idref="fl-89"/>
      </object_component>
      <object_component id="oc-51e">
         <name>.text:raise</name>
         <load_address>0xc852</load_address>
         <run_address>0xc852</run_address>
         <size>0x32</size>
         <input_file_ref idref="fl-91"/>
      </object_component>
      <object_component id="oc-500">
         <name>.text:feraiseexcept</name>
         <load_address>0xc884</load_address>
         <run_address>0xc884</run_address>
         <size>0x30</size>
         <input_file_ref idref="fl-8e"/>
      </object_component>
      <object_component id="oc-46e">
         <name>.text:__mspabi_subd</name>
         <load_address>0xc8b4</load_address>
         <run_address>0xc8b4</run_address>
         <size>0x2e</size>
         <input_file_ref idref="fl-84"/>
      </object_component>
      <object_component id="oc-15e">
         <name>.text:ReadSingleReg</name>
         <load_address>0xc8e2</load_address>
         <run_address>0xc8e2</run_address>
         <size>0x2c</size>
         <input_file_ref idref="fl-5"/>
      </object_component>
      <object_component id="oc-3d5">
         <name>.text:__mspabi_negd</name>
         <load_address>0xc90e</load_address>
         <run_address>0xc90e</run_address>
         <size>0x2a</size>
         <input_file_ref idref="fl-81"/>
      </object_component>
      <object_component id="oc-474">
         <name>.text:__mspabi_fixdi</name>
         <load_address>0xc938</load_address>
         <run_address>0xc938</run_address>
         <size>0x28</size>
         <input_file_ref idref="fl-74"/>
      </object_component>
      <object_component id="oc-292">
         <name>.text</name>
         <load_address>0xc960</load_address>
         <run_address>0xc960</run_address>
         <size>0x24</size>
         <input_file_ref idref="fl-4d"/>
      </object_component>
      <object_component id="oc-19a">
         <name>.text:InitRadio</name>
         <load_address>0xc984</load_address>
         <run_address>0xc984</run_address>
         <size>0x22</size>
         <input_file_ref idref="fl-3"/>
      </object_component>
      <object_component id="oc-25e">
         <name>.text:WriteSinglePATable</name>
         <load_address>0xc9a6</load_address>
         <run_address>0xc9a6</run_address>
         <size>0x22</size>
         <input_file_ref idref="fl-5"/>
      </object_component>
      <object_component id="oc-343">
         <name>.text</name>
         <load_address>0xc9c8</load_address>
         <run_address>0xc9c8</run_address>
         <size>0x22</size>
         <input_file_ref idref="fl-65"/>
      </object_component>
      <object_component id="oc-1ba">
         <name>.text:ReceiveOff</name>
         <load_address>0xc9ea</load_address>
         <run_address>0xc9ea</run_address>
         <size>0x1e</size>
         <input_file_ref idref="fl-3"/>
      </object_component>
      <object_component id="oc-1ce">
         <name>.text:get_cfo</name>
         <load_address>0xca08</load_address>
         <run_address>0xca08</run_address>
         <size>0x1e</size>
         <input_file_ref idref="fl-2"/>
      </object_component>
      <object_component id="oc-493">
         <name>.text:val_hex</name>
         <load_address>0xca26</load_address>
         <run_address>0xca26</run_address>
         <size>0x1e</size>
         <input_file_ref idref="fl-6b"/>
      </object_component>
      <object_component id="oc-1c0">
         <name>.text:ReceiveOn</name>
         <load_address>0xca44</load_address>
         <run_address>0xca44</run_address>
         <size>0x1c</size>
         <input_file_ref idref="fl-3"/>
      </object_component>
      <object_component id="oc-9f">
         <name>.text:_isr:_c_int00_noargs_noexit</name>
         <load_address>0xca60</load_address>
         <run_address>0xca60</run_address>
         <size>0x1a</size>
         <input_file_ref idref="fl-38"/>
      </object_component>
      <object_component id="oc-394">
         <name>.text:memccpy</name>
         <load_address>0xca7a</load_address>
         <run_address>0xca7a</run_address>
         <size>0x1a</size>
         <input_file_ref idref="fl-7e"/>
      </object_component>
      <object_component id="oc-4db">
         <name>.text:strchr</name>
         <load_address>0xca94</load_address>
         <run_address>0xca94</run_address>
         <size>0x1a</size>
         <input_file_ref idref="fl-82"/>
      </object_component>
      <object_component id="oc-2af">
         <name>.text:_outs</name>
         <load_address>0xcaae</load_address>
         <run_address>0xcaae</run_address>
         <size>0x18</size>
         <input_file_ref idref="fl-69"/>
      </object_component>
      <object_component id="oc-44f">
         <name>.text</name>
         <load_address>0xcac6</load_address>
         <run_address>0xcac6</run_address>
         <size>0x16</size>
         <input_file_ref idref="fl-40"/>
      </object_component>
      <object_component id="oc-365">
         <name>.text</name>
         <load_address>0xcadc</load_address>
         <run_address>0xcadc</run_address>
         <size>0x16</size>
         <input_file_ref idref="fl-62"/>
      </object_component>
      <object_component id="oc-2d3">
         <name>.text:WriteSingleReg</name>
         <load_address>0xcaf2</load_address>
         <run_address>0xcaf2</run_address>
         <size>0x14</size>
         <input_file_ref idref="fl-5"/>
      </object_component>
      <object_component id="oc-37a">
         <name>.text:memset</name>
         <load_address>0xcb06</load_address>
         <run_address>0xcb06</run_address>
         <size>0x14</size>
         <input_file_ref idref="fl-80"/>
      </object_component>
      <object_component id="oc-1fd">
         <name>.text:putstr</name>
         <load_address>0xcb1a</load_address>
         <run_address>0xcb1a</run_address>
         <size>0x14</size>
         <input_file_ref idref="fl-3"/>
      </object_component>
      <object_component id="oc-194">
         <name>.text:ResetRadioCore</name>
         <load_address>0xcb2e</load_address>
         <run_address>0xcb2e</run_address>
         <size>0x12</size>
         <input_file_ref idref="fl-5"/>
      </object_component>
      <object_component id="oc-2b5">
         <name>.text:_outc</name>
         <load_address>0xcb40</load_address>
         <run_address>0xcb40</run_address>
         <size>0x12</size>
         <input_file_ref idref="fl-69"/>
      </object_component>
      <object_component id="oc-1db">
         <name>.text:correct_offset</name>
         <load_address>0xcb52</load_address>
         <run_address>0xcb52</run_address>
         <size>0x12</size>
         <input_file_ref idref="fl-2"/>
      </object_component>
      <object_component id="oc-1d4">
         <name>.text:get_offset</name>
         <load_address>0xcb64</load_address>
         <run_address>0xcb64</run_address>
         <size>0x12</size>
         <input_file_ref idref="fl-2"/>
      </object_component>
      <object_component id="oc-303">
         <name>.text:memcpy</name>
         <load_address>0xcb76</load_address>
         <run_address>0xcb76</run_address>
         <size>0x12</size>
         <input_file_ref idref="fl-7f"/>
      </object_component>
      <object_component id="oc-1b2">
         <name>.text:IdentityInit</name>
         <load_address>0xcb88</load_address>
         <run_address>0xcb88</run_address>
         <size>0x10</size>
         <input_file_ref idref="fl-3"/>
      </object_component>
      <object_component id="oc-356">
         <name>.text:l_asr</name>
         <load_address>0xcb98</load_address>
         <run_address>0xcb98</run_address>
         <size>0x10</size>
         <input_file_ref idref="fl-6d"/>
      </object_component>
      <object_component id="oc-34c">
         <name>.text:l_lsl</name>
         <load_address>0xcba8</load_address>
         <run_address>0xcba8</run_address>
         <size>0x10</size>
         <input_file_ref idref="fl-5c"/>
      </object_component>
      <object_component id="oc-351">
         <name>.text:l_lsr</name>
         <load_address>0xcbb8</load_address>
         <run_address>0xcbb8</run_address>
         <size>0x10</size>
         <input_file_ref idref="fl-5d"/>
      </object_component>
      <object_component id="oc-6a">
         <name>.text:decompress:rle24:__TI_decompress_rle24</name>
         <load_address>0xcbc8</load_address>
         <run_address>0xcbc8</run_address>
         <size>0xe</size>
         <input_file_ref idref="fl-3a"/>
      </object_component>
      <object_component id="oc-30b">
         <name>.text:strlen</name>
         <load_address>0xcbd6</load_address>
         <run_address>0xcbd6</run_address>
         <size>0xe</size>
         <input_file_ref idref="fl-83"/>
      </object_component>
      <object_component id="oc-49f">
         <name>.text:__mspabi_fltid</name>
         <load_address>0xcbe4</load_address>
         <run_address>0xcbe4</run_address>
         <size>0xc</size>
         <input_file_ref idref="fl-76"/>
      </object_component>
      <object_component id="oc-2c3">
         <name>.text:putchar1</name>
         <load_address>0xcbf0</load_address>
         <run_address>0xcbf0</run_address>
         <size>0xc</size>
         <input_file_ref idref="fl-3"/>
      </object_component>
      <object_component id="oc-3c9">
         <name>.text:toupper</name>
         <load_address>0xcbfc</load_address>
         <run_address>0xcbfc</run_address>
         <size>0xc</size>
         <input_file_ref idref="fl-85"/>
      </object_component>
      <object_component id="oc-4b6">
         <name>.text:abs</name>
         <load_address>0xcc08</load_address>
         <run_address>0xcc08</run_address>
         <size>0xa</size>
         <input_file_ref idref="fl-8b"/>
      </object_component>
      <object_component id="oc-4f6">
         <name>.text</name>
         <load_address>0xcc12</load_address>
         <run_address>0xcc12</run_address>
         <size>0xa</size>
         <input_file_ref idref="fl-8f"/>
      </object_component>
      <object_component id="oc-4f1">
         <name>.text</name>
         <load_address>0xcc1c</load_address>
         <run_address>0xcc1c</run_address>
         <size>0xa</size>
         <input_file_ref idref="fl-90"/>
      </object_component>
      <object_component id="oc-e0">
         <name>.text:_isr:__TI_ISR_TRAP</name>
         <load_address>0xcc26</load_address>
         <run_address>0xcc26</run_address>
         <size>0x6</size>
         <input_file_ref idref="fl-5b"/>
      </object_component>
      <object_component id="oc-103">
         <name>.text:_system_pre_init</name>
         <load_address>0xcc2c</load_address>
         <run_address>0xcc2c</run_address>
         <size>0x4</size>
         <input_file_ref idref="fl-67"/>
      </object_component>
      <object_component id="oc-12b">
         <name>.text:abort</name>
         <load_address>0xcc30</load_address>
         <run_address>0xcc30</run_address>
         <size>0x4</size>
         <input_file_ref idref="fl-42"/>
      </object_component>
      <object_component id="oc-22e">
         <name>.text:_nop</name>
         <load_address>0xcc34</load_address>
         <run_address>0xcc34</run_address>
         <size>0x2</size>
         <input_file_ref idref="fl-6a"/>
      </object_component>
      <object_component id="oc-5b4">
         <name>.cinit..data.load</name>
         <load_address>0xcd9c</load_address>
         <run_address>0xcd9c</run_address>
         <size>0x71</size>
      </object_component>
      <object_component id="oc-5b1">
         <name>__TI_handler_table</name>
         <load_address>0xce0e</load_address>
         <run_address>0xce0e</run_address>
         <size>0xc</size>
      </object_component>
      <object_component id="oc-5b3">
         <name>.cinit..bss.load</name>
         <load_address>0xce1a</load_address>
         <run_address>0xce1a</run_address>
         <size>0x6</size>
      </object_component>
      <object_component id="oc-5b2">
         <name>__TI_cinit_table</name>
         <load_address>0xce20</load_address>
         <run_address>0xce20</run_address>
         <size>0x10</size>
      </object_component>
      <object_component id="oc-3b7">
         <name>.const:.string:_ctypes_</name>
         <load_address>0xcc36</load_address>
         <run_address>0xcc36</run_address>
         <size>0x101</size>
         <input_file_ref idref="fl-71"/>
      </object_component>
      <object_component id="oc-1f4">
         <name>.const:.string</name>
         <load_address>0xcd38</load_address>
         <run_address>0xcd38</run_address>
         <size>0x3e</size>
         <input_file_ref idref="fl-3"/>
      </object_component>
      <object_component id="oc-387">
         <name>.const:.string</name>
         <load_address>0xcd76</load_address>
         <run_address>0xcd76</run_address>
         <size>0x26</size>
         <input_file_ref idref="fl-6b"/>
      </object_component>
      <object_component id="oc-70">
         <name>.int45</name>
         <load_address>0xffda</load_address>
         <run_address>0xffda</run_address>
         <size>0x2</size>
         <input_file_ref idref="fl-4e"/>
      </object_component>
      <object_component id="oc-71">
         <name>.int46</name>
         <load_address>0xffdc</load_address>
         <run_address>0xffdc</run_address>
         <size>0x2</size>
         <input_file_ref idref="fl-4f"/>
      </object_component>
      <object_component id="oc-72">
         <name>.int48</name>
         <load_address>0xffe0</load_address>
         <run_address>0xffe0</run_address>
         <size>0x2</size>
         <input_file_ref idref="fl-50"/>
      </object_component>
      <object_component id="oc-73">
         <name>.int49</name>
         <load_address>0xffe2</load_address>
         <run_address>0xffe2</run_address>
         <size>0x2</size>
         <input_file_ref idref="fl-3"/>
      </object_component>
      <object_component id="oc-74">
         <name>.int50</name>
         <load_address>0xffe4</load_address>
         <run_address>0xffe4</run_address>
         <size>0x2</size>
         <input_file_ref idref="fl-51"/>
      </object_component>
      <object_component id="oc-75">
         <name>.int51</name>
         <load_address>0xffe6</load_address>
         <run_address>0xffe6</run_address>
         <size>0x2</size>
         <input_file_ref idref="fl-3"/>
      </object_component>
      <object_component id="oc-76">
         <name>.int52</name>
         <load_address>0xffe8</load_address>
         <run_address>0xffe8</run_address>
         <size>0x2</size>
         <input_file_ref idref="fl-52"/>
      </object_component>
      <object_component id="oc-77">
         <name>.int53</name>
         <load_address>0xffea</load_address>
         <run_address>0xffea</run_address>
         <size>0x2</size>
         <input_file_ref idref="fl-3"/>
      </object_component>
      <object_component id="oc-78">
         <name>.int54</name>
         <load_address>0xffec</load_address>
         <run_address>0xffec</run_address>
         <size>0x2</size>
         <input_file_ref idref="fl-3"/>
      </object_component>
      <object_component id="oc-79">
         <name>.int55</name>
         <load_address>0xffee</load_address>
         <run_address>0xffee</run_address>
         <size>0x2</size>
         <input_file_ref idref="fl-53"/>
      </object_component>
      <object_component id="oc-7a">
         <name>.int56</name>
         <load_address>0xfff0</load_address>
         <run_address>0xfff0</run_address>
         <size>0x2</size>
         <input_file_ref idref="fl-54"/>
      </object_component>
      <object_component id="oc-7b">
         <name>.int57</name>
         <load_address>0xfff2</load_address>
         <run_address>0xfff2</run_address>
         <size>0x2</size>
         <input_file_ref idref="fl-55"/>
      </object_component>
      <object_component id="oc-7c">
         <name>.int58</name>
         <load_address>0xfff4</load_address>
         <run_address>0xfff4</run_address>
         <size>0x2</size>
         <input_file_ref idref="fl-56"/>
      </object_component>
      <object_component id="oc-7d">
         <name>.int59</name>
         <load_address>0xfff6</load_address>
         <run_address>0xfff6</run_address>
         <size>0x2</size>
         <input_file_ref idref="fl-57"/>
      </object_component>
      <object_component id="oc-7e">
         <name>.int60</name>
         <load_address>0xfff8</load_address>
         <run_address>0xfff8</run_address>
         <size>0x2</size>
         <input_file_ref idref="fl-58"/>
      </object_component>
      <object_component id="oc-7f">
         <name>.int61</name>
         <load_address>0xfffa</load_address>
         <run_address>0xfffa</run_address>
         <size>0x2</size>
         <input_file_ref idref="fl-59"/>
      </object_component>
      <object_component id="oc-80">
         <name>.int62</name>
         <load_address>0xfffc</load_address>
         <run_address>0xfffc</run_address>
         <size>0x2</size>
         <input_file_ref idref="fl-5a"/>
      </object_component>
      <object_component id="oc-c6">
         <name>.reset</name>
         <load_address>0xfffe</load_address>
         <run_address>0xfffe</run_address>
         <size>0x2</size>
         <input_file_ref idref="fl-37"/>
      </object_component>
      <object_component id="oc-1c6">
         <name>.common:packet_int</name>
         <uninitialized>true</uninitialized>
         <run_address>0x1e5e</run_address>
         <size>0x2</size>
      </object_component>
      <object_component id="oc-1c7">
         <name>.common:icrf_int</name>
         <uninitialized>true</uninitialized>
         <run_address>0x1e5a</run_address>
         <size>0x2</size>
      </object_component>
      <object_component id="oc-1cd">
         <name>.common:time_int</name>
         <uninitialized>true</uninitialized>
         <run_address>0x1e4e</run_address>
         <size>0x4</size>
      </object_component>
      <object_component id="oc-1b9">
         <name>.common:time_last</name>
         <uninitialized>true</uninitialized>
         <run_address>0x1e52</run_address>
         <size>0x4</size>
      </object_component>
      <object_component id="oc-1da">
         <name>.common:offset</name>
         <uninitialized>true</uninitialized>
         <run_address>0x1e42</run_address>
         <size>0x4</size>
      </object_component>
      <object_component id="oc-16d">
         <name>.common:sys_rf</name>
         <uninitialized>true</uninitialized>
         <run_address>0x1e66</run_address>
         <size>0x2</size>
      </object_component>
      <object_component id="oc-149">
         <name>.common:timer_count</name>
         <uninitialized>true</uninitialized>
         <run_address>0x1e68</run_address>
         <size>0x2</size>
      </object_component>
      <object_component id="oc-21b">
         <name>.common:timevalue</name>
         <uninitialized>true</uninitialized>
         <run_address>0x1e56</run_address>
         <size>0x4</size>
      </object_component>
      <object_component id="oc-14f">
         <name>.common:Local_timevalue</name>
         <uninitialized>true</uninitialized>
         <run_address>0x1e36</run_address>
         <size>0x4</size>
      </object_component>
      <object_component id="oc-1b8">
         <name>.common:local_overflow</name>
         <uninitialized>true</uninitialized>
         <run_address>0x1e5c</run_address>
         <size>0x2</size>
      </object_component>
      <object_component id="oc-150">
         <name>.common:skew</name>
         <uninitialized>true</uninitialized>
         <run_address>0x1e46</run_address>
         <size>0x4</size>
      </object_component>
      <object_component id="oc-1f3">
         <name>.common:skew_ratio</name>
         <uninitialized>true</uninitialized>
         <run_address>0x1e4a</run_address>
         <size>0x4</size>
      </object_component>
      <object_component id="oc-14e">
         <name>.common:period_assign</name>
         <uninitialized>true</uninitialized>
         <run_address>0x1e60</run_address>
         <size>0x2</size>
      </object_component>
      <object_component id="oc-270">
         <name>.common:N_pll</name>
         <uninitialized>true</uninitialized>
         <run_address>0x1e3a</run_address>
         <size>0x4</size>
      </object_component>
      <object_component id="oc-271">
         <name>.common:f_nominal</name>
         <uninitialized>true</uninitialized>
         <run_address>0x1e3e</run_address>
         <size>0x4</size>
      </object_component>
      <object_component id="oc-1f5">
         <name>.common:print_no</name>
         <uninitialized>true</uninitialized>
         <run_address>0x1e62</run_address>
         <size>0x2</size>
      </object_component>
      <object_component id="oc-16c">
         <name>.common:starttimeTA0$1</name>
         <uninitialized>true</uninitialized>
         <run_address>0x1e64</run_address>
         <size>0x2</size>
      </object_component>
      <object_component id="oc-164">
         <name>.common:RxBuffer</name>
         <uninitialized>true</uninitialized>
         <run_address>0x1e2a</run_address>
         <size>0xc</size>
      </object_component>
      <object_component id="oc-1f6">
         <name>.common:clk_buffer</name>
         <uninitialized>true</uninitialized>
         <run_address>0x1c00</run_address>
         <size>0x200</size>
      </object_component>
      <object_component id="oc-15d">
         <name>.common:myreceive</name>
         <uninitialized>true</uninitialized>
         <run_address>0x1e00</run_address>
         <size>0x16</size>
      </object_component>
      <object_component id="oc-1e1">
         <name>.common:offset_stack</name>
         <uninitialized>true</uninitialized>
         <run_address>0x1e16</run_address>
         <size>0x14</size>
      </object_component>
      <object_component id="oc-145">
         <name>.data</name>
         <load_address>0x1fbe</load_address>
         <run_address>0x1fbe</run_address>
         <size>0x12</size>
         <input_file_ref idref="fl-3"/>
      </object_component>
      <object_component id="oc-255">
         <name>.data</name>
         <load_address>0x1f9a</load_address>
         <run_address>0x1f9a</run_address>
         <size>0x23</size>
         <input_file_ref idref="fl-6"/>
      </object_component>
      <object_component id="oc-179">
         <name>.data:_lock</name>
         <load_address>0x1fd8</load_address>
         <run_address>0x1fd8</run_address>
         <size>0x4</size>
         <input_file_ref idref="fl-6a"/>
      </object_component>
      <object_component id="oc-182">
         <name>.data:_unlock</name>
         <load_address>0x1fdc</load_address>
         <run_address>0x1fdc</run_address>
         <size>0x4</size>
         <input_file_ref idref="fl-6a"/>
      </object_component>
      <object_component id="oc-4fb">
         <name>.data</name>
         <load_address>0x1f1a</load_address>
         <run_address>0x1f1a</run_address>
         <size>0x80</size>
         <input_file_ref idref="fl-8a"/>
      </object_component>
      <object_component id="oc-506">
         <name>.data</name>
         <load_address>0x1fe0</load_address>
         <run_address>0x1fe0</run_address>
         <size>0x2</size>
         <input_file_ref idref="fl-8d"/>
      </object_component>
      <object_component id="oc-51b">
         <name>.data</name>
         <load_address>0x1fd0</load_address>
         <run_address>0x1fd0</run_address>
         <size>0x8</size>
         <input_file_ref idref="fl-8e"/>
      </object_component>
      <object_component id="oc-53b">
         <name>.data:sigtable</name>
         <load_address>0x1e6a</load_address>
         <run_address>0x1e6a</run_address>
         <size>0xb0</size>
         <input_file_ref idref="fl-92"/>
      </object_component>
      <object_component id="oc-14a">
         <name>.debug_info</name>
         <load_address>0x0</load_address>
         <run_address>0x0</run_address>
         <size>0x6fc</size>
         <input_file_ref idref="fl-2"/>
      </object_component>
      <object_component id="oc-158">
         <name>.debug_info</name>
         <load_address>0x6fc</load_address>
         <run_address>0x6fc</run_address>
         <size>0x11c</size>
         <input_file_ref idref="fl-2"/>
      </object_component>
      <object_component id="oc-1e8">
         <name>.debug_info</name>
         <load_address>0x818</load_address>
         <run_address>0x818</run_address>
         <size>0x3f3</size>
         <input_file_ref idref="fl-2"/>
      </object_component>
      <object_component id="oc-1d5">
         <name>.debug_info</name>
         <load_address>0xc0b</load_address>
         <run_address>0xc0b</run_address>
         <size>0x1a8</size>
         <input_file_ref idref="fl-2"/>
      </object_component>
      <object_component id="oc-1dc">
         <name>.debug_info</name>
         <load_address>0xdb3</load_address>
         <run_address>0xdb3</run_address>
         <size>0x152</size>
         <input_file_ref idref="fl-2"/>
      </object_component>
      <object_component id="oc-1cf">
         <name>.debug_info</name>
         <load_address>0xf05</load_address>
         <run_address>0xf05</run_address>
         <size>0x181</size>
         <input_file_ref idref="fl-2"/>
      </object_component>
      <object_component id="oc-210">
         <name>.debug_info</name>
         <load_address>0x1086</load_address>
         <run_address>0x1086</run_address>
         <size>0x190</size>
         <input_file_ref idref="fl-2"/>
      </object_component>
      <object_component id="oc-20b">
         <name>.debug_info</name>
         <load_address>0x1216</load_address>
         <run_address>0x1216</run_address>
         <size>0x2f6</size>
         <input_file_ref idref="fl-2"/>
      </object_component>
      <object_component id="oc-139">
         <name>.debug_info</name>
         <load_address>0x150c</load_address>
         <run_address>0x150c</run_address>
         <size>0x84</size>
         <input_file_ref idref="fl-2"/>
      </object_component>
      <object_component id="oc-215">
         <name>.debug_info</name>
         <load_address>0x1590</load_address>
         <run_address>0x1590</run_address>
         <size>0x18b</size>
         <input_file_ref idref="fl-2"/>
      </object_component>
      <object_component id="oc-32b">
         <name>.debug_info</name>
         <load_address>0x171b</load_address>
         <run_address>0x171b</run_address>
         <size>0x2c</size>
         <input_file_ref idref="fl-2"/>
      </object_component>
      <object_component id="oc-14c">
         <name>.debug_info</name>
         <load_address>0x1747</load_address>
         <run_address>0x1747</run_address>
         <size>0x131c</size>
         <input_file_ref idref="fl-3"/>
      </object_component>
      <object_component id="oc-146">
         <name>.debug_info</name>
         <load_address>0x2a63</load_address>
         <run_address>0x2a63</run_address>
         <size>0x23a</size>
         <input_file_ref idref="fl-3"/>
      </object_component>
      <object_component id="oc-124">
         <name>.debug_info</name>
         <load_address>0x2c9d</load_address>
         <run_address>0x2c9d</run_address>
         <size>0x375</size>
         <input_file_ref idref="fl-3"/>
      </object_component>
      <object_component id="oc-1b3">
         <name>.debug_info</name>
         <load_address>0x3012</load_address>
         <run_address>0x3012</run_address>
         <size>0x153</size>
         <input_file_ref idref="fl-3"/>
      </object_component>
      <object_component id="oc-1a7">
         <name>.debug_info</name>
         <load_address>0x3165</load_address>
         <run_address>0x3165</run_address>
         <size>0x13b</size>
         <input_file_ref idref="fl-3"/>
      </object_component>
      <object_component id="oc-2c4">
         <name>.debug_info</name>
         <load_address>0x32a0</load_address>
         <run_address>0x32a0</run_address>
         <size>0x155</size>
         <input_file_ref idref="fl-3"/>
      </object_component>
      <object_component id="oc-1fe">
         <name>.debug_info</name>
         <load_address>0x33f5</load_address>
         <run_address>0x33f5</run_address>
         <size>0x164</size>
         <input_file_ref idref="fl-3"/>
      </object_component>
      <object_component id="oc-1ad">
         <name>.debug_info</name>
         <load_address>0x3559</load_address>
         <run_address>0x3559</run_address>
         <size>0x13d</size>
         <input_file_ref idref="fl-3"/>
      </object_component>
      <object_component id="oc-189">
         <name>.debug_info</name>
         <load_address>0x3696</load_address>
         <run_address>0x3696</run_address>
         <size>0x13b</size>
         <input_file_ref idref="fl-3"/>
      </object_component>
      <object_component id="oc-1a1">
         <name>.debug_info</name>
         <load_address>0x37d1</load_address>
         <run_address>0x37d1</run_address>
         <size>0x147</size>
         <input_file_ref idref="fl-3"/>
      </object_component>
      <object_component id="oc-19b">
         <name>.debug_info</name>
         <load_address>0x3918</load_address>
         <run_address>0x3918</run_address>
         <size>0x16c</size>
         <input_file_ref idref="fl-3"/>
      </object_component>
      <object_component id="oc-1c1">
         <name>.debug_info</name>
         <load_address>0x3a84</load_address>
         <run_address>0x3a84</run_address>
         <size>0x14a</size>
         <input_file_ref idref="fl-3"/>
      </object_component>
      <object_component id="oc-1bb">
         <name>.debug_info</name>
         <load_address>0x3bce</load_address>
         <run_address>0x3bce</run_address>
         <size>0x159</size>
         <input_file_ref idref="fl-3"/>
      </object_component>
      <object_component id="oc-f2">
         <name>.debug_info</name>
         <load_address>0x3d27</load_address>
         <run_address>0x3d27</run_address>
         <size>0x17b</size>
         <input_file_ref idref="fl-3"/>
      </object_component>
      <object_component id="oc-e6">
         <name>.debug_info</name>
         <load_address>0x3ea2</load_address>
         <run_address>0x3ea2</run_address>
         <size>0x13e</size>
         <input_file_ref idref="fl-3"/>
      </object_component>
      <object_component id="oc-f8">
         <name>.debug_info</name>
         <load_address>0x3fe0</load_address>
         <run_address>0x3fe0</run_address>
         <size>0x186</size>
         <input_file_ref idref="fl-3"/>
      </object_component>
      <object_component id="oc-ec">
         <name>.debug_info</name>
         <load_address>0x4166</load_address>
         <run_address>0x4166</run_address>
         <size>0x154</size>
         <input_file_ref idref="fl-3"/>
      </object_component>
      <object_component id="oc-242">
         <name>.debug_info</name>
         <load_address>0x42ba</load_address>
         <run_address>0x42ba</run_address>
         <size>0x1c1</size>
         <input_file_ref idref="fl-4"/>
      </object_component>
      <object_component id="oc-248">
         <name>.debug_info</name>
         <load_address>0x447b</load_address>
         <run_address>0x447b</run_address>
         <size>0x1c5</size>
         <input_file_ref idref="fl-4"/>
      </object_component>
      <object_component id="oc-18f">
         <name>.debug_info</name>
         <load_address>0x4640</load_address>
         <run_address>0x4640</run_address>
         <size>0x19f</size>
         <input_file_ref idref="fl-4"/>
      </object_component>
      <object_component id="oc-21f">
         <name>.debug_info</name>
         <load_address>0x47df</load_address>
         <run_address>0x47df</run_address>
         <size>0x2ef</size>
         <input_file_ref idref="fl-5"/>
      </object_component>
      <object_component id="oc-24f">
         <name>.debug_info</name>
         <load_address>0x4ace</load_address>
         <run_address>0x4ace</run_address>
         <size>0x1ba</size>
         <input_file_ref idref="fl-5"/>
      </object_component>
      <object_component id="oc-15f">
         <name>.debug_info</name>
         <load_address>0x4c88</load_address>
         <run_address>0x4c88</run_address>
         <size>0x163</size>
         <input_file_ref idref="fl-5"/>
      </object_component>
      <object_component id="oc-2d4">
         <name>.debug_info</name>
         <load_address>0x4deb</load_address>
         <run_address>0x4deb</run_address>
         <size>0x16e</size>
         <input_file_ref idref="fl-5"/>
      </object_component>
      <object_component id="oc-166">
         <name>.debug_info</name>
         <load_address>0x4f59</load_address>
         <run_address>0x4f59</run_address>
         <size>0x18e</size>
         <input_file_ref idref="fl-5"/>
      </object_component>
      <object_component id="oc-195">
         <name>.debug_info</name>
         <load_address>0x50e7</load_address>
         <run_address>0x50e7</run_address>
         <size>0x140</size>
         <input_file_ref idref="fl-5"/>
      </object_component>
      <object_component id="oc-259">
         <name>.debug_info</name>
         <load_address>0x5227</load_address>
         <run_address>0x5227</run_address>
         <size>0x445</size>
         <input_file_ref idref="fl-5"/>
      </object_component>
      <object_component id="oc-25f">
         <name>.debug_info</name>
         <load_address>0x566c</load_address>
         <run_address>0x566c</run_address>
         <size>0x154</size>
         <input_file_ref idref="fl-5"/>
      </object_component>
      <object_component id="oc-256">
         <name>.debug_info</name>
         <load_address>0x57c0</load_address>
         <run_address>0x57c0</run_address>
         <size>0xf5</size>
         <input_file_ref idref="fl-6"/>
      </object_component>
      <object_component id="oc-2f6">
         <name>.debug_info</name>
         <load_address>0x58b5</load_address>
         <run_address>0x58b5</run_address>
         <size>0x173</size>
         <input_file_ref idref="fl-36"/>
      </object_component>
      <object_component id="oc-28e">
         <name>.debug_info</name>
         <load_address>0x5a28</load_address>
         <run_address>0x5a28</run_address>
         <size>0x208</size>
         <input_file_ref idref="fl-36"/>
      </object_component>
      <object_component id="oc-2e7">
         <name>.debug_info</name>
         <load_address>0x5c30</load_address>
         <run_address>0x5c30</run_address>
         <size>0x94</size>
         <input_file_ref idref="fl-36"/>
      </object_component>
      <object_component id="oc-c4">
         <name>.debug_info</name>
         <load_address>0x5cc4</load_address>
         <run_address>0x5cc4</run_address>
         <size>0xd6</size>
         <input_file_ref idref="fl-37"/>
      </object_component>
      <object_component id="oc-a2">
         <name>.debug_info</name>
         <load_address>0x5d9a</load_address>
         <run_address>0x5d9a</run_address>
         <size>0x177</size>
         <input_file_ref idref="fl-38"/>
      </object_component>
      <object_component id="oc-d2">
         <name>.debug_info</name>
         <load_address>0x5f11</load_address>
         <run_address>0x5f11</run_address>
         <size>0x1b0</size>
         <input_file_ref idref="fl-39"/>
      </object_component>
      <object_component id="oc-65">
         <name>.debug_info</name>
         <load_address>0x60c1</load_address>
         <run_address>0x60c1</run_address>
         <size>0x1c8</size>
[...]
         <value>0xc288</value>
         <object_component_ref idref="oc-282"/>
      </symbol>
      <symbol id="sm-624">
         <name>__mspabi_mpyf</name>
         <value>0xb4e8</value>
         <object_component_ref idref="oc-287"/>
      </symbol>
      <symbol id="sm-63e">
         <name>__mspabi_fixfli</name>
         <value>0xbd94</value>
         <object_component_ref idref="oc-151"/>
      </symbol>
      <symbol id="sm-655">
         <name>__mspabi_fltuf</name>
         <value>0xc960</value>
         <object_component_ref idref="oc-292"/>
      </symbol>
      <symbol id="sm-658">
         <name>__TI_int45</name>
         <value>0xffda</value>
         <object_component_ref idref="oc-70"/>
      </symbol>
      <symbol id="sm-65b">
         <name>__TI_int46</name>
         <value>0xffdc</value>
         <object_component_ref idref="oc-71"/>
      </symbol>
      <symbol id="sm-65e">
         <name>__TI_int48</name>
         <value>0xffe0</value>
         <object_component_ref idref="oc-72"/>
      </symbol>
      <symbol id="sm-661">
         <name>__TI_int50</name>
         <value>0xffe4</value>
         <object_component_ref idref="oc-74"/>
      </symbol>
      <symbol id="sm-664">
         <name>__TI_int52</name>
         <value>0xffe8</value>
         <object_component_ref idref="oc-76"/>
      </symbol>
      <symbol id="sm-667">
         <name>__TI_int55</name>
         <value>0xffee</value>
         <object_component_ref idref="oc-79"/>
      </symbol>
      <symbol id="sm-66a">
         <name>__TI_int56</name>
         <value>0xfff0</value>
         <object_component_ref idref="oc-7a"/>
      </symbol>
      <symbol id="sm-66d">
         <name>__TI_int57</name>
         <value>0xfff2</value>
         <object_component_ref idref="oc-7b"/>
      </symbol>
      <symbol id="sm-670">
         <name>__TI_int58</name>
         <value>0xfff4</value>
         <object_component_ref idref="oc-7c"/>
      </symbol>
      <symbol id="sm-673">
         <name>__TI_int59</name>
         <value>0xfff6</value>
         <object_component_ref idref="oc-7d"/>
      </symbol>
      <symbol id="sm-676">
         <name>__TI_int60</name>
         <value>0xfff8</value>
         <object_component_ref idref="oc-7e"/>
      </symbol>
      <symbol id="sm-679">
         <name>__TI_int61</name>
         <value>0xfffa</value>
         <object_component_ref idref="oc-7f"/>
      </symbol>
      <symbol id="sm-67c">
         <name>__TI_int62</name>
         <value>0xfffc</value>
         <object_component_ref idref="oc-80"/>
      </symbol>
      <symbol id="sm-684">
         <name>__TI_ISR_TRAP</name>
         <value>0xcc26</value>
         <object_component_ref idref="oc-e0"/>
      </symbol>
      <symbol id="sm-694">
         <name>__mspabi_slll_9</name>
         <value>0xc5c2</value>
         <object_component_ref idref="oc-1c8"/>
      </symbol>
      <symbol id="sm-695">
         <name>__mspabi_slll_8</name>
         <value>0xc5c6</value>
         <object_component_ref idref="oc-1c8"/>
      </symbol>
      <symbol id="sm-696">
         <name>__mspabi_slll_7</name>
         <value>0xc5ca</value>
         <object_component_ref idref="oc-1c8"/>
      </symbol>
      <symbol id="sm-697">
         <name>__mspabi_slll_6</name>
         <value>0xc5ce</value>
         <object_component_ref idref="oc-1c8"/>
      </symbol>
      <symbol id="sm-698">
         <name>__mspabi_slll_5</name>
         <value>0xc5d2</value>
         <object_component_ref idref="oc-1c8"/>
      </symbol>
      <symbol id="sm-699">
         <name>__mspabi_slll_4</name>
         <value>0xc5d6</value>
         <object_component_ref idref="oc-1c8"/>
      </symbol>
      <symbol id="sm-69a">
         <name>__mspabi_slll_3</name>
         <value>0xc5da</value>
         <object_component_ref idref="oc-1c8"/>
      </symbol>
      <symbol id="sm-69b">
         <name>__mspabi_slll_2</name>
         <value>0xc5de</value>
         <object_component_ref idref="oc-1c8"/>
      </symbol>
      <symbol id="sm-69c">
         <name>__mspabi_slll_1</name>
         <value>0xc5e2</value>
         <object_component_ref idref="oc-1c8"/>
      </symbol>
      <symbol id="sm-69d">
         <name>__mspabi_slll</name>
         <value>0xcba8</value>
         <object_component_ref idref="oc-34c"/>
      </symbol>
      <symbol id="sm-69e">
         <name>__mspabi_slll_15</name>
         <value>0xc5aa</value>
         <object_component_ref idref="oc-1c8"/>
      </symbol>
      <symbol id="sm-69f">
         <name>__mspabi_slll_14</name>
         <value>0xc5ae</value>
         <object_component_ref idref="oc-1c8"/>
      </symbol>
      <symbol id="sm-6a0">
         <name>__mspabi_slll_13</name>
         <value>0xc5b2</value>
         <object_component_ref idref="oc-1c8"/>
      </symbol>
      <symbol id="sm-6a1">
         <name>__mspabi_slll_12</name>
         <value>0xc5b6</value>
         <object_component_ref idref="oc-1c8"/>
      </symbol>
      <symbol id="sm-6a2">
         <name>__mspabi_slll_11</name>
         <value>0xc5ba</value>
         <object_component_ref idref="oc-1c8"/>
      </symbol>
      <symbol id="sm-6a3">
         <name>__mspabi_slll_10</name>
         <value>0xc5be</value>
         <object_component_ref idref="oc-1c8"/>
      </symbol>
      <symbol id="sm-6b3">
         <name>__mspabi_srll_8</name>
         <value>0xc604</value>
         <object_component_ref idref="oc-33e"/>
      </symbol>
      <symbol id="sm-6b4">
         <name>__mspabi_srll_9</name>
         <value>0xc600</value>
         <object_component_ref idref="oc-33e"/>
      </symbol>
      <symbol id="sm-6b5">
         <name>__mspabi_srll_6</name>
         <value>0xc60c</value>
         <object_component_ref idref="oc-33e"/>
      </symbol>
      <symbol id="sm-6b6">
         <name>__mspabi_srll_7</name>
         <value>0xc608</value>
         <object_component_ref idref="oc-33e"/>
      </symbol>
      <symbol id="sm-6b7">
         <name>__mspabi_srll_4</name>
         <value>0xc614</value>
         <object_component_ref idref="oc-33e"/>
      </symbol>
      <symbol id="sm-6b8">
         <name>__mspabi_srll_5</name>
         <value>0xc610</value>
         <object_component_ref idref="oc-33e"/>
      </symbol>
      <symbol id="sm-6b9">
         <name>__mspabi_srll_2</name>
         <value>0xc61c</value>
         <object_component_ref idref="oc-33e"/>
      </symbol>
      <symbol id="sm-6ba">
         <name>__mspabi_srll_3</name>
         <value>0xc618</value>
         <object_component_ref idref="oc-33e"/>
      </symbol>
      <symbol id="sm-6bb">
         <name>__mspabi_srll_1</name>
         <value>0xc620</value>
         <object_component_ref idref="oc-33e"/>
      </symbol>
      <symbol id="sm-6bc">
         <name>__mspabi_srll_15</name>
         <value>0xc5e8</value>
         <object_component_ref idref="oc-33e"/>
      </symbol>
      <symbol id="sm-6bd">
         <name>__mspabi_srll_14</name>
         <value>0xc5ec</value>
         <object_component_ref idref="oc-33e"/>
      </symbol>
      <symbol id="sm-6be">
         <name>__mspabi_srll_13</name>
         <value>0xc5f0</value>
         <object_component_ref idref="oc-33e"/>
      </symbol>
      <symbol id="sm-6bf">
         <name>__mspabi_srll_12</name>
         <value>0xc5f4</value>
         <object_component_ref idref="oc-33e"/>
      </symbol>
      <symbol id="sm-6c0">
         <name>__mspabi_srll_11</name>
         <value>0xc5f8</value>
         <object_component_ref idref="oc-33e"/>
      </symbol>
      <symbol id="sm-6c1">
         <name>__mspabi_srll_10</name>
         <value>0xc5fc</value>
         <object_component_ref idref="oc-33e"/>
      </symbol>
      <symbol id="sm-6c2">
         <name>__mspabi_srll</name>
         <value>0xcbb8</value>
         <object_component_ref idref="oc-351"/>
      </symbol>
      <symbol id="sm-6e3">
         <name>__mspabi_mpyd</name>
         <value>0x90f4</value>
         <object_component_ref idref="oc-277"/>
      </symbol>
      <symbol id="sm-6f9">
         <name>__mspabi_mpyi_f5hw</name>
         <value>0xcadc</value>
         <object_component_ref idref="oc-365"/>
      </symbol>
      <symbol id="sm-71b">
         <name>__mspabi_mpyl_f5hw</name>
         <value>0xc9c8</value>
         <object_component_ref idref="oc-343"/>
      </symbol>
      <symbol id="sm-731">
         <name>_system_pre_init</name>
         <value>0xcc2c</value>
         <object_component_ref idref="oc-103"/>
      </symbol>
      <symbol id="sm-745">
         <name>__TI_renormd</name>
         <value>0xb59e</value>
         <object_component_ref idref="oc-35b"/>
      </symbol>
      <symbol id="sm-766">
         <name>sprintf</name>
         <value>0xc710</value>
         <object_component_ref idref="oc-1f7"/>
      </symbol>
      <symbol id="sm-77c">
         <name>_nop</name>
         <value>0xcc34</value>
         <object_component_ref idref="oc-22e"/>
      </symbol>
      <symbol id="sm-77d">
         <name>_lock</name>
         <value>0x1fd8</value>
         <object_component_ref idref="oc-179"/>
      </symbol>
      <symbol id="sm-77e">
         <name>_unlock</name>
         <value>0x1fdc</value>
         <object_component_ref idref="oc-182"/>
      </symbol>
      <symbol id="sm-946">
         <name>__TI_printfi</name>
         <value>0xa222</value>
         <object_component_ref idref="oc-2bb"/>
      </symbol>
      <symbol id="sm-958">
         <name>__mspabi_sral</name>
         <value>0xcb98</value>
         <object_component_ref idref="oc-356"/>
      </symbol>
      <symbol id="sm-959">
         <name>__mspabi_sral_15</name>
         <value>0xc56c</value>
         <object_component_ref idref="oc-2a4"/>
      </symbol>
      <symbol id="sm-95a">
         <name>__mspabi_sral_14</name>
         <value>0xc570</value>
         <object_component_ref idref="oc-2a4"/>
      </symbol>
      <symbol id="sm-95b">
         <name>__mspabi_sral_13</name>
         <value>0xc574</value>
         <object_component_ref idref="oc-2a4"/>
      </symbol>
      <symbol id="sm-95c">
         <name>__mspabi_sral_12</name>
         <value>0xc578</value>
         <object_component_ref idref="oc-2a4"/>
      </symbol>
      <symbol id="sm-95d">
         <name>__mspabi_sral_11</name>
         <value>0xc57c</value>
         <object_component_ref idref="oc-2a4"/>
      </symbol>
      <symbol id="sm-95e">
         <name>__mspabi_sral_10</name>
         <value>0xc580</value>
         <object_component_ref idref="oc-2a4"/>
      </symbol>
      <symbol id="sm-95f">
         <name>__mspabi_sral_8</name>
         <value>0xc588</value>
         <object_component_ref idref="oc-2a4"/>
      </symbol>
      <symbol id="sm-960">
         <name>__mspabi_sral_9</name>
         <value>0xc584</value>
         <object_component_ref idref="oc-2a4"/>
      </symbol>
      <symbol id="sm-961">
         <name>__mspabi_sral_6</name>
         <value>0xc590</value>
         <object_component_ref idref="oc-2a4"/>
      </symbol>
      <symbol id="sm-962">
         <name>__mspabi_sral_7</name>
         <value>0xc58c</value>
         <object_component_ref idref="oc-2a4"/>
      </symbol>
      <symbol id="sm-963">
         <name>__mspabi_sral_4</name>
         <value>0xc598</value>
         <object_component_ref idref="oc-2a4"/>
      </symbol>
      <symbol id="sm-964">
         <name>__mspabi_sral_5</name>
         <value>0xc594</value>
         <object_component_ref idref="oc-2a4"/>
      </symbol>
      <symbol id="sm-965">
         <name>__mspabi_sral_2</name>
         <value>0xc5a0</value>
         <object_component_ref idref="oc-2a4"/>
      </symbol>
      <symbol id="sm-966">
         <name>__mspabi_sral_3</name>
         <value>0xc59c</value>
         <object_component_ref idref="oc-2a4"/>
      </symbol>
      <symbol id="sm-967">
         <name>__mspabi_sral_1</name>
         <value>0xc5a4</value>
         <object_component_ref idref="oc-2a4"/>
      </symbol>
      <symbol id="sm-97a">
         <name>atoi</name>
         <value>0xc19c</value>
         <object_component_ref idref="oc-380"/>
      </symbol>
      <symbol id="sm-995">
         <name>_auto_init_hold_wdt</name>
         <value>0xbd14</value>
         <object_component_ref idref="oc-109"/>
      </symbol>
      <symbol id="sm-9af">
         <name>__mspabi_cmpd</name>
         <value>0xb266</value>
         <object_component_ref idref="oc-3f3"/>
      </symbol>
      <symbol id="sm-9b9">
         <name>_ctypes_</name>
         <value>0xcc36</value>
         <object_component_ref idref="oc-3b7"/>
      </symbol>
      <symbol id="sm-9c8">
         <name>__mspabi_remul</name>
         <value>0xc0f2</value>
         <object_component_ref idref="oc-454"/>
      </symbol>
      <symbol id="sm-9c9">
         <name>__mspabi_divul</name>
         <value>0xc0f2</value>
         <object_component_ref idref="oc-454"/>
      </symbol>
      <symbol id="sm-9fb">
         <name>__mspabi_divull</name>
         <value>0x8452</value>
         <object_component_ref idref="oc-459"/>
      </symbol>
      <symbol id="sm-a08">
         <name>__mspabi_fixdi</name>
         <value>0xc938</value>
         <object_component_ref idref="oc-474"/>
      </symbol>
      <symbol id="sm-a17">
         <name>__mspabi_fixdli</name>
         <value>0xbf74</value>
         <object_component_ref idref="oc-47a"/>
      </symbol>
      <symbol id="sm-a20">
         <name>__mspabi_fltid</name>
         <value>0xcbe4</value>
         <object_component_ref idref="oc-49f"/>
      </symbol>
      <symbol id="sm-a38">
         <name>__mspabi_fltlid</name>
         <value>0xb8b6</value>
         <object_component_ref idref="oc-468"/>
      </symbol>
      <symbol id="sm-a49">
         <name>__TI_frcmpyd</name>
         <value>0x8b3a</value>
         <object_component_ref idref="oc-2df"/>
      </symbol>
      <symbol id="sm-a55">
         <name>frexp</name>
         <value>0xc4ae</value>
         <object_component_ref idref="oc-437"/>
      </symbol>
      <symbol id="sm-a65">
         <name>ldexp</name>
         <value>0xbc92</value>
         <object_component_ref idref="oc-48d"/>
      </symbol>
      <symbol id="sm-a72">
         <name>__mspabi_sllll</name>
         <value>0xc69c</value>
         <object_component_ref idref="oc-4a9"/>
      </symbol>
      <symbol id="sm-a7f">
         <name>__mspabi_srlll</name>
         <value>0xc6d6</value>
         <object_component_ref idref="oc-449"/>
      </symbol>
      <symbol id="sm-a93">
         <name>ltoa</name>
         <value>0xbe12</value>
         <object_component_ref idref="oc-462"/>
      </symbol>
      <symbol id="sm-aa2">
         <name>memccpy</name>
         <value>0xca7a</value>
         <object_component_ref idref="oc-394"/>
      </symbol>
      <symbol id="sm-ab0">
         <name>memcpy</name>
         <value>0xcb76</value>
         <object_component_ref idref="oc-303"/>
      </symbol>
      <symbol id="sm-abe">
         <name>memset</name>
         <value>0xcb06</value>
         <object_component_ref idref="oc-37a"/>
      </symbol>
      <symbol id="sm-ac7">
         <name>__mspabi_negd</name>
         <value>0xc90e</value>
         <object_component_ref idref="oc-3d5"/>
      </symbol>
      <symbol id="sm-ad6">
         <name>strchr</name>
         <value>0xca94</value>
         <object_component_ref idref="oc-4db"/>
      </symbol>
      <symbol id="sm-ae3">
         <name>strlen</name>
         <value>0xcbd6</value>
         <object_component_ref idref="oc-30b"/>
      </symbol>
      <symbol id="sm-aec">
         <name>__mspabi_subd</name>
         <value>0xc8b4</value>
         <object_component_ref idref="oc-46e"/>
      </symbol>
      <symbol id="sm-af9">
         <name>toupper</name>
         <value>0xcbfc</value>
         <object_component_ref idref="oc-3c9"/>
      </symbol>
      <symbol id="sm-b07">
         <name>_Dclass</name>
         <value>0xc1ee</value>
         <object_component_ref idref="oc-3cf"/>
      </symbol>
      <symbol id="sm-b2a">
         <name>_Dscale</name>
         <value>0xa594</value>
         <object_component_ref idref="oc-4cd"/>
      </symbol>
      <symbol id="sm-b3c">
         <name>_Dunscale</name>
         <value>0xbf02</value>
         <object_component_ref idref="oc-485"/>
      </symbol>
      <symbol id="sm-b48">
         <name>_Feraise</name>
         <value>0xc820</value>
         <object_component_ref idref="oc-4d3"/>
      </symbol>
      <symbol id="sm-b4f">
         <name>_Rteps</name>
         <value>0x1f7a</value>
         <object_component_ref idref="oc-4fb"/>
      </symbol>
      <symbol id="sm-b50">
         <name>_Zero</name>
         <value>0x1f92</value>
         <object_component_ref idref="oc-4fb"/>
      </symbol>
      <symbol id="sm-b51">
         <name>_Hugeval</name>
         <value>0x1f3a</value>
         <object_component_ref idref="oc-4fb"/>
      </symbol>
      <symbol id="sm-b52">
         <name>_Snan</name>
         <value>0x1f6a</value>
         <object_component_ref idref="oc-4fb"/>
      </symbol>
      <symbol id="sm-b53">
         <name>_Nan</name>
         <value>0x1f5a</value>
         <object_component_ref idref="oc-4fb"/>
      </symbol>
      <symbol id="sm-b54">
         <name>_Inf</name>
         <value>0x1f4a</value>
         <object_component_ref idref="oc-4fb"/>
      </symbol>
      <symbol id="sm-b55">
         <name>_Xbig</name>
         <value>0x1f8a</value>
         <object_component_ref idref="oc-4fb"/>
      </symbol>
      <symbol id="sm-b56">
         <name>_Eps</name>
         <value>0x1f2a</value>
         <object_component_ref idref="oc-4fb"/>
      </symbol>
      <symbol id="sm-b57">
         <name>_Denorm</name>
         <value>0x1f1a</value>
         <object_component_ref idref="oc-4fb"/>
      </symbol>
      <symbol id="sm-b61">
         <name>abs</name>
         <value>0xcc08</value>
         <object_component_ref idref="oc-4b6"/>
      </symbol>
      <symbol id="sm-b6e">
         <name>__mspabi_remli</name>
         <value>0xc4ee</value>
         <object_component_ref idref="oc-4b1"/>
      </symbol>
      <symbol id="sm-b6f">
         <name>__mspabi_divli</name>
         <value>0xc4ee</value>
         <object_component_ref idref="oc-4b1"/>
      </symbol>
      <symbol id="sm-b76">
         <name>_Errno</name>
         <value>0x1fe0</value>
         <object_component_ref idref="oc-506"/>
      </symbol>
      <symbol id="sm-b8e">
         <name>feraiseexcept</name>
         <value>0xc884</value>
         <object_component_ref idref="oc-500"/>
      </symbol>
      <symbol id="sm-b8f">
         <name>_Tls_setup__Fenv</name>
         <value>0x1fd4</value>
         <object_component_ref idref="oc-51b"/>
      </symbol>
      <symbol id="sm-b90">
         <name>_Fenv</name>
         <value>0x1fd0</value>
         <object_component_ref idref="oc-51b"/>
      </symbol>
      <symbol id="sm-b99">
         <name>__mspabi_slli</name>
         <value>0xcc12</value>
         <object_component_ref idref="oc-4f6"/>
      </symbol>
      <symbol id="sm-ba2">
         <name>__mspabi_srli</name>
         <value>0xcc1c</value>
         <object_component_ref idref="oc-4f1"/>
      </symbol>
      <symbol id="sm-bb6">
         <name>raise</name>
         <value>0xc852</value>
         <object_component_ref idref="oc-51e"/>
      </symbol>
      <symbol id="sm-bcb">
         <name>signal</name>
         <value>0xc7ea</value>
         <object_component_ref idref="oc-531"/>
      </symbol>
      <symbol id="sm-bde">
         <name>_Dnorm</name>
         <value>0xaf82</value>
         <object_component_ref idref="oc-4c3"/>
      </symbol>
      <symbol id="sm-be0">
         <name>__TI_INITARRAY_Base</name>
         <value>0x0</value>
      </symbol>
      <symbol id="sm-be1">
         <name>__TI_INITARRAY_Limit</name>
         <value>0x0</value>
      </symbol>
   </symbol_table>
   <title>Link successful</title>
</link_info>
